Archive member included because of file (symbol)

D:\LPCXpresso_7.7.2_379\workspace\uCXpresso.NRF\lib\libuCXpresso.NRF.a(cr_cpp_config.o)
                              ./src/RssiFilter.o (operator delete(void*))
D:\LPCXpresso_7.7.2_379\workspace\uCXpresso.NRF\lib\libuCXpresso.NRF.a(cr_startup_nrf51822.o)
                              (ResetISR)
D:\LPCXpresso_7.7.2_379\workspace\uCXpresso.NRF\lib\libuCXpresso.NRF.a(pool_malloc.o)
                              ./src/setup.o (pool_memadd)
D:\LPCXpresso_7.7.2_379\workspace\uCXpresso.NRF\lib\libuCXpresso.NRF.a(system_nrf51.o)
                              D:\LPCXpresso_7.7.2_379\workspace\uCXpresso.NRF\lib\libuCXpresso.NRF.a(cr_startup_nrf51822.o) (SystemInit)
D:\LPCXpresso_7.7.2_379\workspace\uCXpresso.NRF\lib\libuCXpresso.NRF.a(uCXpresso.o)
                              D:\LPCXpresso_7.7.2_379\workspace\uCXpresso.NRF\lib\libuCXpresso.NRF.a(cr_startup_nrf51822.o) (ucxpresso_setup)
D:\LPCXpresso_7.7.2_379\workspace\uCXpresso.NRF\lib\libuCXpresso.NRF.a(bootloader.o)
                              D:\LPCXpresso_7.7.2_379\workspace\uCXpresso.NRF\lib\libuCXpresso.NRF.a(uCXpresso.o) (interrupts_disable)
D:\LPCXpresso_7.7.2_379\workspace\uCXpresso.NRF\lib\libuCXpresso.NRF.a(bootloader_util_gcc.o)
                              D:\LPCXpresso_7.7.2_379\workspace\uCXpresso.NRF\lib\libuCXpresso.NRF.a(bootloader.o) (bootloader_util_app_start)
D:\LPCXpresso_7.7.2_379\workspace\uCXpresso.NRF\lib\libuCXpresso.NRF.a(dfu_dual_bank.o)
                              D:\LPCXpresso_7.7.2_379\workspace\uCXpresso.NRF\lib\libuCXpresso.NRF.a(bootloader.o) (dfu_init)
D:\LPCXpresso_7.7.2_379\workspace\uCXpresso.NRF\lib\libuCXpresso.NRF.a(dfu_transport_ble.o)
                              D:\LPCXpresso_7.7.2_379\workspace\uCXpresso.NRF\lib\libuCXpresso.NRF.a(bootloader.o) (dfu_transport_update_start)
D:\LPCXpresso_7.7.2_379\workspace\uCXpresso.NRF\lib\libuCXpresso.NRF.a(ble_dfu.o)
                              D:\LPCXpresso_7.7.2_379\workspace\uCXpresso.NRF\lib\libuCXpresso.NRF.a(dfu_transport_ble.o) (ble_dfu_init)
D:\LPCXpresso_7.7.2_379\workspace\uCXpresso.NRF\lib\libuCXpresso.NRF.a(ble_advdata.o)
                              D:\LPCXpresso_7.7.2_379\workspace\uCXpresso.NRF\lib\libuCXpresso.NRF.a(dfu_transport_ble.o) (ble_advdata_set)
D:\LPCXpresso_7.7.2_379\workspace\uCXpresso.NRF\lib\libuCXpresso.NRF.a(ble_conn_params.o)
                              D:\LPCXpresso_7.7.2_379\workspace\uCXpresso.NRF\lib\libuCXpresso.NRF.a(dfu_transport_ble.o) (ble_conn_params_init)
D:\LPCXpresso_7.7.2_379\workspace\uCXpresso.NRF\lib\libuCXpresso.NRF.a(app_scheduler.o)
                              D:\LPCXpresso_7.7.2_379\workspace\uCXpresso.NRF\lib\libuCXpresso.NRF.a(bootloader.o) (app_sched_execute)
D:\LPCXpresso_7.7.2_379\workspace\uCXpresso.NRF\lib\libuCXpresso.NRF.a(crc16.o)
                              D:\LPCXpresso_7.7.2_379\workspace\uCXpresso.NRF\lib\libuCXpresso.NRF.a(bootloader.o) (crc16_compute)
D:\LPCXpresso_7.7.2_379\workspace\uCXpresso.NRF\lib\libuCXpresso.NRF.a(pstorage.o)
                              D:\LPCXpresso_7.7.2_379\workspace\uCXpresso.NRF\lib\libuCXpresso.NRF.a(bootloader.o) (pstorage_init)
D:\LPCXpresso_7.7.2_379\workspace\uCXpresso.NRF\lib\libuCXpresso.NRF.a(tasks.o)
                              D:\LPCXpresso_7.7.2_379\workspace\uCXpresso.NRF\lib\libuCXpresso.NRF.a(uCXpresso.o) (xTaskGenericCreate)
D:\LPCXpresso_7.7.2_379\workspace\uCXpresso.NRF\lib\libuCXpresso.NRF.a(memory.o)
                              D:\LPCXpresso_7.7.2_379\workspace\uCXpresso.NRF\lib\libuCXpresso.NRF.a(cr_cpp_config.o) (xMalloc)
D:\LPCXpresso_7.7.2_379\workspace\uCXpresso.NRF\lib\libuCXpresso.NRF.a(port.o)
                              D:\LPCXpresso_7.7.2_379\workspace\uCXpresso.NRF\lib\libuCXpresso.NRF.a(tasks.o) (pxPortInitialiseStack)
D:\LPCXpresso_7.7.2_379\workspace\uCXpresso.NRF\lib\libuCXpresso.NRF.a(ble_advertising.o)
                              ./src/main.o (bleAdvertising::interval(float))
D:\LPCXpresso_7.7.2_379\workspace\uCXpresso.NRF\lib\libuCXpresso.NRF.a(ble_conn_params.o)
                              ./src/main.o (bleConnParams::bleConnParams(bleDevice&, ble_gap_conn_params_t const*, unsigned short, unsigned short, unsigned short, bool, unsigned short))
D:\LPCXpresso_7.7.2_379\workspace\uCXpresso.NRF\lib\libuCXpresso.NRF.a(ble_device.o)
                              D:\LPCXpresso_7.7.2_379\workspace\uCXpresso.NRF\lib\libuCXpresso.NRF.a(bootloader.o) (app_error_handler)
D:\LPCXpresso_7.7.2_379\workspace\uCXpresso.NRF\lib\libuCXpresso.NRF.a(ble_device_manager.o)
                              D:\LPCXpresso_7.7.2_379\workspace\uCXpresso.NRF\lib\libuCXpresso.NRF.a(ble_advertising.o) (bleDeviceManager::whitelist_create(ble_gap_whitelist_t*))
D:\LPCXpresso_7.7.2_379\workspace\uCXpresso.NRF\lib\libuCXpresso.NRF.a(ble_gap.o)
                              ./src/main.o (bleGAP::settings(char const*, float, float, unsigned short, unsigned short))
[...]
Memory Configuration

Name             Origin             Length             Attributes
FLASH            0x00016000         0x00025000         xr
RAM              0x20002000         0x00002000         xrw
*default*        0x00000000         0xffffffff

Linker script and memory map

LOAD ./src/RssiFilter.o
LOAD ./src/at_command.o
LOAD ./src/main.o
LOAD ./src/setup.o
LOAD D:\LPCXpresso_7.7.2_379\workspace\uCXpresso.NRF\lib\libuCXpresso.NRF.a
START GROUP
LOAD c:/nxp/lpcxpresso_7.7.2_379/lpcxpresso/tools/bin/../lib/gcc/arm-none-eabi/4.9.3/armv6-m\libgcc.a
LOAD c:/nxp/lpcxpresso_7.7.2_379/lpcxpresso/tools/bin/../lib/gcc/arm-none-eabi/4.9.3/../../../../arm-none-eabi/lib/armv6-m\libc.a
LOAD c:/nxp/lpcxpresso_7.7.2_379/lpcxpresso/tools/bin/../lib/gcc/arm-none-eabi/4.9.3/../../../../arm-none-eabi/lib/armv6-m\libstdc++.a
LOAD c:/nxp/lpcxpresso_7.7.2_379/lpcxpresso/tools/bin/../lib/gcc/arm-none-eabi/4.9.3/../../../../arm-none-eabi/lib/armv6-m\libm.a
LOAD c:/nxp/lpcxpresso_7.7.2_379/lpcxpresso/tools/bin/../lib/gcc/arm-none-eabi/4.9.3/armv6-m\crti.o
LOAD c:/nxp/lpcxpresso_7.7.2_379/lpcxpresso/tools/bin/../lib/gcc/arm-none-eabi/4.9.3/armv6-m\crtn.o
LOAD c:/nxp/lpcxpresso_7.7.2_379/lpcxpresso/tools/bin/../lib/gcc/arm-none-eabi/4.9.3/armv6-m\crtbegin.o
LOAD c:/nxp/lpcxpresso_7.7.2_379/lpcxpresso/tools/bin/../lib/gcc/arm-none-eabi/4.9.3/armv6-m\crtend.o
END GROUP
                0x0003b000                __top_FLASH = 0x3b000
                0x20004000                __top_RAM = 0x20004000

.text           0x00016000     0xb2c8
 FILL mask 0xff
                0x00016000                __vectors_start__ = ABSOLUTE (.)
 *(.isr_vector)
 .isr_vector    0x00016000       0xc0 D:\LPCXpresso_7.7.2_379\workspace\uCXpresso.NRF\lib\libuCXpresso.NRF.a(cr_startup_nrf51822.o)
                0x00016000                g_pfnVectors
                0x000160c0                . = ALIGN (0x4)
                0x000160c0                __section_table_start = .
                0x000160c0                __data_section_table = .
                0x000160c0        0x4 LONG 0x212c8 LOADADDR (.data)
                0x000160c4        0x4 LONG 0x20002000 ADDR (.data)
                0x000160c8        0x4 LONG 0x28 SIZEOF (.data)
                0x000160cc                __data_section_table_end = .
                0x000160cc                __bss_section_table = .
                0x000160cc        0x4 LONG 0x20002028 ADDR (.bss)
                0x000160d0        0x4 LONG 0x1ba0 SIZEOF (.bss)
                0x000160d4                __bss_section_table_end = .
                0x000160d4                __section_table_end = .
 *(.after_vectors*)
 .after_vectors
                0x000160d4       0x88 D:\LPCXpresso_7.7.2_379\workspace\uCXpresso.NRF\lib\libuCXpresso.NRF.a(cr_startup_nrf51822.o)
                0x000160d4                NMI_Handler
                0x000160d6                HardFault_Handler
                0x000160d8                SVC_Handler
                0x000160da                GPIOTE_IRQHandler
                0x000160da                RTC0_IRQHandler
                0x000160da                SPI0_TWI0_IRQHandler
                0x000160da                POWER_CLOCK_IRQHandler
                0x000160da                RADIO_IRQHandler
                0x000160da                LPCOMP_IRQHandler
                0x000160da                SWI4_IRQHandler
                0x000160da                TEMP_IRQHandler
                0x000160da                QDEC_IRQHandler
                0x000160da                IntDefaultHandler
                0x000160da                SWI5_IRQHandler
                0x000160da                TIMER0_IRQHandler
                0x000160da                SWI0_IRQHandler
                0x000160da                TIMER1_IRQHandler
                0x000160da                ECB_IRQHandler
                0x000160da                ADC_IRQHandler
                0x000160da                SPI1_TWI1_IRQHandler
                0x000160da                SWI3_IRQHandler
                0x000160da                RNG_IRQHandler
                0x000160da                CCM_AAR_IRQHandler
                0x000160da                WDT_IRQHandler
                0x000160da                TIMER2_IRQHandler
                0x000160da                SWI1_IRQHandler
                0x000160dc                data_init(unsigned int, unsigned int, unsigned int)
                0x000160ee                bss_init(unsigned int, unsigned int)
                0x000160fe                ResetISR
 *(.text*)
 .text._ZN11CRssiFilterD2Ev
                0x0001615c        0x2 ./src/RssiFilter.o
                0x0001615c                CRssiFilter::~CRssiFilter()
                0x0001615c                CRssiFilter::~CRssiFilter()
 .text._ZN11CRssiFilterD0Ev
                0x0001615e        0xc ./src/RssiFilter.o
                0x0001615e                CRssiFilter::~CRssiFilter()
 *fill*         0x0001616a        0x2 
 .text._ZN11CRssiFilterC2Ev
                0x0001616c       0x1c ./src/RssiFilter.o
                0x0001616c                CRssiFilter::CRssiFilter()
                0x0001616c                CRssiFilter::CRssiFilter()
 .text._ZN11CRssiFilter8SamplingEi
                0x00016188       0x34 ./src/RssiFilter.o
                0x00016188                CRssiFilter::Sampling(int)
 .text._ZN7CObject8isThreadEv
                0x000161bc        0x4 ./src/at_command.o
                0x000161bc                CObject::isThread()
 .text._ZN7CObject7isValidEv
                0x000161c0        0x4 ./src/at_command.o
                0x000161c0                CObject::isValid()
 .text._ZN9atCommandC2ER7CStream
                0x000161c4       0x28 ./src/at_command.o
                0x000161c4                atCommand::atCommand(CStream&)
                0x000161c4                atCommand::atCommand(CStream&)
 .text._ZN9atCommandD2Ev
                0x000161ec       0x1c ./src/at_command.o
                0x000161ec                atCommand::~atCommand()
                0x000161ec                atCommand::~atCommand()
 .text._ZN9atCommandD0Ev
                0x00016208       0x12 ./src/at_command.o
                0x00016208                atCommand::~atCommand()
 .text._ZN9atCommand5parseEv
                0x0001621a       0x70 ./src/at_command.o
                0x0001621a                atCommand::parse()
 *fill*         0x0001628a        0x2 
 .text._ZN8CTimeoutD2Ev
                0x0001628c       0x14 ./src/main.o
                0x0001628c                CTimeout::~CTimeout()
                0x0001628c                CTimeout::~CTimeout()
 .text._ZN4CPinaSE11PIN_LEVEL_T
                0x000162a0        0xa ./src/main.o
                0x000162a0                CPin::operator=(PIN_LEVEL_T)
 .text._ZN8CTimeout9isExpiredEm
                0x000162aa       0x12 ./src/main.o
                0x000162aa                CTimeout::isExpired(unsigned long)
 .text._ZN8CTimeoutD0Ev
                0x000162bc       0x12 ./src/main.o
                0x000162bc                CTimeout::~CTimeout()
 *fill*         0x000162ce        0x2 
 .text.startup._GLOBAL__sub_I_ble
                0x000162d0       0x58 ./src/main.o
 .text._Z17at_command_handleP7CStreamR7CString
                0x00016328      0x184 ./src/main.o
                0x00016328                at_command_handle(CStream*, CString&)
 .text.startup.main
                0x000164ac      0x338 ./src/main.o
                0x000164ac                main
 .text.sys_setup
                0x000167e4       0x28 ./src/setup.o
                0x000167e4                sys_setup
 .text.malloc   0x0001680c        0x8 D:\LPCXpresso_7.7.2_379\workspace\uCXpresso.NRF\lib\libuCXpresso.NRF.a(cr_cpp_config.o)
                0x0001680c                malloc
 .text.free     0x00016814        0x8 D:\LPCXpresso_7.7.2_379\workspace\uCXpresso.NRF\lib\libuCXpresso.NRF.a(cr_cpp_config.o)
                0x00016814                free
 .text._Znwj    0x0001681c        0x8 D:\LPCXpresso_7.7.2_379\workspace\uCXpresso.NRF\lib\libuCXpresso.NRF.a(cr_cpp_config.o)
                0x0001681c                operator new(unsigned int)
 .text._Znaj    0x00016824        0x8 D:\LPCXpresso_7.7.2_379\workspace\uCXpresso.NRF\lib\libuCXpresso.NRF.a(cr_cpp_config.o)
                0x00016824                operator new[](unsigned int)
 .text._ZdlPv   0x0001682c        0x8 D:\LPCXpresso_7.7.2_379\workspace\uCXpresso.NRF\lib\libuCXpresso.NRF.a(cr_cpp_config.o)
                0x0001682c                operator delete(void*)
 .text.__aeabi_atexit
                0x00016834        0x4 D:\LPCXpresso_7.7.2_379\workspace\uCXpresso.NRF\lib\libuCXpresso.NRF.a(cr_cpp_config.o)
                0x00016834                __aeabi_atexit
 .text.__cxa_pure_virtual
                0x00016838        0x2 D:\LPCXpresso_7.7.2_379\workspace\uCXpresso.NRF\lib\libuCXpresso.NRF.a(cr_cpp_config.o)
                0x00016838                __cxa_pure_virtual
 .text.block_combine_next.isra.0
                0x0001683a       0x24 D:\LPCXpresso_7.7.2_379\workspace\uCXpresso.NRF\lib\libuCXpresso.NRF.a(pool_malloc.o)
 .text.block_divide.isra.1
                0x0001685e       0x2c D:\LPCXpresso_7.7.2_379\workspace\uCXpresso.NRF\lib\libuCXpresso.NRF.a(pool_malloc.o)
 *fill*         0x0001688a        0x2 
 .text.pool_memadd
                0x0001688c       0x70 D:\LPCXpresso_7.7.2_379\workspace\uCXpresso.NRF\lib\libuCXpresso.NRF.a(pool_malloc.o)
                0x0001688c                pool_memadd
 .text.pool_chk_range
                0x000168fc       0x38 D:\LPCXpresso_7.7.2_379\workspace\uCXpresso.NRF\lib\libuCXpresso.NRF.a(pool_malloc.o)
                0x000168fc                pool_chk_range
 .text.BLOCK_CHECK
                0x00016934       0x78 D:\LPCXpresso_7.7.2_379\workspace\uCXpresso.NRF\lib\libuCXpresso.NRF.a(pool_malloc.o)
 .text.pool_malloc
                0x000169ac       0x6c D:\LPCXpresso_7.7.2_379\workspace\uCXpresso.NRF\lib\libuCXpresso.NRF.a(pool_malloc.o)
                0x000169ac                pool_malloc
 .text.pool_free
                0x00016a18       0x58 D:\LPCXpresso_7.7.2_379\workspace\uCXpresso.NRF\lib\libuCXpresso.NRF.a(pool_malloc.o)
                0x00016a18                pool_free
 .text.pool_memcpy
                0x00016a70       0x12 D:\LPCXpresso_7.7.2_379\workspace\uCXpresso.NRF\lib\libuCXpresso.NRF.a(pool_malloc.o)
                0x00016a70                pool_memcpy
 .text.pool_realloc
                0x00016a82       0x64 D:\LPCXpresso_7.7.2_379\workspace\uCXpresso.NRF\lib\libuCXpresso.NRF.a(pool_malloc.o)
                0x00016a82                pool_realloc
 .text.pool_memset
                0x00016ae6        0xc D:\LPCXpresso_7.7.2_379\workspace\uCXpresso.NRF\lib\libuCXpresso.NRF.a(pool_malloc.o)
                0x00016ae6                pool_memset
 .text.pool_memsize
                0x00016af2        0x8 D:\LPCXpresso_7.7.2_379\workspace\uCXpresso.NRF\lib\libuCXpresso.NRF.a(pool_malloc.o)
                0x00016af2                pool_memsize
 *fill*         0x00016afa        0x2 
 .text.pool_freesize
                0x00016afc       0x30 D:\LPCXpresso_7.7.2_379\workspace\uCXpresso.NRF\lib\libuCXpresso.NRF.a(pool_malloc.o)
                0x00016afc                pool_freesize
 .text.pool_free_tag
                0x00016b2c       0x78 D:\LPCXpresso_7.7.2_379\workspace\uCXpresso.NRF\lib\libuCXpresso.NRF.a(pool_malloc.o)
                0x00016b2c                pool_free_tag
 .text.SystemInit
                0x00016ba4       0x8c D:\LPCXpresso_7.7.2_379\workspace\uCXpresso.NRF\lib\libuCXpresso.NRF.a(system_nrf51.o)
                0x00016ba4                SystemInit
 .text.sd_softdevice_disable
                0x00016c30        0x4 D:\LPCXpresso_7.7.2_379\workspace\uCXpresso.NRF\lib\libuCXpresso.NRF.a(uCXpresso.o)
 .text.main_task
                0x00016c34        0xe D:\LPCXpresso_7.7.2_379\workspace\uCXpresso.NRF\lib\libuCXpresso.NRF.a(uCXpresso.o)
                0x00016c34                main_task
 *fill*         0x00016c42        0x2 
 .text.ucxpresso_setup
                0x00016c44       0x24 D:\LPCXpresso_7.7.2_379\workspace\uCXpresso.NRF\lib\libuCXpresso.NRF.a(uCXpresso.o)
                0x00016c44                ucxpresso_setup
 .text.system_reset
                0x00016c68       0x28 D:\LPCXpresso_7.7.2_379\workspace\uCXpresso.NRF\lib\libuCXpresso.NRF.a(uCXpresso.o)
                0x00016c68                system_reset
 .text.ucxpresso_main
                0x00016c90       0x40 D:\LPCXpresso_7.7.2_379\workspace\uCXpresso.NRF\lib\libuCXpresso.NRF.a(uCXpresso.o)
                0x00016c90                ucxpresso_main
 .text.sleep    0x00016cd0        0x8 D:\LPCXpresso_7.7.2_379\workspace\uCXpresso.NRF\lib\libuCXpresso.NRF.a(uCXpresso.o)
                0x00016cd0                sleep
 .text.isFromStack
                0x00016cd8       0x2e D:\LPCXpresso_7.7.2_379\workspace\uCXpresso.NRF\lib\libuCXpresso.NRF.a(uCXpresso.o)
                0x00016cd8                isFromStack
 *fill*         0x00016d06        0x2 
 .text.kernel_code_level
                0x00016d08       0x24 D:\LPCXpresso_7.7.2_379\workspace\uCXpresso.NRF\lib\libuCXpresso.NRF.a(uCXpresso.o)
                0x00016d08                kernel_code_level
 .text.interrupts_disable
                0x00016d2c       0x24 D:\LPCXpresso_7.7.2_379\workspace\uCXpresso.NRF\lib\libuCXpresso.NRF.a(bootloader.o)
                0x00016d2c                interrupts_disable
 .text.sd_ble_gap_adv_data_set
                0x00016d50        0x4 D:\LPCXpresso_7.7.2_379\workspace\uCXpresso.NRF\lib\libuCXpresso.NRF.a(ble_advdata.o)
 .text.sd_ble_gap_appearance_get
                0x00016d54        0x4 D:\LPCXpresso_7.7.2_379\workspace\uCXpresso.NRF\lib\libuCXpresso.NRF.a(ble_advdata.o)
 .text.sd_ble_gap_device_name_get
                0x00016d58        0x4 D:\LPCXpresso_7.7.2_379\workspace\uCXpresso.NRF\lib\libuCXpresso.NRF.a(ble_advdata.o)
 .text.sd_ble_uuid_encode
                0x00016d5c        0x4 D:\LPCXpresso_7.7.2_379\workspace\uCXpresso.NRF\lib\libuCXpresso.NRF.a(ble_advdata.o)
 .text.uuid_list_sized_encode
                0x00016d60       0xaa D:\LPCXpresso_7.7.2_379\workspace\uCXpresso.NRF\lib\libuCXpresso.NRF.a(ble_advdata.o)
 .text.uuid_list_encode
                0x00016e0a       0x26 D:\LPCXpresso_7.7.2_379\workspace\uCXpresso.NRF\lib\libuCXpresso.NRF.a(ble_advdata.o)
 .text.adv_data_encode
                0x00016e30      0x2fc D:\LPCXpresso_7.7.2_379\workspace\uCXpresso.NRF\lib\libuCXpresso.NRF.a(ble_advdata.o)
 .text.ble_advdata_set
                0x0001712c       0x70 D:\LPCXpresso_7.7.2_379\workspace\uCXpresso.NRF\lib\libuCXpresso.NRF.a(ble_advdata.o)
                0x0001712c                ble_advdata_set
 .text.sd_ble_gap_conn_param_update
                0x0001719c        0x4 D:\LPCXpresso_7.7.2_379\workspace\uCXpresso.NRF\lib\libuCXpresso.NRF.a(ble_conn_params.o)
 .text.sd_ble_gap_disconnect
                0x000171a0        0x4 D:\LPCXpresso_7.7.2_379\workspace\uCXpresso.NRF\lib\libuCXpresso.NRF.a(ble_conn_params.o)
 .text.sd_ble_gap_ppcp_set
                0x000171a4        0x4 D:\LPCXpresso_7.7.2_379\workspace\uCXpresso.NRF\lib\libuCXpresso.NRF.a(ble_conn_params.o)
 .text.sd_ble_gap_ppcp_get
                0x000171a8        0x4 D:\LPCXpresso_7.7.2_379\workspace\uCXpresso.NRF\lib\libuCXpresso.NRF.a(ble_conn_params.o)
 .text.conn_params_negotiation
                0x000171ac       0x6c D:\LPCXpresso_7.7.2_379\workspace\uCXpresso.NRF\lib\libuCXpresso.NRF.a(ble_conn_params.o)
 .text.cp_update_timeout_handler
                0x00017218       0x7c D:\LPCXpresso_7.7.2_379\workspace\uCXpresso.NRF\lib\libuCXpresso.NRF.a(ble_conn_params.o)
                0x00017218                cp_update_timeout_handler
 .text.ble_conn_params_init
                0x00017294       0x68 D:\LPCXpresso_7.7.2_379\workspace\uCXpresso.NRF\lib\libuCXpresso.NRF.a(ble_conn_params.o)
                0x00017294                ble_conn_params_init
 .text.ble_conn_params_stop
                0x000172fc        0xc D:\LPCXpresso_7.7.2_379\workspace\uCXpresso.NRF\lib\libuCXpresso.NRF.a(ble_conn_params.o)
                0x000172fc                ble_conn_params_stop
 .text.ble_conn_params_on_ble_evt
                0x00017308       0x98 D:\LPCXpresso_7.7.2_379\workspace\uCXpresso.NRF\lib\libuCXpresso.NRF.a(ble_conn_params.o)
                0x00017308                ble_conn_params_on_ble_evt
 .text.sd_flash_write
                0x000173a0        0x4 D:\LPCXpresso_7.7.2_379\workspace\uCXpresso.NRF\lib\libuCXpresso.NRF.a(pstorage.o)
 .text.sd_flash_page_erase
                0x000173a4        0x4 D:\LPCXpresso_7.7.2_379\workspace\uCXpresso.NRF\lib\libuCXpresso.NRF.a(pstorage.o)
 .text.app_notify
                0x000173a8       0x44 D:\LPCXpresso_7.7.2_379\workspace\uCXpresso.NRF\lib\libuCXpresso.NRF.a(pstorage.o)
 .text.swap_state_process
                0x000173ec      0x1a4 D:\LPCXpresso_7.7.2_379\workspace\uCXpresso.NRF\lib\libuCXpresso.NRF.a(pstorage.o)
 .text.cmd_process
                0x00017590      0x10c D:\LPCXpresso_7.7.2_379\workspace\uCXpresso.NRF\lib\libuCXpresso.NRF.a(pstorage.o)
 .text.cmd_queue_dequeue
                0x0001769c       0x20 D:\LPCXpresso_7.7.2_379\workspace\uCXpresso.NRF\lib\libuCXpresso.NRF.a(pstorage.o)
 .text.pstorage_sys_event_handler
                0x000176bc       0xec D:\LPCXpresso_7.7.2_379\workspace\uCXpresso.NRF\lib\libuCXpresso.NRF.a(pstorage.o)
                0x000176bc                pstorage_sys_event_handler
 .text.pstorage_init
                0x000177a8       0xa0 D:\LPCXpresso_7.7.2_379\workspace\uCXpresso.NRF\lib\libuCXpresso.NRF.a(pstorage.o)
                0x000177a8                pstorage_init
 .text.pstorage_access_status_get
                0x00017848       0x24 D:\LPCXpresso_7.7.2_379\workspace\uCXpresso.NRF\lib\libuCXpresso.NRF.a(pstorage.o)
                0x00017848                pstorage_access_status_get
 .text.prvGetExpectedIdleTime
                0x0001786c       0x30 D:\LPCXpresso_7.7.2_379\workspace\uCXpresso.NRF\lib\libuCXpresso.NRF.a(tasks.o)
 .text.prvListTaskWithinSingleList
                0x0001789c       0x8c D:\LPCXpresso_7.7.2_379\workspace\uCXpresso.NRF\lib\libuCXpresso.NRF.a(tasks.o)
 .text.prvResetNextTaskUnblockTime
                0x00017928       0x28 D:\LPCXpresso_7.7.2_379\workspace\uCXpresso.NRF\lib\libuCXpresso.NRF.a(tasks.o)
 .text.prvAddCurrentTaskToDelayedList
                0x00017950       0x4c D:\LPCXpresso_7.7.2_379\workspace\uCXpresso.NRF\lib\libuCXpresso.NRF.a(tasks.o)
 .text.xTaskGenericCreate
                0x0001799c      0x1ac D:\LPCXpresso_7.7.2_379\workspace\uCXpresso.NRF\lib\libuCXpresso.NRF.a(tasks.o)
                0x0001799c                xTaskGenericCreate
 .text.vTaskDelete
                0x00017b48       0x7c D:\LPCXpresso_7.7.2_379\workspace\uCXpresso.NRF\lib\libuCXpresso.NRF.a(tasks.o)
                0x00017b48                vTaskDelete
 .text.uxTaskPriorityGet
                0x00017bc4       0x20 D:\LPCXpresso_7.7.2_379\workspace\uCXpresso.NRF\lib\libuCXpresso.NRF.a(tasks.o)
                0x00017bc4                uxTaskPriorityGet
 .text.vTaskPrioritySet
                0x00017be4       0xa4 D:\LPCXpresso_7.7.2_379\workspace\uCXpresso.NRF\lib\libuCXpresso.NRF.a(tasks.o)
                0x00017be4                vTaskPrioritySet
 .text.prvTaskIsTaskSuspended
                0x00017c88       0x24 D:\LPCXpresso_7.7.2_379\workspace\uCXpresso.NRF\lib\libuCXpresso.NRF.a(tasks.o)
                0x00017c88                prvTaskIsTaskSuspended
 .text.vTaskResume
                0x00017cac       0x60 D:\LPCXpresso_7.7.2_379\workspace\uCXpresso.NRF\lib\libuCXpresso.NRF.a(tasks.o)
                0x00017cac                vTaskResume
 .text.vTaskStartScheduler
                0x00017d0c       0x3c D:\LPCXpresso_7.7.2_379\workspace\uCXpresso.NRF\lib\libuCXpresso.NRF.a(tasks.o)
                0x00017d0c                vTaskStartScheduler
 .text.vTaskSuspendAll
                0x00017d48       0x10 D:\LPCXpresso_7.7.2_379\workspace\uCXpresso.NRF\lib\libuCXpresso.NRF.a(tasks.o)
                0x00017d48                vTaskSuspendAll
 .text.xTaskGetTickCount
                0x00017d58       0x18 D:\LPCXpresso_7.7.2_379\workspace\uCXpresso.NRF\lib\libuCXpresso.NRF.a(tasks.o)
                0x00017d58                xTaskGetTickCount
 .text.uxTaskGetNumberOfTasks
                0x00017d70        0xc D:\LPCXpresso_7.7.2_379\workspace\uCXpresso.NRF\lib\libuCXpresso.NRF.a(tasks.o)
                0x00017d70                uxTaskGetNumberOfTasks
 .text.vTaskStepTick
                0x00017d7c       0x10 D:\LPCXpresso_7.7.2_379\workspace\uCXpresso.NRF\lib\libuCXpresso.NRF.a(tasks.o)
                0x00017d7c                vTaskStepTick
 .text.xTaskIncrementTick
                0x00017d8c      0x108 D:\LPCXpresso_7.7.2_379\workspace\uCXpresso.NRF\lib\libuCXpresso.NRF.a(tasks.o)
                0x00017d8c                xTaskIncrementTick
 .text.xTaskResumeAll
                0x00017e94       0xc4 D:\LPCXpresso_7.7.2_379\workspace\uCXpresso.NRF\lib\libuCXpresso.NRF.a(tasks.o)
                0x00017e94                xTaskResumeAll
 .text.vTaskDelayUntil
                0x00017f58       0x58 D:\LPCXpresso_7.7.2_379\workspace\uCXpresso.NRF\lib\libuCXpresso.NRF.a(tasks.o)
                0x00017f58                vTaskDelayUntil
 .text.vTaskDelay
                0x00017fb0       0x38 D:\LPCXpresso_7.7.2_379\workspace\uCXpresso.NRF\lib\libuCXpresso.NRF.a(tasks.o)
                0x00017fb0                vTaskDelay
 .text.prvIdleTask
                0x00017fe8       0x88 D:\LPCXpresso_7.7.2_379\workspace\uCXpresso.NRF\lib\libuCXpresso.NRF.a(tasks.o)
 .text.uxTaskGetSystemState
                0x00018070       0x9c D:\LPCXpresso_7.7.2_379\workspace\uCXpresso.NRF\lib\libuCXpresso.NRF.a(tasks.o)
                0x00018070                uxTaskGetSystemState
 .text.vTaskSwitchContext
                0x0001810c       0x68 D:\LPCXpresso_7.7.2_379\workspace\uCXpresso.NRF\lib\libuCXpresso.NRF.a(tasks.o)
                0x0001810c                vTaskSwitchContext
 .text.vTaskSuspend
                0x00018174       0x80 D:\LPCXpresso_7.7.2_379\workspace\uCXpresso.NRF\lib\libuCXpresso.NRF.a(tasks.o)
                0x00018174                vTaskSuspend
 .text.vTaskPlaceOnEventList
                0x000181f4       0x40 D:\LPCXpresso_7.7.2_379\workspace\uCXpresso.NRF\lib\libuCXpresso.NRF.a(tasks.o)
                0x000181f4                vTaskPlaceOnEventList
 .text.xTaskRemoveFromEventList
                0x00018234       0x70 D:\LPCXpresso_7.7.2_379\workspace\uCXpresso.NRF\lib\libuCXpresso.NRF.a(tasks.o)
                0x00018234                xTaskRemoveFromEventList
 .text.vTaskSetTimeOutState
                0x000182a4       0x18 D:\LPCXpresso_7.7.2_379\workspace\uCXpresso.NRF\lib\libuCXpresso.NRF.a(tasks.o)
                0x000182a4                vTaskSetTimeOutState
 .text.xTaskCheckForTimeOut
                0x000182bc       0x50 D:\LPCXpresso_7.7.2_379\workspace\uCXpresso.NRF\lib\libuCXpresso.NRF.a(tasks.o)
                0x000182bc                xTaskCheckForTimeOut
 .text.vTaskMissedYield
                0x0001830c        0xc D:\LPCXpresso_7.7.2_379\workspace\uCXpresso.NRF\lib\libuCXpresso.NRF.a(tasks.o)
                0x0001830c                vTaskMissedYield
 .text.uxTaskGetTaskNumber
                0x00018318        0x8 D:\LPCXpresso_7.7.2_379\workspace\uCXpresso.NRF\lib\libuCXpresso.NRF.a(tasks.o)
                0x00018318                uxTaskGetTaskNumber
 .text.eTaskConfirmSleepModeStatus
                0x00018320       0x38 D:\LPCXpresso_7.7.2_379\workspace\uCXpresso.NRF\lib\libuCXpresso.NRF.a(tasks.o)
                0x00018320                eTaskConfirmSleepModeStatus
 .text.xTaskGetCurrentTaskHandle
                0x00018358        0xc D:\LPCXpresso_7.7.2_379\workspace\uCXpresso.NRF\lib\libuCXpresso.NRF.a(tasks.o)
                0x00018358                xTaskGetCurrentTaskHandle
 .text.vTaskPriorityInherit
                0x00018364       0x6c D:\LPCXpresso_7.7.2_379\workspace\uCXpresso.NRF\lib\libuCXpresso.NRF.a(tasks.o)
                0x00018364                vTaskPriorityInherit
 .text.xTaskPriorityDisinherit
                0x000183d0       0x54 D:\LPCXpresso_7.7.2_379\workspace\uCXpresso.NRF\lib\libuCXpresso.NRF.a(tasks.o)
                0x000183d0                xTaskPriorityDisinherit
 .text.vTaskList
                0x00018424       0xb8 D:\LPCXpresso_7.7.2_379\workspace\uCXpresso.NRF\lib\libuCXpresso.NRF.a(tasks.o)
                0x00018424                vTaskList
 .text.pvTaskIncrementMutexHeldCount
                0x000184dc       0x18 D:\LPCXpresso_7.7.2_379\workspace\uCXpresso.NRF\lib\libuCXpresso.NRF.a(tasks.o)
                0x000184dc                pvTaskIncrementMutexHeldCount
 .text.xMalloc  0x000184f4       0x18 D:\LPCXpresso_7.7.2_379\workspace\uCXpresso.NRF\lib\libuCXpresso.NRF.a(memory.o)
                0x000184f4                xMalloc
 .text.xFree    0x0001850c       0x14 D:\LPCXpresso_7.7.2_379\workspace\uCXpresso.NRF\lib\libuCXpresso.NRF.a(memory.o)
                0x0001850c                xFree
 .text.xRealloc
                0x00018520       0x1c D:\LPCXpresso_7.7.2_379\workspace\uCXpresso.NRF\lib\libuCXpresso.NRF.a(memory.o)
                0x00018520                xRealloc
 .text.memcpy   0x0001853c       0x20 D:\LPCXpresso_7.7.2_379\workspace\uCXpresso.NRF\lib\libuCXpresso.NRF.a(memory.o)
                0x0001853c                memcpy
 .text.memset   0x0001855c       0x20 D:\LPCXpresso_7.7.2_379\workspace\uCXpresso.NRF\lib\libuCXpresso.NRF.a(memory.o)
                0x0001855c                memset
 .text.xGetPoolFreeSize
                0x0001857c       0x1e D:\LPCXpresso_7.7.2_379\workspace\uCXpresso.NRF\lib\libuCXpresso.NRF.a(memory.o)
                0x0001857c                xGetPoolFreeSize
 .text.xGarbageCollector
                0x0001859a       0x18 D:\LPCXpresso_7.7.2_379\workspace\uCXpresso.NRF\lib\libuCXpresso.NRF.a(memory.o)
                0x0001859a                xGarbageCollector
 .text.sd_app_evt_wait
                0x000185b2        0x4 D:\LPCXpresso_7.7.2_379\workspace\uCXpresso.NRF\lib\libuCXpresso.NRF.a(port.o)
 .text.prvTaskExitError
                0x000185b6        0x4 D:\LPCXpresso_7.7.2_379\workspace\uCXpresso.NRF\lib\libuCXpresso.NRF.a(port.o)
 *fill*         0x000185ba        0x2 
 .text.vPortStartFirstTask
                0x000185bc       0x20 D:\LPCXpresso_7.7.2_379\workspace\uCXpresso.NRF\lib\libuCXpresso.NRF.a(port.o)
 .text.pxPortInitialiseStack
                0x000185dc       0x20 D:\LPCXpresso_7.7.2_379\workspace\uCXpresso.NRF\lib\libuCXpresso.NRF.a(port.o)
                0x000185dc                pxPortInitialiseStack
 .text.xPortStartScheduler
                0x000185fc       0xac D:\LPCXpresso_7.7.2_379\workspace\uCXpresso.NRF\lib\libuCXpresso.NRF.a(port.o)
                0x000185fc                xPortStartScheduler
 .text.vPortYield
                0x000186a8       0x18 D:\LPCXpresso_7.7.2_379\workspace\uCXpresso.NRF\lib\libuCXpresso.NRF.a(port.o)
                0x000186a8                vPortYield
 .text.vPortEnterCritical
                0x000186c0       0x18 D:\LPCXpresso_7.7.2_379\workspace\uCXpresso.NRF\lib\libuCXpresso.NRF.a(port.o)
                0x000186c0                vPortEnterCritical
 .text.vPortExitCritical
                0x000186d8       0x14 D:\LPCXpresso_7.7.2_379\workspace\uCXpresso.NRF\lib\libuCXpresso.NRF.a(port.o)
                0x000186d8                vPortExitCritical
 .text.ulSetInterruptMaskFromISR
                0x000186ec        0xa D:\LPCXpresso_7.7.2_379\workspace\uCXpresso.NRF\lib\libuCXpresso.NRF.a(port.o)
                0x000186ec                ulSetInterruptMaskFromISR
 .text.vClearInterruptMaskFromISR
                0x000186f6        0x6 D:\LPCXpresso_7.7.2_379\workspace\uCXpresso.NRF\lib\libuCXpresso.NRF.a(port.o)
                0x000186f6                vClearInterruptMaskFromISR
 .text.xPortPendSVHandler
                0x000186fc       0x44 D:\LPCXpresso_7.7.2_379\workspace\uCXpresso.NRF\lib\libuCXpresso.NRF.a(port.o)
                0x000186fc                xPortPendSVHandler
 .text.on_sys_tick
                0x00018740        0x2 D:\LPCXpresso_7.7.2_379\workspace\uCXpresso.NRF\lib\libuCXpresso.NRF.a(port.o)
                0x00018740                on_sys_tick
 *fill*         0x00018742        0x2 
 .text.xPortSysTickHandler
                0x00018744       0x6c D:\LPCXpresso_7.7.2_379\workspace\uCXpresso.NRF\lib\libuCXpresso.NRF.a(port.o)
                0x00018744                xPortSysTickHandler
 .text.onPreTicklessSleep
                0x000187b0       0x28 D:\LPCXpresso_7.7.2_379\workspace\uCXpresso.NRF\lib\libuCXpresso.NRF.a(port.o)
                0x000187b0                onPreTicklessSleep
 .text.onPosTicklessSleep
                0x000187d8       0x4c D:\LPCXpresso_7.7.2_379\workspace\uCXpresso.NRF\lib\libuCXpresso.NRF.a(port.o)
                0x000187d8                onPosTicklessSleep
 .text.vPortSuppressTicksAndSleep
                0x00018824       0x5c D:\LPCXpresso_7.7.2_379\workspace\uCXpresso.NRF\lib\libuCXpresso.NRF.a(port.o)
                0x00018824                vPortSuppressTicksAndSleep
 .text.sd_ble_gap_adv_start
                0x00018880        0x4 D:\LPCXpresso_7.7.2_379\workspace\uCXpresso.NRF\lib\libuCXpresso.NRF.a(ble_advertising.o)
 .text.sd_ble_gap_adv_stop
                0x00018884        0x4 D:\LPCXpresso_7.7.2_379\workspace\uCXpresso.NRF\lib\libuCXpresso.NRF.a(ble_advertising.o)
 .text._ZN14bleAdvertising8isActiveEv
                0x00018888        0x8 D:\LPCXpresso_7.7.2_379\workspace\uCXpresso.NRF\lib\libuCXpresso.NRF.a(ble_advertising.o)
                0x00018888                bleAdvertising::isActive()
 .text._ZN14bleAdvertising4stopEv
                0x00018890       0x28 D:\LPCXpresso_7.7.2_379\workspace\uCXpresso.NRF\lib\libuCXpresso.NRF.a(ble_advertising.o)
                0x00018890                bleAdvertising::stop()
 .text._ZN7bleBaseD4Ev
                0x000188b8       0x40 D:\LPCXpresso_7.7.2_379\workspace\uCXpresso.NRF\lib\libuCXpresso.NRF.a(ble_advertising.o)
 .text._ZN7bleBaseD1Ev
                0x000188f8       0x1c D:\LPCXpresso_7.7.2_379\workspace\uCXpresso.NRF\lib\libuCXpresso.NRF.a(ble_advertising.o)
                0x000188f8                bleBase::~bleBase()
                0x00018904                virtual thunk to bleBase::~bleBase()
 .text._ZN7bleBaseD0Ev
                0x00018914       0x22 D:\LPCXpresso_7.7.2_379\workspace\uCXpresso.NRF\lib\libuCXpresso.NRF.a(ble_advertising.o)
                0x00018914                bleBase::~bleBase()
                0x00018926                virtual thunk to bleBase::~bleBase()
 .text._ZN7bleBaseD2Ev
                0x00018936        0xc D:\LPCXpresso_7.7.2_379\workspace\uCXpresso.NRF\lib\libuCXpresso.NRF.a(ble_advertising.o)
                0x00018936                bleBase::~bleBase()
 .text._ZN14bleAdvertising8intervalEf
                0x00018942        0x4 D:\LPCXpresso_7.7.2_379\workspace\uCXpresso.NRF\lib\libuCXpresso.NRF.a(ble_advertising.o)
                0x00018942                bleAdvertising::interval(float)
 .text._ZN14bleAdvertising19commpany_identifierEt
                0x00018946       0x26 D:\LPCXpresso_7.7.2_379\workspace\uCXpresso.NRF\lib\libuCXpresso.NRF.a(ble_advertising.o)
                0x00018946                bleAdvertising::commpany_identifier(unsigned short)
 .text._ZN14bleAdvertising6updateEh
                0x0001896c       0x6c D:\LPCXpresso_7.7.2_379\workspace\uCXpresso.NRF\lib\libuCXpresso.NRF.a(ble_advertising.o)
                0x0001896c                bleAdvertising::update(unsigned char)
 .text._ZN14bleAdvertising5startEv
                0x000189d8      0x188 D:\LPCXpresso_7.7.2_379\workspace\uCXpresso.NRF\lib\libuCXpresso.NRF.a(ble_advertising.o)
                0x000189d8                bleAdvertising::start()
 .text._ZN14bleAdvertising5resetEv
                0x00018b60       0x58 D:\LPCXpresso_7.7.2_379\workspace\uCXpresso.NRF\lib\libuCXpresso.NRF.a(ble_advertising.o)
                0x00018b60                bleAdvertising::reset()
 .text._ZN14bleAdvertisingC1Ev
                0x00018bb8       0x20 D:\LPCXpresso_7.7.2_379\workspace\uCXpresso.NRF\lib\libuCXpresso.NRF.a(ble_advertising.o)
                0x00018bb8                bleAdvertising::bleAdvertising()
 .text._ZN14bleAdvertising28is_memory_access_in_progressEv
                0x00018bd8        0x8 D:\LPCXpresso_7.7.2_379\workspace\uCXpresso.NRF\lib\libuCXpresso.NRF.a(ble_advertising.o)
                0x00018bd8                bleAdvertising::is_memory_access_in_progress()
 .text._ZN14bleAdvertisingD4Ev
                0x00018be0       0x5c D:\LPCXpresso_7.7.2_379\workspace\uCXpresso.NRF\lib\libuCXpresso.NRF.a(ble_advertising.o)
 .text._ZN14bleAdvertisingD1Ev
                0x00018c3c       0x1c D:\LPCXpresso_7.7.2_379\workspace\uCXpresso.NRF\lib\libuCXpresso.NRF.a(ble_advertising.o)
                0x00018c3c                bleAdvertising::~bleAdvertising()
                0x00018c48                virtual thunk to bleAdvertising::~bleAdvertising()
 .text._ZN14bleAdvertisingD0Ev
                0x00018c58       0x22 D:\LPCXpresso_7.7.2_379\workspace\uCXpresso.NRF\lib\libuCXpresso.NRF.a(ble_advertising.o)
                0x00018c58                bleAdvertising::~bleAdvertising()
                0x00018c6a                virtual thunk to bleAdvertising::~bleAdvertising()
 .text._ZN14bleAdvertisingD2Ev
                0x00018c7a        0xc D:\LPCXpresso_7.7.2_379\workspace\uCXpresso.NRF\lib\libuCXpresso.NRF.a(ble_advertising.o)
                0x00018c7a                bleAdvertising::~bleAdvertising()
 .text._ZN10bleService4uuidEv
                0x00018c86        0x4 D:\LPCXpresso_7.7.2_379\workspace\uCXpresso.NRF\lib\libuCXpresso.NRF.a(ble_conn_params.o)
                0x00018c86                bleService::uuid()
 .text._ZN10bleService9uuid_typeEv
                0x00018c8a        0x4 D:\LPCXpresso_7.7.2_379\workspace\uCXpresso.NRF\lib\libuCXpresso.NRF.a(ble_conn_params.o)
                0x00018c8a                bleService::uuid_type()
 .text._ZN13bleConnParams7onEventE14BLE_CP_EVENT_T
                0x00018c8e        0x2 D:\LPCXpresso_7.7.2_379\workspace\uCXpresso.NRF\lib\libuCXpresso.NRF.a(ble_conn_params.o)
                0x00018c8e                bleConnParams::onEvent(BLE_CP_EVENT_T)
 .text._ZN13bleConnParams4uuidEv
                0x00018c90        0x4 D:\LPCXpresso_7.7.2_379\workspace\uCXpresso.NRF\lib\libuCXpresso.NRF.a(ble_conn_params.o)
                0x00018c90                bleConnParams::uuid()
 .text.on_conn_params_evt
                0x00018c94       0x1c D:\LPCXpresso_7.7.2_379\workspace\uCXpresso.NRF\lib\libuCXpresso.NRF.a(ble_conn_params.o)
 .text.conn_params_error_handler
                0x00018cb0       0x10 D:\LPCXpresso_7.7.2_379\workspace\uCXpresso.NRF\lib\libuCXpresso.NRF.a(ble_conn_params.o)
 .text._ZN13bleConnParams12on_ble_eventEP9ble_evt_t
                0x00018cc0       0x18 D:\LPCXpresso_7.7.2_379\workspace\uCXpresso.NRF\lib\libuCXpresso.NRF.a(ble_conn_params.o)
                0x00018cc0                bleConnParams::on_ble_event(ble_evt_t*)
 .text._ZN13bleConnParamsC1ER9bleDevicePK21ble_gap_conn_params_ttttbt
                0x00018cd8       0xb8 D:\LPCXpresso_7.7.2_379\workspace\uCXpresso.NRF\lib\libuCXpresso.NRF.a(ble_conn_params.o)
                0x00018cd8                bleConnParams::bleConnParams(bleDevice&, ble_gap_conn_params_t const*, unsigned short, unsigned short, unsigned short, bool, unsigned short)
 .text._ZN13bleConnParamsD4Ev
                0x00018d90       0xa4 D:\LPCXpresso_7.7.2_379\workspace\uCXpresso.NRF\lib\libuCXpresso.NRF.a(ble_conn_params.o)
 .text._ZN13bleConnParamsD1Ev
                0x00018e34        0xc D:\LPCXpresso_7.7.2_379\workspace\uCXpresso.NRF\lib\libuCXpresso.NRF.a(ble_conn_params.o)
                0x00018e34                bleConnParams::~bleConnParams()
 .text._ZN13bleConnParamsD0Ev
                0x00018e40       0x12 D:\LPCXpresso_7.7.2_379\workspace\uCXpresso.NRF\lib\libuCXpresso.NRF.a(ble_conn_params.o)
                0x00018e40                bleConnParams::~bleConnParams()
 *fill*         0x00018e52        0x2 
 .text._ZN13bleConnParams9negotiateEv
                0x00018e54       0x2c D:\LPCXpresso_7.7.2_379\workspace\uCXpresso.NRF\lib\libuCXpresso.NRF.a(ble_conn_params.o)
                0x00018e54                bleConnParams::negotiate()
 .text.sd_ble_gap_disconnect
                0x00018e80        0x4 D:\LPCXpresso_7.7.2_379\workspace\uCXpresso.NRF\lib\libuCXpresso.NRF.a(ble_device.o)
 .text.sd_ble_enable
                0x00018e84        0x4 D:\LPCXpresso_7.7.2_379\workspace\uCXpresso.NRF\lib\libuCXpresso.NRF.a(ble_device.o)
 .text.sd_ble_version_get
                0x00018e88        0x4 D:\LPCXpresso_7.7.2_379\workspace\uCXpresso.NRF\lib\libuCXpresso.NRF.a(ble_device.o)
 .text.sd_softdevice_disable
                0x00018e8c        0x4 D:\LPCXpresso_7.7.2_379\workspace\uCXpresso.NRF\lib\libuCXpresso.NRF.a(ble_device.o)
 .text._ZN9bleDevice11isConnectedEv
                0x00018e90       0x14 D:\LPCXpresso_7.7.2_379\workspace\uCXpresso.NRF\lib\libuCXpresso.NRF.a(ble_device.o)
                0x00018e90                bleDevice::isConnected()
 .text._ZN9bleDevice11onConnectedEv
                0x00018ea4        0x6 D:\LPCXpresso_7.7.2_379\workspace\uCXpresso.NRF\lib\libuCXpresso.NRF.a(ble_device.o)
                0x00018ea4                bleDevice::onConnected()
 .text._ZN9bleDevice7onErrorEm
                0x00018eaa        0x2 D:\LPCXpresso_7.7.2_379\workspace\uCXpresso.NRF\lib\libuCXpresso.NRF.a(ble_device.o)
                0x00018eaa                bleDevice::onError(unsigned long)
 .text._ZN9bleDevice14onDisconnectedEv
                0x00018eac        0xa D:\LPCXpresso_7.7.2_379\workspace\uCXpresso.NRF\lib\libuCXpresso.NRF.a(ble_device.o)
                0x00018eac                bleDevice::onDisconnected()
 .text._ZN9bleDevice9onTimeoutEv
                0x00018eb6       0x1a D:\LPCXpresso_7.7.2_379\workspace\uCXpresso.NRF\lib\libuCXpresso.NRF.a(ble_device.o)
                0x00018eb6                bleDevice::onTimeout()
 .text.app_error_handler
                0x00018ed0       0x14 D:\LPCXpresso_7.7.2_379\workspace\uCXpresso.NRF\lib\libuCXpresso.NRF.a(ble_device.o)
                0x00018ed0                app_error_handler
 .text.assert_nrf_callback
                0x00018ee4       0x14 D:\LPCXpresso_7.7.2_379\workspace\uCXpresso.NRF\lib\libuCXpresso.NRF.a(ble_device.o)
                0x00018ee4                assert_nrf_callback
 .text._ZN9bleDevice4InitE14NRF_LFCLKSRC_T
                0x00018ef8       0x24 D:\LPCXpresso_7.7.2_379\workspace\uCXpresso.NRF\lib\libuCXpresso.NRF.a(ble_device.o)
                0x00018ef8                bleDevice::Init(NRF_LFCLKSRC_T)
 .text._ZN7bleBaseC2Ev
                0x00018f1c        0xe D:\LPCXpresso_7.7.2_379\workspace\uCXpresso.NRF\lib\libuCXpresso.NRF.a(ble_device.o)
                0x00018f1c                bleBase::bleBase()
 *fill*         0x00018f2a        0x2 
 .text._ZN7bleBaseC1Ev
                0x00018f2c       0x14 D:\LPCXpresso_7.7.2_379\workspace\uCXpresso.NRF\lib\libuCXpresso.NRF.a(ble_device.o)
                0x00018f2c                bleBase::bleBase()
 .text._ZN9bleDevice12on_sys_eventEm
                0x00018f40       0x26 D:\LPCXpresso_7.7.2_379\workspace\uCXpresso.NRF\lib\libuCXpresso.NRF.a(ble_device.o)
                0x00018f40                bleDevice::on_sys_event(unsigned long)
 *fill*         0x00018f66        0x2 
 .text.sys_evt_dispatch
                0x00018f68       0x14 D:\LPCXpresso_7.7.2_379\workspace\uCXpresso.NRF\lib\libuCXpresso.NRF.a(ble_device.o)
 .text._ZN9bleDevice9sdVersionERhRt
                0x00018f7c       0x1e D:\LPCXpresso_7.7.2_379\workspace\uCXpresso.NRF\lib\libuCXpresso.NRF.a(ble_device.o)
                0x00018f7c                bleDevice::sdVersion(unsigned char&, unsigned short&)
 *fill*         0x00018f9a        0x2 
 .text._ZN9bleDevice11informationEPKcS1_S1_S1_S1_S1_P16ble_dis_sys_id_tP16ble_dis_pnp_id_t
                0x00018f9c       0xb8 D:\LPCXpresso_7.7.2_379\workspace\uCXpresso.NRF\lib\libuCXpresso.NRF.a(ble_device.o)
                0x00018f9c                bleDevice::information(char const*, char const*, char const*, char const*, char const*, char const*, ble_dis_sys_id_t*, ble_dis_pnp_id_t*)
 .text._ZN9bleDevice6enableEv
                0x00019054       0x94 D:\LPCXpresso_7.7.2_379\workspace\uCXpresso.NRF\lib\libuCXpresso.NRF.a(ble_device.o)
                0x00019054                bleDevice::enable()
 .text._ZN6bleGAPD4Ev
                0x000190e8       0x54 D:\LPCXpresso_7.7.2_379\workspace\uCXpresso.NRF\lib\libuCXpresso.NRF.a(ble_device.o)
 .text._ZN6bleGAPD2Ev
                0x0001913c        0xc D:\LPCXpresso_7.7.2_379\workspace\uCXpresso.NRF\lib\libuCXpresso.NRF.a(ble_device.o)
                0x0001913c                bleGAP::~bleGAP()
 .text._ZN6bleGAPD1Ev
                0x00019148       0x1c D:\LPCXpresso_7.7.2_379\workspace\uCXpresso.NRF\lib\libuCXpresso.NRF.a(ble_device.o)
                0x00019148                bleGAP::~bleGAP()
                0x00019154                virtual thunk to bleGAP::~bleGAP()
 .text._ZN6bleGAPD0Ev
                0x00019164       0x2c D:\LPCXpresso_7.7.2_379\workspace\uCXpresso.NRF\lib\libuCXpresso.NRF.a(ble_device.o)
                0x00019164                bleGAP::~bleGAP()
                0x00019176                virtual thunk to bleGAP::~bleGAP()
 .text._ZN9bleDeviceC1Ev
                0x00019190       0x78 D:\LPCXpresso_7.7.2_379\workspace\uCXpresso.NRF\lib\libuCXpresso.NRF.a(ble_device.o)
                0x00019190                bleDevice::bleDevice()
 .text._ZN9bleDeviceD4Ev
                0x00019208       0x8c D:\LPCXpresso_7.7.2_379\workspace\uCXpresso.NRF\lib\libuCXpresso.NRF.a(ble_device.o)
 .text._ZN9bleDeviceD1Ev
                0x00019294        0xc D:\LPCXpresso_7.7.2_379\workspace\uCXpresso.NRF\lib\libuCXpresso.NRF.a(ble_device.o)
                0x00019294                bleDevice::~bleDevice()
 .text._ZN9bleDeviceD0Ev
                0x000192a0       0x12 D:\LPCXpresso_7.7.2_379\workspace\uCXpresso.NRF\lib\libuCXpresso.NRF.a(ble_device.o)
                0x000192a0                bleDevice::~bleDevice()
 *fill*         0x000192b2        0x2 
 .text._ZN9bleDevice11add_serviceEP10bleService
                0x000192b4       0x30 D:\LPCXpresso_7.7.2_379\workspace\uCXpresso.NRF\lib\libuCXpresso.NRF.a(ble_device.o)
                0x000192b4                bleDevice::add_service(bleService*)
 .text._ZN9bleDevice11del_serviceEP10bleService
                0x000192e4       0x16 D:\LPCXpresso_7.7.2_379\workspace\uCXpresso.NRF\lib\libuCXpresso.NRF.a(ble_device.o)
                0x000192e4                bleDevice::del_service(bleService*)
 .text._ZN9bleDevice12services_evtEP9ble_evt_t
                0x000192fa       0x2c D:\LPCXpresso_7.7.2_379\workspace\uCXpresso.NRF\lib\libuCXpresso.NRF.a(ble_device.o)
                0x000192fa                bleDevice::services_evt(ble_evt_t*)
 *fill*         0x00019326        0x2 
 .text._ZN9bleDevice12on_ble_eventEP9ble_evt_t
                0x00019328       0xc0 D:\LPCXpresso_7.7.2_379\workspace\uCXpresso.NRF\lib\libuCXpresso.NRF.a(ble_device.o)
                0x00019328                bleDevice::on_ble_event(ble_evt_t*)
 .text.ble_evt_dispatch
                0x000193e8       0x1c D:\LPCXpresso_7.7.2_379\workspace\uCXpresso.NRF\lib\libuCXpresso.NRF.a(ble_device.o)
 .text._ZN9bleDevice4waitEm
                0x00019404       0x1c D:\LPCXpresso_7.7.2_379\workspace\uCXpresso.NRF\lib\libuCXpresso.NRF.a(ble_device.o)
                0x00019404                bleDevice::wait(unsigned long)
 .text._ZN16bleDeviceManager16whitelist_createEP19ble_gap_whitelist_t
                0x00019420        0xa D:\LPCXpresso_7.7.2_379\workspace\uCXpresso.NRF\lib\libuCXpresso.NRF.a(ble_device_manager.o)
                0x00019420                bleDeviceManager::whitelist_create(ble_gap_whitelist_t*)
 .text._ZN16bleDeviceManager13peer_addr_getEP14ble_gap_addr_t
                0x0001942a        0xa D:\LPCXpresso_7.7.2_379\workspace\uCXpresso.NRF\lib\libuCXpresso.NRF.a(ble_device_manager.o)
                0x0001942a                bleDeviceManager::peer_addr_get(ble_gap_addr_t*)
 .text.sd_ble_gap_disconnect
                0x00019434        0x4 D:\LPCXpresso_7.7.2_379\workspace\uCXpresso.NRF\lib\libuCXpresso.NRF.a(ble_gap.o)
 .text.sd_ble_gap_tx_power_set
                0x00019438        0x4 D:\LPCXpresso_7.7.2_379\workspace\uCXpresso.NRF\lib\libuCXpresso.NRF.a(ble_gap.o)
 .text.sd_ble_gap_appearance_set
                0x0001943c        0x4 D:\LPCXpresso_7.7.2_379\workspace\uCXpresso.NRF\lib\libuCXpresso.NRF.a(ble_gap.o)
 .text.sd_ble_gap_ppcp_set
                0x00019440        0x4 D:\LPCXpresso_7.7.2_379\workspace\uCXpresso.NRF\lib\libuCXpresso.NRF.a(ble_gap.o)
 .text.sd_ble_gap_device_name_set
                0x00019444        0x4 D:\LPCXpresso_7.7.2_379\workspace\uCXpresso.NRF\lib\libuCXpresso.NRF.a(ble_gap.o)
 .text._ZN6bleGAP8settingsEPKcfftt
                0x00019448       0x98 D:\LPCXpresso_7.7.2_379\workspace\uCXpresso.NRF\lib\libuCXpresso.NRF.a(ble_gap.o)
                0x00019448                bleGAP::settings(char const*, float, float, unsigned short, unsigned short)
 .text._ZN6bleGAP10appearanceEt
                0x000194e0       0x1c D:\LPCXpresso_7.7.2_379\workspace\uCXpresso.NRF\lib\libuCXpresso.NRF.a(ble_gap.o)
                0x000194e0                bleGAP::appearance(unsigned short)
 .text._ZN6bleGAP8tx_powerE14BLE_TX_POWER_T
                0x000194fc       0x1c D:\LPCXpresso_7.7.2_379\workspace\uCXpresso.NRF\lib\libuCXpresso.NRF.a(ble_gap.o)
                0x000194fc                bleGAP::tx_power(BLE_TX_POWER_T)
 .text._ZN6bleGAP10disconnectE20GAP_DISCONN_REASON_T
                0x00019518       0x28 D:\LPCXpresso_7.7.2_379\workspace\uCXpresso.NRF\lib\libuCXpresso.NRF.a(ble_gap.o)
                0x00019518                bleGAP::disconnect(GAP_DISCONN_REASON_T)
 .text.sd_ble_gap_rssi_start
                0x00019540        0x4 D:\LPCXpresso_7.7.2_379\workspace\uCXpresso.NRF\lib\libuCXpresso.NRF.a(ble_rssi.o)
 .text.sd_ble_gap_rssi_stop
                0x00019544        0x4 D:\LPCXpresso_7.7.2_379\workspace\uCXpresso.NRF\lib\libuCXpresso.NRF.a(ble_rssi.o)
 .text._ZN7bleRSSI11isAvailableEv
                0x00019548       0x14 D:\LPCXpresso_7.7.2_379\workspace\uCXpresso.NRF\lib\libuCXpresso.NRF.a(ble_rssi.o)
                0x00019548                bleRSSI::isAvailable()
 .text._ZN7bleRSSI7onEventEa
                0x0001955c        0xe D:\LPCXpresso_7.7.2_379\workspace\uCXpresso.NRF\lib\libuCXpresso.NRF.a(ble_rssi.o)
                0x0001955c                bleRSSI::onEvent(signed char)
 .text._ZN7bleRSSI12on_ble_eventEP9ble_evt_t
                0x0001956a       0x3a D:\LPCXpresso_7.7.2_379\workspace\uCXpresso.NRF\lib\libuCXpresso.NRF.a(ble_rssi.o)
                0x0001956a                bleRSSI::on_ble_event(ble_evt_t*)
 .text._ZN7bleRSSIC1ER9bleDevice
                0x000195a4       0x40 D:\LPCXpresso_7.7.2_379\workspace\uCXpresso.NRF\lib\libuCXpresso.NRF.a(ble_rssi.o)
                0x000195a4                bleRSSI::bleRSSI(bleDevice&)
 .text._ZN7bleRSSID4Ev
                0x000195e4       0x98 D:\LPCXpresso_7.7.2_379\workspace\uCXpresso.NRF\lib\libuCXpresso.NRF.a(ble_rssi.o)
 .text._ZN7bleRSSID1Ev
                0x0001967c        0xc D:\LPCXpresso_7.7.2_379\workspace\uCXpresso.NRF\lib\libuCXpresso.NRF.a(ble_rssi.o)
                0x0001967c                bleRSSI::~bleRSSI()
 .text._ZN7bleRSSID0Ev
                0x00019688       0x12 D:\LPCXpresso_7.7.2_379\workspace\uCXpresso.NRF\lib\libuCXpresso.NRF.a(ble_rssi.o)
                0x00019688                bleRSSI::~bleRSSI()
 .text.sd_ble_tx_buffer_count_get
                0x0001969a        0x4 D:\LPCXpresso_7.7.2_379\workspace\uCXpresso.NRF\lib\libuCXpresso.NRF.a(ble_service.o)
 *fill*         0x0001969e        0x2 
 .text._ZN10bleService11isAvailableEv
                0x000196a0       0x14 D:\LPCXpresso_7.7.2_379\workspace\uCXpresso.NRF\lib\libuCXpresso.NRF.a(ble_service.o)
                0x000196a0                bleService::isAvailable()
 .text._ZN10bleServiceC2ER7bleBase
                0x000196b4       0x28 D:\LPCXpresso_7.7.2_379\workspace\uCXpresso.NRF\lib\libuCXpresso.NRF.a(ble_service.o)
                0x000196b4                bleService::bleService(bleBase&)
 .text._ZN10bleServiceD4Ev
                0x000196dc       0x7c D:\LPCXpresso_7.7.2_379\workspace\uCXpresso.NRF\lib\libuCXpresso.NRF.a(ble_service.o)
 .text._ZN10bleServiceD2Ev
                0x00019758        0xc D:\LPCXpresso_7.7.2_379\workspace\uCXpresso.NRF\lib\libuCXpresso.NRF.a(ble_service.o)
                0x00019758                bleService::~bleService()
 .text._ZN10bleService19gatts_hvx_writeableEv
                0x00019764       0x20 D:\LPCXpresso_7.7.2_379\workspace\uCXpresso.NRF\lib\libuCXpresso.NRF.a(ble_service.o)
                0x00019764                bleService::gatts_hvx_writeable()
 .text._ZN18bleServiceCustomer4uuidEv
                0x00019784        0x4 D:\LPCXpresso_7.7.2_379\workspace\uCXpresso.NRF\lib\libuCXpresso.NRF.a(ble_service_uart.o)
                0x00019784                bleServiceCustomer::uuid()
 .text._ZN18bleServiceCustomer9uuid_typeEv
                0x00019788        0x4 D:\LPCXpresso_7.7.2_379\workspace\uCXpresso.NRF\lib\libuCXpresso.NRF.a(ble_service_uart.o)
                0x00019788                bleServiceCustomer::uuid_type()
 .text._ZN18bleServiceCustomer10last_errorEv
                0x0001978c        0x4 D:\LPCXpresso_7.7.2_379\workspace\uCXpresso.NRF\lib\libuCXpresso.NRF.a(ble_service_uart.o)
                0x0001978c                bleServiceCustomer::last_error()
 .text._ZN18bleServiceCustomer18on_rw_auth_requestEP9ble_evt_t
                0x00019790        0x2 D:\LPCXpresso_7.7.2_379\workspace\uCXpresso.NRF\lib\libuCXpresso.NRF.a(ble_service_uart.o)
                0x00019790                bleServiceCustomer::on_rw_auth_request(ble_evt_t*)
 .text._ZN18bleServiceCustomer8on_writeEP9ble_evt_t
                0x00019792        0x2 D:\LPCXpresso_7.7.2_379\workspace\uCXpresso.NRF\lib\libuCXpresso.NRF.a(ble_service_uart.o)
                0x00019792                bleServiceCustomer::on_write(ble_evt_t*)
 .text._ZN18bleServiceCustomer6on_hvcEP9ble_evt_t
                0x00019794        0x2 D:\LPCXpresso_7.7.2_379\workspace\uCXpresso.NRF\lib\libuCXpresso.NRF.a(ble_service_uart.o)
                0x00019794                bleServiceCustomer::on_hvc(ble_evt_t*)
 .text._ZN18bleServiceCustomer14on_tx_completeEP9ble_evt_t
                0x00019796        0x2 D:\LPCXpresso_7.7.2_379\workspace\uCXpresso.NRF\lib\libuCXpresso.NRF.a(ble_service_uart.o)
                0x00019796                bleServiceCustomer::on_tx_complete(ble_evt_t*)
 .text._ZN7CStreamlsEh
                0x00019798        0xe D:\LPCXpresso_7.7.2_379\workspace\uCXpresso.NRF\lib\libuCXpresso.NRF.a(ble_service_uart.o)
                0x00019798                CStream::operator<<(unsigned char)
 .text._ZN7CStreamrsEh
                0x000197a6        0xe D:\LPCXpresso_7.7.2_379\workspace\uCXpresso.NRF\lib\libuCXpresso.NRF.a(ble_service_uart.o)
                0x000197a6                CStream::operator>>(unsigned char)
 .text._ZN7CStreamcvhEv
                0x000197b4        0xa D:\LPCXpresso_7.7.2_379\workspace\uCXpresso.NRF\lib\libuCXpresso.NRF.a(ble_service_uart.o)
                0x000197b4                CStream::operator unsigned char()
 .text._ZN7CStreamcvcEv
                0x000197be        0xa D:\LPCXpresso_7.7.2_379\workspace\uCXpresso.NRF\lib\libuCXpresso.NRF.a(ble_service_uart.o)
                0x000197be                CStream::operator char()
 .text._ZN7CStreamlsERS_
                0x000197c8       0x1a D:\LPCXpresso_7.7.2_379\workspace\uCXpresso.NRF\lib\libuCXpresso.NRF.a(ble_service_uart.o)
                0x000197c8                CStream::operator<<(CStream&)
 .text._ZN7CStream4waitEm
                0x000197e2        0x4 D:\LPCXpresso_7.7.2_379\workspace\uCXpresso.NRF\lib\libuCXpresso.NRF.a(ble_service_uart.o)
                0x000197e2                CStream::wait(unsigned long)
 *fill*         0x000197e6        0x2 
 .text._ZN14bleServiceUART11isConnectedEv
                0x000197e8       0x1c D:\LPCXpresso_7.7.2_379\workspace\uCXpresso.NRF\lib\libuCXpresso.NRF.a(ble_service_uart.o)
                0x000197e8                bleServiceUART::isConnected()
                0x000197f2                non-virtual thunk to bleServiceUART::isConnected()
 .text._ZN14bleServiceUART14on_tx_completeEP9ble_evt_t
                0x00019804        0xc D:\LPCXpresso_7.7.2_379\workspace\uCXpresso.NRF\lib\libuCXpresso.NRF.a(ble_service_uart.o)
                0x00019804                bleServiceUART::on_tx_complete(ble_evt_t*)
 .text._ZN14bleServiceUART11isAvailableEv
                0x00019810       0x1c D:\LPCXpresso_7.7.2_379\workspace\uCXpresso.NRF\lib\libuCXpresso.NRF.a(ble_service_uart.o)
                0x00019810                bleServiceUART::isAvailable()
 .text._ZN14bleServiceUART6onSendEb
                0x0001982c       0x34 D:\LPCXpresso_7.7.2_379\workspace\uCXpresso.NRF\lib\libuCXpresso.NRF.a(ble_service_uart.o)
                0x0001982c                bleServiceUART::onSend(bool)
 .text._ZThn36_N14bleServiceUART6onSendEb
                0x00019860       0x10 D:\LPCXpresso_7.7.2_379\workspace\uCXpresso.NRF\lib\libuCXpresso.NRF.a(ble_service_uart.o)
                0x00019860                non-virtual thunk to bleServiceUART::onSend(bool)
 .text._ZN18bleServiceCustomerD4Ev
                0x00019870       0x78 D:\LPCXpresso_7.7.2_379\workspace\uCXpresso.NRF\lib\libuCXpresso.NRF.a(ble_service_uart.o)
 .text._ZN18bleServiceCustomerD2Ev
                0x000198e8        0xc D:\LPCXpresso_7.7.2_379\workspace\uCXpresso.NRF\lib\libuCXpresso.NRF.a(ble_service_uart.o)
                0x000198e8                bleServiceCustomer::~bleServiceCustomer()
 .text._ZN18bleServiceCustomerD1Ev
                0x000198f4       0x1c D:\LPCXpresso_7.7.2_379\workspace\uCXpresso.NRF\lib\libuCXpresso.NRF.a(ble_service_uart.o)
                0x000198f4                bleServiceCustomer::~bleServiceCustomer()
                0x00019900                virtual thunk to bleServiceCustomer::~bleServiceCustomer()
 .text._ZN18bleServiceCustomerD0Ev
                0x00019910       0x2c D:\LPCXpresso_7.7.2_379\workspace\uCXpresso.NRF\lib\libuCXpresso.NRF.a(ble_service_uart.o)
                0x00019910                bleServiceCustomer::~bleServiceCustomer()
                0x00019922                virtual thunk to bleServiceCustomer::~bleServiceCustomer()
 .text._ZN14bleServiceUART11tx_char_addEt
                0x0001993c       0xb8 D:\LPCXpresso_7.7.2_379\workspace\uCXpresso.NRF\lib\libuCXpresso.NRF.a(ble_service_uart.o)
                0x0001993c                bleServiceUART::tx_char_add(unsigned short)
 .text._ZN14bleServiceUART11rx_char_addEt
                0x000199f4       0x9e D:\LPCXpresso_7.7.2_379\workspace\uCXpresso.NRF\lib\libuCXpresso.NRF.a(ble_service_uart.o)
                0x000199f4                bleServiceUART::rx_char_add(unsigned short)
 *fill*         0x00019a92        0x2 
 .text._ZN14bleServiceUARTC1ER9bleDevicebPK13ble_uuid128_ttttjj
                0x00019a94       0xa4 D:\LPCXpresso_7.7.2_379\workspace\uCXpresso.NRF\lib\libuCXpresso.NRF.a(ble_service_uart.o)
                0x00019a94                bleServiceUART::bleServiceUART(bleDevice&, bool, ble_uuid128_t const*, unsigned short, unsigned short, unsigned short, unsigned int, unsigned int)
 .text._ZN14bleServiceUART15on_disconnectedEP9ble_evt_t
                0x00019b38       0x46 D:\LPCXpresso_7.7.2_379\workspace\uCXpresso.NRF\lib\libuCXpresso.NRF.a(ble_service_uart.o)
                0x00019b38                bleServiceUART::on_disconnected(ble_evt_t*)
 .text._ZN14bleServiceUART8on_writeEP9ble_evt_t
                0x00019b7e       0x74 D:\LPCXpresso_7.7.2_379\workspace\uCXpresso.NRF\lib\libuCXpresso.NRF.a(ble_service_uart.o)
                0x00019b7e                bleServiceUART::on_write(ble_evt_t*)
 .text._ZN14bleServiceUART15on_data_receiveEPht
                0x00019bf2       0x2c D:\LPCXpresso_7.7.2_379\workspace\uCXpresso.NRF\lib\libuCXpresso.NRF.a(ble_service_uart.o)
                0x00019bf2                bleServiceUART::on_data_receive(unsigned char*, unsigned short)
 .text._ZN14bleServiceUART16on_data_transmitEv
                0x00019c1e       0x7e D:\LPCXpresso_7.7.2_379\workspace\uCXpresso.NRF\lib\libuCXpresso.NRF.a(ble_service_uart.o)
                0x00019c1e                bleServiceUART::on_data_transmit()
 .text._ZN14bleServiceUART4waitEm
                0x00019c9c       0x30 D:\LPCXpresso_7.7.2_379\workspace\uCXpresso.NRF\lib\libuCXpresso.NRF.a(ble_service_uart.o)
                0x00019c9c                bleServiceUART::wait(unsigned long)
 .text._ZThn36_N14bleServiceUART4waitEm
                0x00019ccc       0x10 D:\LPCXpresso_7.7.2_379\workspace\uCXpresso.NRF\lib\libuCXpresso.NRF.a(ble_service_uart.o)
                0x00019ccc                non-virtual thunk to bleServiceUART::wait(unsigned long)
 .text._ZN14bleServiceUARTD4Ev
                0x00019cdc       0xbc D:\LPCXpresso_7.7.2_379\workspace\uCXpresso.NRF\lib\libuCXpresso.NRF.a(ble_service_uart.o)
 .text._ZN14bleServiceUARTD1Ev
                0x00019d98        0xc D:\LPCXpresso_7.7.2_379\workspace\uCXpresso.NRF\lib\libuCXpresso.NRF.a(ble_service_uart.o)
                0x00019d98                bleServiceUART::~bleServiceUART()
 .text._ZThn36_N14bleServiceUARTD1Ev
                0x00019da4       0x10 D:\LPCXpresso_7.7.2_379\workspace\uCXpresso.NRF\lib\libuCXpresso.NRF.a(ble_service_uart.o)
                0x00019da4                non-virtual thunk to bleServiceUART::~bleServiceUART()
 .text._ZN14bleServiceUARTD0Ev
                0x00019db4       0x12 D:\LPCXpresso_7.7.2_379\workspace\uCXpresso.NRF\lib\libuCXpresso.NRF.a(ble_service_uart.o)
                0x00019db4                bleServiceUART::~bleServiceUART()
 *fill*         0x00019dc6        0x2 
 .text._ZThn36_N14bleServiceUARTD0Ev
                0x00019dc8       0x10 D:\LPCXpresso_7.7.2_379\workspace\uCXpresso.NRF\lib\libuCXpresso.NRF.a(ble_service_uart.o)
                0x00019dc8                non-virtual thunk to bleServiceUART::~bleServiceUART()
 .text._ZN7CThread8isThreadEv
                0x00019dd8        0x8 D:\LPCXpresso_7.7.2_379\workspace\uCXpresso.NRF\lib\libuCXpresso.NRF.a(debug.o)
                0x00019dd8                CThread::isThread()
                0x00019ddc                virtual thunk to CThread::isThread()
 .text._ZN7CThread3runEv
                0x00019de0        0x2 D:\LPCXpresso_7.7.2_379\workspace\uCXpresso.NRF\lib\libuCXpresso.NRF.a(debug.o)
                0x00019de0                CThread::run()
 .text._ZN6CDebug7printlnER7CString
                0x00019de2       0x1a D:\LPCXpresso_7.7.2_379\workspace\uCXpresso.NRF\lib\libuCXpresso.NRF.a(debug.o)
                0x00019de2                CDebug::println(CString&)
 .text._ZN6CDebug5startEm
                0x00019dfc       0x14 D:\LPCXpresso_7.7.2_379\workspace\uCXpresso.NRF\lib\libuCXpresso.NRF.a(debug.o)
                0x00019dfc                CDebug::start(unsigned long)
 .text._ZN6CDebug15waitToDebugModeEv
                0x00019e10       0x1c D:\LPCXpresso_7.7.2_379\workspace\uCXpresso.NRF\lib\libuCXpresso.NRF.a(debug.o)
                0x00019e10                CDebug::waitToDebugMode()
 .text._ZN6CDebug11isDebugModeEv
                0x00019e2c        0xa D:\LPCXpresso_7.7.2_379\workspace\uCXpresso.NRF\lib\libuCXpresso.NRF.a(debug.o)
                0x00019e2c                CDebug::isDebugMode()
 *fill*         0x00019e36        0x2 
 .text._ZN6CDebugC1ER7CStream
                0x00019e38       0x48 D:\LPCXpresso_7.7.2_379\workspace\uCXpresso.NRF\lib\libuCXpresso.NRF.a(debug.o)
                0x00019e38                CDebug::CDebug(CStream&)
 .text._ZN6CDebug3runEv
                0x00019e80       0x30 D:\LPCXpresso_7.7.2_379\workspace\uCXpresso.NRF\lib\libuCXpresso.NRF.a(debug.o)
                0x00019e80                CDebug::run()
 .text._ZN6CDebug6printfEPKcSt9__va_list
                0x00019eb0       0x30 D:\LPCXpresso_7.7.2_379\workspace\uCXpresso.NRF\lib\libuCXpresso.NRF.a(debug.o)
                0x00019eb0                CDebug::printf(char const*, std::__va_list)
 .text._ZN6CDebug6printfEPKcz
                0x00019ee0       0x36 D:\LPCXpresso_7.7.2_379\workspace\uCXpresso.NRF\lib\libuCXpresso.NRF.a(debug.o)
                0x00019ee0                CDebug::printf(char const*, ...)
 .text._ZN6CDebug7printlnEPKcz
                0x00019f16       0x3e D:\LPCXpresso_7.7.2_379\workspace\uCXpresso.NRF\lib\libuCXpresso.NRF.a(debug.o)
                0x00019f16                CDebug::println(char const*, ...)
 .text._ZN6CDebug7printlnEi
                0x00019f54       0x34 D:\LPCXpresso_7.7.2_379\workspace\uCXpresso.NRF\lib\libuCXpresso.NRF.a(debug.o)
                0x00019f54                CDebug::println(int)
 .text._ZN6CDebug7printlnEm
                0x00019f88       0x34 D:\LPCXpresso_7.7.2_379\workspace\uCXpresso.NRF\lib\libuCXpresso.NRF.a(debug.o)
                0x00019f88                CDebug::println(unsigned long)
 .text._ZN6CDebug7printlnEf
                0x00019fbc       0x3c D:\LPCXpresso_7.7.2_379\workspace\uCXpresso.NRF\lib\libuCXpresso.NRF.a(debug.o)
                0x00019fbc                CDebug::println(float)
 .text._ZN6CDebug4putcEi
                0x00019ff8       0x42 D:\LPCXpresso_7.7.2_379\workspace\uCXpresso.NRF\lib\libuCXpresso.NRF.a(debug.o)
                0x00019ff8                CDebug::putc(int)
 *fill*         0x0001a03a        0x2 
 .text._ZN6CDebugD4Ev
                0x0001a03c       0x70 D:\LPCXpresso_7.7.2_379\workspace\uCXpresso.NRF\lib\libuCXpresso.NRF.a(debug.o)
 .text._ZN6CDebugD2Ev
                0x0001a0ac        0xc D:\LPCXpresso_7.7.2_379\workspace\uCXpresso.NRF\lib\libuCXpresso.NRF.a(debug.o)
                0x0001a0ac                CDebug::~CDebug()
 .text._ZN6CDebugD1Ev
                0x0001a0b8       0x1c D:\LPCXpresso_7.7.2_379\workspace\uCXpresso.NRF\lib\libuCXpresso.NRF.a(debug.o)
                0x0001a0b8                CDebug::~CDebug()
                0x0001a0c4                virtual thunk to CDebug::~CDebug()
 .text._ZN6CDebugD0Ev
                0x0001a0d4       0x22 D:\LPCXpresso_7.7.2_379\workspace\uCXpresso.NRF\lib\libuCXpresso.NRF.a(debug.o)
                0x0001a0d4                CDebug::~CDebug()
                0x0001a0e6                virtual thunk to CDebug::~CDebug()
 .text._ZN5CListixEi
                0x0001a0f6        0xa D:\LPCXpresso_7.7.2_379\workspace\uCXpresso.NRF\lib\libuCXpresso.NRF.a(list.o)
                0x0001a0f6                CList::operator[](int)
 .text._ZN5CList5countEv
                0x0001a100        0x4 D:\LPCXpresso_7.7.2_379\workspace\uCXpresso.NRF\lib\libuCXpresso.NRF.a(list.o)
                0x0001a100                CList::count()
 .text._ZN5CList7isEmptyEv
                0x0001a104        0xa D:\LPCXpresso_7.7.2_379\workspace\uCXpresso.NRF\lib\libuCXpresso.NRF.a(list.o)
                0x0001a104                CList::isEmpty()
 .text._ZN5CList7getHeadEv
                0x0001a10e        0xe D:\LPCXpresso_7.7.2_379\workspace\uCXpresso.NRF\lib\libuCXpresso.NRF.a(list.o)
                0x0001a10e                CList::getHead()
 .text._ZN5CList7getTailEv
                0x0001a11c        0xe D:\LPCXpresso_7.7.2_379\workspace\uCXpresso.NRF\lib\libuCXpresso.NRF.a(list.o)
                0x0001a11c                CList::getTail()
 .text._ZN5CList5getAtEPv
                0x0001a12a       0x10 D:\LPCXpresso_7.7.2_379\workspace\uCXpresso.NRF\lib\libuCXpresso.NRF.a(list.o)
                0x0001a12a                CList::getAt(void*)
 .text._ZN5CList10removeHeadEv
                0x0001a13a       0x16 D:\LPCXpresso_7.7.2_379\workspace\uCXpresso.NRF\lib\libuCXpresso.NRF.a(list.o)
                0x0001a13a                CList::removeHead()
 .text._ZN5CList10removeTailEv
                0x0001a150       0x16 D:\LPCXpresso_7.7.2_379\workspace\uCXpresso.NRF\lib\libuCXpresso.NRF.a(list.o)
                0x0001a150                CList::removeTail()
 .text._ZN5CList10getHeadPosEv
                0x0001a166        0x4 D:\LPCXpresso_7.7.2_379\workspace\uCXpresso.NRF\lib\libuCXpresso.NRF.a(list.o)
                0x0001a166                CList::getHeadPos()
 .text._ZN5CList10getTailPosEv
                0x0001a16a        0x4 D:\LPCXpresso_7.7.2_379\workspace\uCXpresso.NRF\lib\libuCXpresso.NRF.a(list.o)
                0x0001a16a                CList::getTailPos()
 .text._ZN5CList7getNextEPv
                0x0001a16e        0x4 D:\LPCXpresso_7.7.2_379\workspace\uCXpresso.NRF\lib\libuCXpresso.NRF.a(list.o)
                0x0001a16e                CList::getNext(void*)
 .text._ZN5CList7getPrevEPv
                0x0001a172        0x4 D:\LPCXpresso_7.7.2_379\workspace\uCXpresso.NRF\lib\libuCXpresso.NRF.a(list.o)
                0x0001a172                CList::getPrev(void*)
 .text._ZN5CList4findEPv
                0x0001a176       0x24 D:\LPCXpresso_7.7.2_379\workspace\uCXpresso.NRF\lib\libuCXpresso.NRF.a(list.o)
                0x0001a176                CList::find(void*)
 .text._ZN5CList4freeEPv
                0x0001a19a        0xa D:\LPCXpresso_7.7.2_379\workspace\uCXpresso.NRF\lib\libuCXpresso.NRF.a(list.o)
                0x0001a19a                CList::free(void*)
 .text._ZN5CList5allocEv
                0x0001a1a4        0xa D:\LPCXpresso_7.7.2_379\workspace\uCXpresso.NRF\lib\libuCXpresso.NRF.a(list.o)
                0x0001a1a4                CList::alloc()
 *fill*         0x0001a1ae        0x2 
 .text._ZN5CListC2Ev
                0x0001a1b0       0x24 D:\LPCXpresso_7.7.2_379\workspace\uCXpresso.NRF\lib\libuCXpresso.NRF.a(list.o)
                0x0001a1b0                CList::CList()
                0x0001a1b0                CList::CList()
 .text._ZN5CList7addHeadEPv
                0x0001a1d4       0x3e D:\LPCXpresso_7.7.2_379\workspace\uCXpresso.NRF\lib\libuCXpresso.NRF.a(list.o)
                0x0001a1d4                CList::addHead(void*)
 .text._ZN5CList7addTailEPv
                0x0001a212       0x3e D:\LPCXpresso_7.7.2_379\workspace\uCXpresso.NRF\lib\libuCXpresso.NRF.a(list.o)
                0x0001a212                CList::addTail(void*)
 .text._ZN5CList8removeAtEPv
                0x0001a250       0x48 D:\LPCXpresso_7.7.2_379\workspace\uCXpresso.NRF\lib\libuCXpresso.NRF.a(list.o)
                0x0001a250                CList::removeAt(void*)
 .text._ZN5CList9removeAllEbb
                0x0001a298       0x58 D:\LPCXpresso_7.7.2_379\workspace\uCXpresso.NRF\lib\libuCXpresso.NRF.a(list.o)
                0x0001a298                CList::removeAll(bool, bool)
 .text._ZN5CListD2Ev
                0x0001a2f0       0x28 D:\LPCXpresso_7.7.2_379\workspace\uCXpresso.NRF\lib\libuCXpresso.NRF.a(list.o)
                0x0001a2f0                CList::~CList()
                0x0001a2f0                CList::~CList()
 .text._ZN5CListD0Ev
                0x0001a318       0x12 D:\LPCXpresso_7.7.2_379\workspace\uCXpresso.NRF\lib\libuCXpresso.NRF.a(list.o)
                0x0001a318                CList::~CList()
 .text._ZN5CList12insertBeforeEPvS0_
                0x0001a32a       0x46 D:\LPCXpresso_7.7.2_379\workspace\uCXpresso.NRF\lib\libuCXpresso.NRF.a(list.o)
                0x0001a32a                CList::insertBefore(void*, void*)
 .text._ZN5CList11insertAfterEPvS0_
                0x0001a370       0x46 D:\LPCXpresso_7.7.2_379\workspace\uCXpresso.NRF\lib\libuCXpresso.NRF.a(list.o)
                0x0001a370                CList::insertAfter(void*, void*)
 .text._ZN5CList5getAtEi
                0x0001a3b6       0x3a D:\LPCXpresso_7.7.2_379\workspace\uCXpresso.NRF\lib\libuCXpresso.NRF.a(list.o)
                0x0001a3b6                CList::getAt(int)
 .text._ZN7CObjectD2Ev
                0x0001a3f0        0x2 D:\LPCXpresso_7.7.2_379\workspace\uCXpresso.NRF\lib\libuCXpresso.NRF.a(object.o)
                0x0001a3f0                CObject::~CObject()
                0x0001a3f0                CObject::~CObject()
 .text._ZN7CObjectD0Ev
                0x0001a3f2        0xc D:\LPCXpresso_7.7.2_379\workspace\uCXpresso.NRF\lib\libuCXpresso.NRF.a(object.o)
                0x0001a3f2                CObject::~CObject()
 *fill*         0x0001a3fe        0x2 
 .text._ZN7CObjectC2Ev
                0x0001a400        0xc D:\LPCXpresso_7.7.2_379\workspace\uCXpresso.NRF\lib\libuCXpresso.NRF.a(object.o)
                0x0001a400                CObject::CObject()
                0x0001a400                CObject::CObject()
 .text._ZN4CPin7isValidEv
                0x0001a40c       0x1c D:\LPCXpresso_7.7.2_379\workspace\uCXpresso.NRF\lib\libuCXpresso.NRF.a(pin.o)
                0x0001a40c                CPin::isValid()
                0x0001a416                virtual thunk to CPin::isValid()
 .text._ZN4CPin6outputE11PIN_LEVEL_T15PIN_OUT_DRIVE_T
                0x0001a428       0x6a D:\LPCXpresso_7.7.2_379\workspace\uCXpresso.NRF\lib\libuCXpresso.NRF.a(pin.o)
                0x0001a428                CPin::output(PIN_LEVEL_T, PIN_OUT_DRIVE_T)
 *fill*         0x0001a492        0x2 
 .text._ZN4CPin5writeE11PIN_LEVEL_T
                0x0001a494       0x20 D:\LPCXpresso_7.7.2_379\workspace\uCXpresso.NRF\lib\libuCXpresso.NRF.a(pin.o)
                0x0001a494                CPin::write(PIN_LEVEL_T)
 .text._ZN4CPin4readEv
                0x0001a4b4       0x16 D:\LPCXpresso_7.7.2_379\workspace\uCXpresso.NRF\lib\libuCXpresso.NRF.a(pin.o)
                0x0001a4b4                CPin::read()
 *fill*         0x0001a4ca        0x2 
 .text._ZN4CPin6invertEv
                0x0001a4cc       0x2c D:\LPCXpresso_7.7.2_379\workspace\uCXpresso.NRF\lib\libuCXpresso.NRF.a(pin.o)
                0x0001a4cc                CPin::invert()
 .text._ZN4CPin5inputE16PIN_INPUT_MODE_Tb
                0x0001a4f8       0x34 D:\LPCXpresso_7.7.2_379\workspace\uCXpresso.NRF\lib\libuCXpresso.NRF.a(pin.o)
                0x0001a4f8                CPin::input(PIN_INPUT_MODE_T, bool)
 .text._ZN4CPinC1Eh
                0x0001a52c       0x28 D:\LPCXpresso_7.7.2_379\workspace\uCXpresso.NRF\lib\libuCXpresso.NRF.a(pin.o)
                0x0001a52c                CPin::CPin(unsigned char)
 .text._ZN4CPinD4Ev
                0x0001a554       0x5c D:\LPCXpresso_7.7.2_379\workspace\uCXpresso.NRF\lib\libuCXpresso.NRF.a(pin.o)
 .text._ZN4CPinD1Ev
                0x0001a5b0        0xc D:\LPCXpresso_7.7.2_379\workspace\uCXpresso.NRF\lib\libuCXpresso.NRF.a(pin.o)
                0x0001a5b0                CPin::~CPin()
 .text._ZN4CPinD0Ev
                0x0001a5bc       0x12 D:\LPCXpresso_7.7.2_379\workspace\uCXpresso.NRF\lib\libuCXpresso.NRF.a(pin.o)
                0x0001a5bc                CPin::~CPin()
 .text.sd_power_system_off
                0x0001a5ce        0x4 D:\LPCXpresso_7.7.2_379\workspace\uCXpresso.NRF\lib\libuCXpresso.NRF.a(power.o)
 *fill*         0x0001a5d2        0x2 
 .text._ZN10CPowerSave10system_offEv
                0x0001a5d4       0x1c D:\LPCXpresso_7.7.2_379\workspace\uCXpresso.NRF\lib\libuCXpresso.NRF.a(power.o)
                0x0001a5d4                CPowerSave::system_off()
 .text._ZN10CSemaphore7isValidEv
                0x0001a5f0        0xa D:\LPCXpresso_7.7.2_379\workspace\uCXpresso.NRF\lib\libuCXpresso.NRF.a(semaphore.o)
                0x0001a5f0                CSemaphore::isValid()
 .text._ZN10CSemaphore7waitingEv
                0x0001a5fa        0x4 D:\LPCXpresso_7.7.2_379\workspace\uCXpresso.NRF\lib\libuCXpresso.NRF.a(semaphore.o)
                0x0001a5fa                CSemaphore::waiting()
 .text._ZN10CSemaphore8countingEii
                0x0001a5fe       0x24 D:\LPCXpresso_7.7.2_379\workspace\uCXpresso.NRF\lib\libuCXpresso.NRF.a(semaphore.o)
                0x0001a5fe                CSemaphore::counting(int, int)
 .text._ZN10CSemaphore6binaryEv
                0x0001a622       0x22 D:\LPCXpresso_7.7.2_379\workspace\uCXpresso.NRF\lib\libuCXpresso.NRF.a(semaphore.o)
                0x0001a622                CSemaphore::binary()
 .text._ZN10CSemaphoreD2Ev
                0x0001a644       0x24 D:\LPCXpresso_7.7.2_379\workspace\uCXpresso.NRF\lib\libuCXpresso.NRF.a(semaphore.o)
                0x0001a644                CSemaphore::~CSemaphore()
                0x0001a644                CSemaphore::~CSemaphore()
 .text._ZN6CMutexD2Ev
                0x0001a668       0x24 D:\LPCXpresso_7.7.2_379\workspace\uCXpresso.NRF\lib\libuCXpresso.NRF.a(semaphore.o)
                0x0001a668                CMutex::~CMutex()
                0x0001a668                CMutex::~CMutex()
 .text._ZN10CSemaphoreD0Ev
                0x0001a68c       0x12 D:\LPCXpresso_7.7.2_379\workspace\uCXpresso.NRF\lib\libuCXpresso.NRF.a(semaphore.o)
                0x0001a68c                CSemaphore::~CSemaphore()
 .text._ZN6CMutexD0Ev
                0x0001a69e       0x12 D:\LPCXpresso_7.7.2_379\workspace\uCXpresso.NRF\lib\libuCXpresso.NRF.a(semaphore.o)
                0x0001a69e                CMutex::~CMutex()
 .text._ZN10CSemaphore4waitEi
                0x0001a6b0       0x2e D:\LPCXpresso_7.7.2_379\workspace\uCXpresso.NRF\lib\libuCXpresso.NRF.a(semaphore.o)
                0x0001a6b0                CSemaphore::wait(int)
 .text._ZN6CMutex4lockEv
                0x0001a6de       0x16 D:\LPCXpresso_7.7.2_379\workspace\uCXpresso.NRF\lib\libuCXpresso.NRF.a(semaphore.o)
                0x0001a6de                CMutex::lock()
 .text._ZN6CMutex7tryLockEm
                0x0001a6f4       0x1c D:\LPCXpresso_7.7.2_379\workspace\uCXpresso.NRF\lib\libuCXpresso.NRF.a(semaphore.o)
                0x0001a6f4                CMutex::tryLock(unsigned long)
 .text._ZN10CSemaphore7releaseEb
                0x0001a710       0x34 D:\LPCXpresso_7.7.2_379\workspace\uCXpresso.NRF\lib\libuCXpresso.NRF.a(semaphore.o)
                0x0001a710                CSemaphore::release(bool)
 .text._ZN6CMutex6unlockEv
                0x0001a744       0x14 D:\LPCXpresso_7.7.2_379\workspace\uCXpresso.NRF\lib\libuCXpresso.NRF.a(semaphore.o)
                0x0001a744                CMutex::unlock()
 .text._ZN10CSemaphoreC2Ev
                0x0001a758       0x1c D:\LPCXpresso_7.7.2_379\workspace\uCXpresso.NRF\lib\libuCXpresso.NRF.a(semaphore.o)
                0x0001a758                CSemaphore::CSemaphore()
                0x0001a758                CSemaphore::CSemaphore()
 .text._ZN6CMutexC2Ev
                0x0001a774       0x20 D:\LPCXpresso_7.7.2_379\workspace\uCXpresso.NRF\lib\libuCXpresso.NRF.a(semaphore.o)
                0x0001a774                CMutex::CMutex()
                0x0001a774                CMutex::CMutex()
 .text._ZN7CSerial9availableEv
                0x0001a794        0xa D:\LPCXpresso_7.7.2_379\workspace\uCXpresso.NRF\lib\libuCXpresso.NRF.a(serial.o)
                0x0001a794                CSerial::available()
 .text._ZN7CSerial7disableEv
                0x0001a79e        0xc D:\LPCXpresso_7.7.2_379\workspace\uCXpresso.NRF\lib\libuCXpresso.NRF.a(serial.o)
                0x0001a79e                CSerial::disable()
 .text._ZN7CSerial5flushEv
                0x0001a7aa       0x10 D:\LPCXpresso_7.7.2_379\workspace\uCXpresso.NRF\lib\libuCXpresso.NRF.a(serial.o)
                0x0001a7aa                CSerial::flush()
 .text._ZN7CSerial11isConnectedEv
                0x0001a7ba       0x20 D:\LPCXpresso_7.7.2_379\workspace\uCXpresso.NRF\lib\libuCXpresso.NRF.a(serial.o)
                0x0001a7ba                CSerial::isConnected()
 *fill*         0x0001a7da        0x2 
 .text.app_uart_event
                0x0001a7dc       0x30 D:\LPCXpresso_7.7.2_379\workspace\uCXpresso.NRF\lib\libuCXpresso.NRF.a(serial.o)
 .text._ZN7CSerialC1Ejj
                0x0001a80c       0x40 D:\LPCXpresso_7.7.2_379\workspace\uCXpresso.NRF\lib\libuCXpresso.NRF.a(serial.o)
                0x0001a80c                CSerial::CSerial(unsigned int, unsigned int)
 .text._ZN7CSerialD4Ev
                0x0001a84c       0x68 D:\LPCXpresso_7.7.2_379\workspace\uCXpresso.NRF\lib\libuCXpresso.NRF.a(serial.o)
 .text._ZN7CSerialD1Ev
                0x0001a8b4        0xc D:\LPCXpresso_7.7.2_379\workspace\uCXpresso.NRF\lib\libuCXpresso.NRF.a(serial.o)
                0x0001a8b4                CSerial::~CSerial()
 .text._ZN7CSerialD0Ev
                0x0001a8c0       0x12 D:\LPCXpresso_7.7.2_379\workspace\uCXpresso.NRF\lib\libuCXpresso.NRF.a(serial.o)
                0x0001a8c0                CSerial::~CSerial()
 *fill*         0x0001a8d2        0x2 
 .text._ZN7CSerial6enableENS_16UAET_BAUD_RATE_TENS_13UART_PARITY_TENS_19UART_FLOW_CONTROL_TEiiii
                0x0001a8d4       0x5c D:\LPCXpresso_7.7.2_379\workspace\uCXpresso.NRF\lib\libuCXpresso.NRF.a(serial.o)
                0x0001a8d4                CSerial::enable(CSerial::UAET_BAUD_RATE_T, CSerial::UART_PARITY_T, CSerial::UART_FLOW_CONTROL_T, int, int, int, int)
 .text._ZN7CSerial6onRecvEbh
                0x0001a930       0x2e D:\LPCXpresso_7.7.2_379\workspace\uCXpresso.NRF\lib\libuCXpresso.NRF.a(serial.o)
                0x0001a930                CSerial::onRecv(bool, unsigned char)
 .text._ZN7CSerial6onSendEb
                0x0001a95e       0x54 D:\LPCXpresso_7.7.2_379\workspace\uCXpresso.NRF\lib\libuCXpresso.NRF.a(serial.o)
                0x0001a95e                CSerial::onSend(bool)
 .text._ZN12CSmallPrintf7restartEv
                0x0001a9b2        0x2 D:\LPCXpresso_7.7.2_379\workspace\uCXpresso.NRF\lib\libuCXpresso.NRF.a(shell.o)
                0x0001a9b2                CSmallPrintf::restart()
 .text._ZN6CShell7onCloseEv
                0x0001a9b4        0x2 D:\LPCXpresso_7.7.2_379\workspace\uCXpresso.NRF\lib\libuCXpresso.NRF.a(shell.o)
                0x0001a9b4                CShell::onClose()
 *fill*         0x0001a9b6        0x2 
 .text._ZN6CShell12show_welcomeEv
                0x0001a9b8       0x4c D:\LPCXpresso_7.7.2_379\workspace\uCXpresso.NRF\lib\libuCXpresso.NRF.a(shell.o)
                0x0001a9b8                CShell::show_welcome()
 .text._ZN6CShell11show_promptEv
                0x0001aa04       0x18 D:\LPCXpresso_7.7.2_379\workspace\uCXpresso.NRF\lib\libuCXpresso.NRF.a(shell.o)
                0x0001aa04                CShell::show_prompt()
 .text._ZN6CShell9show_menuEv
                0x0001aa1c       0x64 D:\LPCXpresso_7.7.2_379\workspace\uCXpresso.NRF\lib\libuCXpresso.NRF.a(shell.o)
                0x0001aa1c                CShell::show_menu()
 .text._ZN6CShell10show_clearEv
                0x0001aa80       0x20 D:\LPCXpresso_7.7.2_379\workspace\uCXpresso.NRF\lib\libuCXpresso.NRF.a(shell.o)
                0x0001aa80                CShell::show_clear()
 .text._ZN6CShell5startEv
                0x0001aaa0       0x14 D:\LPCXpresso_7.7.2_379\workspace\uCXpresso.NRF\lib\libuCXpresso.NRF.a(shell.o)
                0x0001aaa0                CShell::start()
 .text._ZN6CShell12show_versionEv
                0x0001aab4       0xdc D:\LPCXpresso_7.7.2_379\workspace\uCXpresso.NRF\lib\libuCXpresso.NRF.a(shell.o)
                0x0001aab4                CShell::show_version()
 .text._ZN6CShell9show_heapEv
                0x0001ab90       0x2c D:\LPCXpresso_7.7.2_379\workspace\uCXpresso.NRF\lib\libuCXpresso.NRF.a(shell.o)
                0x0001ab90                CShell::show_heap()
 .text._ZN6CShell7onQueryER7CString
                0x0001abbc      0x19c D:\LPCXpresso_7.7.2_379\workspace\uCXpresso.NRF\lib\libuCXpresso.NRF.a(shell.o)
                0x0001abbc                CShell::onQuery(CString&)
 .text._ZN6CShellC1ER7CStream
                0x0001ad58       0x5c D:\LPCXpresso_7.7.2_379\workspace\uCXpresso.NRF\lib\libuCXpresso.NRF.a(shell.o)
                0x0001ad58                CShell::CShell(CStream&)
 .text._ZN6CShell11isDebugModeEv
                0x0001adb4        0x8 D:\LPCXpresso_7.7.2_379\workspace\uCXpresso.NRF\lib\libuCXpresso.NRF.a(shell.o)
                0x0001adb4                CShell::isDebugMode()
 .text._ZN6CShell9availableEv
                0x0001adbc       0x16 D:\LPCXpresso_7.7.2_379\workspace\uCXpresso.NRF\lib\libuCXpresso.NRF.a(shell.o)
                0x0001adbc                CShell::available()
 *fill*         0x0001add2        0x2 
 .text._ZN6CShellD4Ev
                0x0001add4       0x8c D:\LPCXpresso_7.7.2_379\workspace\uCXpresso.NRF\lib\libuCXpresso.NRF.a(shell.o)
 .text._ZN6CShellD1Ev
                0x0001ae60        0xc D:\LPCXpresso_7.7.2_379\workspace\uCXpresso.NRF\lib\libuCXpresso.NRF.a(shell.o)
                0x0001ae60                CShell::~CShell()
 .text._ZN6CShellD0Ev
                0x0001ae6c       0x12 D:\LPCXpresso_7.7.2_379\workspace\uCXpresso.NRF\lib\libuCXpresso.NRF.a(shell.o)
                0x0001ae6c                CShell::~CShell()
 .text._ZN6CShell3runEv
                0x0001ae7e       0x74 D:\LPCXpresso_7.7.2_379\workspace\uCXpresso.NRF\lib\libuCXpresso.NRF.a(shell.o)
                0x0001ae7e                CShell::run()
 *fill*         0x0001aef2        0x2 
 .text._ZN6CShell9show_taskEv
                0x0001aef4       0x68 D:\LPCXpresso_7.7.2_379\workspace\uCXpresso.NRF\lib\libuCXpresso.NRF.a(shell.o)
                0x0001aef4                CShell::show_task()
 .text._ZN6CShell7onDebugEv
                0x0001af5c       0x80 D:\LPCXpresso_7.7.2_379\workspace\uCXpresso.NRF\lib\libuCXpresso.NRF.a(shell.o)
                0x0001af5c                CShell::onDebug()
 .text.CSP_PUTC
                0x0001afdc        0xa D:\LPCXpresso_7.7.2_379\workspace\uCXpresso.NRF\lib\libuCXpresso.NRF.a(smallprintf.o)
                0x0001afdc                CSP_PUTC
 *fill*         0x0001afe6        0x2 
 .text._ZN12CSmallPrintfC2Ev
                0x0001afe8       0x18 D:\LPCXpresso_7.7.2_379\workspace\uCXpresso.NRF\lib\libuCXpresso.NRF.a(smallprintf.o)
                0x0001afe8                CSmallPrintf::CSmallPrintf()
                0x0001afe8                CSmallPrintf::CSmallPrintf()
 .text._ZN12CSmallPrintf6printfEPKcSt9__va_list
                0x0001b000       0x20 D:\LPCXpresso_7.7.2_379\workspace\uCXpresso.NRF\lib\libuCXpresso.NRF.a(smallprintf.o)
                0x0001b000                CSmallPrintf::printf(char const*, std::__va_list)
 .text._ZN12CSmallPrintf6printfEPKcz
                0x0001b020       0x2c D:\LPCXpresso_7.7.2_379\workspace\uCXpresso.NRF\lib\libuCXpresso.NRF.a(smallprintf.o)
                0x0001b020                CSmallPrintf::printf(char const*, ...)
 .text._ZN12CSmallPrintf4putvEi
                0x0001b04c       0x28 D:\LPCXpresso_7.7.2_379\workspace\uCXpresso.NRF\lib\libuCXpresso.NRF.a(smallprintf.o)
                0x0001b04c                CSmallPrintf::putv(int)
 .text._ZN12CSmallPrintf4putvEj
                0x0001b074       0x24 D:\LPCXpresso_7.7.2_379\workspace\uCXpresso.NRF\lib\libuCXpresso.NRF.a(smallprintf.o)
                0x0001b074                CSmallPrintf::putv(unsigned int)
 .text._ZN12CSmallPrintf4putvEd
                0x0001b098       0x3c D:\LPCXpresso_7.7.2_379\workspace\uCXpresso.NRF\lib\libuCXpresso.NRF.a(smallprintf.o)
                0x0001b098                CSmallPrintf::putv(double)
 .text.pstorage_access_wait
                0x0001b0d4       0x24 D:\LPCXpresso_7.7.2_379\workspace\uCXpresso.NRF\lib\libuCXpresso.NRF.a(storage.o)
                0x0001b0d4                pstorage_access_wait
 .text._ZN8CStorage11access_waitEv
                0x0001b0f8        0x8 D:\LPCXpresso_7.7.2_379\workspace\uCXpresso.NRF\lib\libuCXpresso.NRF.a(storage.o)
                0x0001b0f8                CStorage::access_wait()
 .text._ZN7CStream4readEv
                0x0001b100       0x1c D:\LPCXpresso_7.7.2_379\workspace\uCXpresso.NRF\lib\libuCXpresso.NRF.a(stream.o)
                0x0001b100                CStream::read()
 .text._ZN7CStream5writeEh
                0x0001b11c       0x18 D:\LPCXpresso_7.7.2_379\workspace\uCXpresso.NRF\lib\libuCXpresso.NRF.a(stream.o)
                0x0001b11c                CStream::write(unsigned char)
 .text._ZN7CStream11parseStringEPcjb
                0x0001b134       0x3e D:\LPCXpresso_7.7.2_379\workspace\uCXpresso.NRF\lib\libuCXpresso.NRF.a(stream.o)
                0x0001b134                CStream::parseString(char*, unsigned int, bool)
 .text._ZN7CStream8readableEv
                0x0001b172        0xa D:\LPCXpresso_7.7.2_379\workspace\uCXpresso.NRF\lib\libuCXpresso.NRF.a(stream.o)
                0x0001b172                CStream::readable()
 .text._ZN7CStream9writeableEv
                0x0001b17c        0xa D:\LPCXpresso_7.7.2_379\workspace\uCXpresso.NRF\lib\libuCXpresso.NRF.a(stream.o)
                0x0001b17c                CStream::writeable()
 .text._ZN7CStream5flushEv
                0x0001b186       0x14 D:\LPCXpresso_7.7.2_379\workspace\uCXpresso.NRF\lib\libuCXpresso.NRF.a(stream.o)
                0x0001b186                CStream::flush()
 .text._ZN7CStreamC2Ejj
                0x0001b19a       0x68 D:\LPCXpresso_7.7.2_379\workspace\uCXpresso.NRF\lib\libuCXpresso.NRF.a(stream.o)
                0x0001b19a                CStream::CStream(unsigned int, unsigned int)
 *fill*         0x0001b202        0x2 
 .text._ZN7CStreamD4Ev
                0x0001b204       0x74 D:\LPCXpresso_7.7.2_379\workspace\uCXpresso.NRF\lib\libuCXpresso.NRF.a(stream.o)
 .text._ZN7CStreamD2Ev
                0x0001b278        0xc D:\LPCXpresso_7.7.2_379\workspace\uCXpresso.NRF\lib\libuCXpresso.NRF.a(stream.o)
                0x0001b278                CStream::~CStream()
 .text._ZN7CStream4readEPvim
                0x0001b284       0x4c D:\LPCXpresso_7.7.2_379\workspace\uCXpresso.NRF\lib\libuCXpresso.NRF.a(stream.o)
                0x0001b284                CStream::read(void*, int, unsigned long)
 .text._ZN7CStream5writeEPKvim
                0x0001b2d0       0x5a D:\LPCXpresso_7.7.2_379\workspace\uCXpresso.NRF\lib\libuCXpresso.NRF.a(stream.o)
                0x0001b2d0                CStream::write(void const*, int, unsigned long)
 .text._ZN7CStream11waitTxEmptyEm
                0x0001b32a       0x26 D:\LPCXpresso_7.7.2_379\workspace\uCXpresso.NRF\lib\libuCXpresso.NRF.a(stream.o)
                0x0001b32a                CStream::waitTxEmpty(unsigned long)
 .text._ZN7CStream10parseFloatEb
                0x0001b350       0x62 D:\LPCXpresso_7.7.2_379\workspace\uCXpresso.NRF\lib\libuCXpresso.NRF.a(stream.o)
                0x0001b350                CStream::parseFloat(bool)
 .text._ZN7CStream8parseHexEb
                0x0001b3b2       0x5a D:\LPCXpresso_7.7.2_379\workspace\uCXpresso.NRF\lib\libuCXpresso.NRF.a(stream.o)
                0x0001b3b2                CStream::parseHex(bool)
 .text._ZN7CStream8parseIntEb
                0x0001b40c       0x5e D:\LPCXpresso_7.7.2_379\workspace\uCXpresso.NRF\lib\libuCXpresso.NRF.a(stream.o)
                0x0001b40c                CStream::parseInt(bool)
 .text._ZN7CStringdeEv
                0x0001b46a        0xc D:\LPCXpresso_7.7.2_379\workspace\uCXpresso.NRF\lib\libuCXpresso.NRF.a(string.o)
                0x0001b46a                CString::operator*()
 .text._ZN7CStringcvPKcEv
                0x0001b476        0xc D:\LPCXpresso_7.7.2_379\workspace\uCXpresso.NRF\lib\libuCXpresso.NRF.a(string.o)
                0x0001b476                CString::operator char const*()
 .text._ZN7CString4getcEv
                0x0001b482        0x4 D:\LPCXpresso_7.7.2_379\workspace\uCXpresso.NRF\lib\libuCXpresso.NRF.a(string.o)
                0x0001b482                CString::getc()
 .text._ZN7CString4getsEv
                0x0001b486        0xc D:\LPCXpresso_7.7.2_379\workspace\uCXpresso.NRF\lib\libuCXpresso.NRF.a(string.o)
                0x0001b486                CString::gets()
 .text._ZN7CString4freeEv
                0x0001b492        0x2 D:\LPCXpresso_7.7.2_379\workspace\uCXpresso.NRF\lib\libuCXpresso.NRF.a(string.o)
                0x0001b492                CString::free()
 .text._ZN7CString10getBufSizeEv
                0x0001b494        0x6 D:\LPCXpresso_7.7.2_379\workspace\uCXpresso.NRF\lib\libuCXpresso.NRF.a(string.o)
                0x0001b494                CString::getBufSize()
 .text._ZN7CString9getBufferEb
                0x0001b49a       0x18 D:\LPCXpresso_7.7.2_379\workspace\uCXpresso.NRF\lib\libuCXpresso.NRF.a(string.o)
                0x0001b49a                CString::getBuffer(bool)
 .text._ZN7CString9chkLengthEv
                0x0001b4b2       0x24 D:\LPCXpresso_7.7.2_379\workspace\uCXpresso.NRF\lib\libuCXpresso.NRF.a(string.o)
                0x0001b4b2                CString::chkLength()
 .text._ZN7CString6lengthEv
                0x0001b4d6        0x4 D:\LPCXpresso_7.7.2_379\workspace\uCXpresso.NRF\lib\libuCXpresso.NRF.a(string.o)
                0x0001b4d6                CString::length()
 .text._ZN7CString7restartEv
                0x0001b4da        0xa D:\LPCXpresso_7.7.2_379\workspace\uCXpresso.NRF\lib\libuCXpresso.NRF.a(string.o)
                0x0001b4da                CString::restart()
 .text._ZN7CString5getAtEi
                0x0001b4e4       0x10 D:\LPCXpresso_7.7.2_379\workspace\uCXpresso.NRF\lib\libuCXpresso.NRF.a(string.o)
                0x0001b4e4                CString::getAt(int)
 .text._ZN7CString5setAtEic
                0x0001b4f4       0x14 D:\LPCXpresso_7.7.2_379\workspace\uCXpresso.NRF\lib\libuCXpresso.NRF.a(string.o)
                0x0001b4f4                CString::setAt(int, char)
 .text._ZN7CString9makeUpperEv
                0x0001b508       0x30 D:\LPCXpresso_7.7.2_379\workspace\uCXpresso.NRF\lib\libuCXpresso.NRF.a(string.o)
                0x0001b508                CString::makeUpper()
 .text._ZN7CString9makeLowerEv
                0x0001b538       0x30 D:\LPCXpresso_7.7.2_379\workspace\uCXpresso.NRF\lib\libuCXpresso.NRF.a(string.o)
                0x0001b538                CString::makeLower()
 .text._ZN7CString4findEPKci
                0x0001b568       0x32 D:\LPCXpresso_7.7.2_379\workspace\uCXpresso.NRF\lib\libuCXpresso.NRF.a(string.o)
                0x0001b568                CString::find(char const*, int)
 .text._ZN7CString4findEPKPKcii
                0x0001b59a       0x32 D:\LPCXpresso_7.7.2_379\workspace\uCXpresso.NRF\lib\libuCXpresso.NRF.a(string.o)
                0x0001b59a                CString::find(char const* const*, int, int)
 .text._ZN7CString6findICEPKci
                0x0001b5cc       0x46 D:\LPCXpresso_7.7.2_379\workspace\uCXpresso.NRF\lib\libuCXpresso.NRF.a(string.o)
                0x0001b5cc                CString::findIC(char const*, int)
 .text._ZN7CString4findEci
                0x0001b612       0x1e D:\LPCXpresso_7.7.2_379\workspace\uCXpresso.NRF\lib\libuCXpresso.NRF.a(string.o)
                0x0001b612                CString::find(char, int)
 .text._ZN7CStringixEi
                0x0001b630        0xa D:\LPCXpresso_7.7.2_379\workspace\uCXpresso.NRF\lib\libuCXpresso.NRF.a(string.o)
                0x0001b630                CString::operator[](int)
 .text._ZN7CStringaSERS_
                0x0001b63a        0xa D:\LPCXpresso_7.7.2_379\workspace\uCXpresso.NRF\lib\libuCXpresso.NRF.a(string.o)
                0x0001b63a                CString::operator=(CString&)
 .text._ZN7CStringplEc
                0x0001b644        0xe D:\LPCXpresso_7.7.2_379\workspace\uCXpresso.NRF\lib\libuCXpresso.NRF.a(string.o)
                0x0001b644                CString::operator+(char)
 .text._ZN7CStringpLEc
                0x0001b652        0xa D:\LPCXpresso_7.7.2_379\workspace\uCXpresso.NRF\lib\libuCXpresso.NRF.a(string.o)
                0x0001b652                CString::operator+=(char)
 .text._ZN7CString9uriDecodeEPKc
                0x0001b65c       0x50 D:\LPCXpresso_7.7.2_379\workspace\uCXpresso.NRF\lib\libuCXpresso.NRF.a(string.o)
                0x0001b65c                CString::uriDecode(char const*)
 .text._ZN7CString5clearEv
                0x0001b6ac       0x2a D:\LPCXpresso_7.7.2_379\workspace\uCXpresso.NRF\lib\libuCXpresso.NRF.a(string.o)
                0x0001b6ac                CString::clear()
 .text._ZN7CString4copyEPKci
                0x0001b6d6       0x36 D:\LPCXpresso_7.7.2_379\workspace\uCXpresso.NRF\lib\libuCXpresso.NRF.a(string.o)
                0x0001b6d6                CString::copy(char const*, int)
 .text._ZN7CStringplEPKc
                0x0001b70c       0x36 D:\LPCXpresso_7.7.2_379\workspace\uCXpresso.NRF\lib\libuCXpresso.NRF.a(string.o)
                0x0001b70c                CString::operator+(char const*)
 .text._ZN7CStringpLEPKc
                0x0001b742       0x34 D:\LPCXpresso_7.7.2_379\workspace\uCXpresso.NRF\lib\libuCXpresso.NRF.a(string.o)
                0x0001b742                CString::operator+=(char const*)
 .text._ZN7CString5allocEi
                0x0001b776       0x30 D:\LPCXpresso_7.7.2_379\workspace\uCXpresso.NRF\lib\libuCXpresso.NRF.a(string.o)
                0x0001b776                CString::alloc(int)
 .text._ZN7CString7reallocEi
                0x0001b7a6       0x54 D:\LPCXpresso_7.7.2_379\workspace\uCXpresso.NRF\lib\libuCXpresso.NRF.a(string.o)
                0x0001b7a6                CString::realloc(int)
 .text._ZN7CString9freeExtraEv
                0x0001b7fa       0x24 D:\LPCXpresso_7.7.2_379\workspace\uCXpresso.NRF\lib\libuCXpresso.NRF.a(string.o)
                0x0001b7fa                CString::freeExtra()
 .text._ZN7CString11makeReverseEv
                0x0001b81e       0x1e D:\LPCXpresso_7.7.2_379\workspace\uCXpresso.NRF\lib\libuCXpresso.NRF.a(string.o)
                0x0001b81e                CString::makeReverse()
 .text._ZN7CString8parseIntEi
                0x0001b83c        0xe D:\LPCXpresso_7.7.2_379\workspace\uCXpresso.NRF\lib\libuCXpresso.NRF.a(string.o)
                0x0001b83c                CString::parseInt(int)
 .text._ZN7CString8parseHexEi
                0x0001b84a        0xe D:\LPCXpresso_7.7.2_379\workspace\uCXpresso.NRF\lib\libuCXpresso.NRF.a(string.o)
                0x0001b84a                CString::parseHex(int)
 .text._ZN7CString10parseFloatEi
                0x0001b858        0xc D:\LPCXpresso_7.7.2_379\workspace\uCXpresso.NRF\lib\libuCXpresso.NRF.a(string.o)
                0x0001b858                CString::parseFloat(int)
 .text._ZN7CStringeqERS_
                0x0001b864       0x1e D:\LPCXpresso_7.7.2_379\workspace\uCXpresso.NRF\lib\libuCXpresso.NRF.a(string.o)
                0x0001b864                CString::operator==(CString&)
 .text._ZN7CStringeqEPKc
                0x0001b882       0x28 D:\LPCXpresso_7.7.2_379\workspace\uCXpresso.NRF\lib\libuCXpresso.NRF.a(string.o)
                0x0001b882                CString::operator==(char const*)
 .text._ZN7CStringpLEm