Archive member included because of file (symbol)

D:\LPCXpresso_7.7.2_379\workspace\uCXpresso.NRF\lib\libuCXpresso.NRF.a(cr_cpp_config.o)
                              ./src/RssiFilter.o (operator delete(void*))
D:\LPCXpresso_7.7.2_379\workspace\uCXpresso.NRF\lib\libuCXpresso.NRF.a(cr_startup_nrf51822.o)
                              (ResetISR)
D:\LPCXpresso_7.7.2_379\workspace\uCXpresso.NRF\lib\libuCXpresso.NRF.a(pool_malloc.o)
                              ./src/setup.o (pool_memadd)
D:\LPCXpresso_7.7.2_379\workspace\uCXpresso.NRF\lib\libuCXpresso.NRF.a(system_nrf51.o)
                              D:\LPCXpresso_7.7.2_379\workspace\uCXpresso.NRF\lib\libuCXpresso.NRF.a(cr_startup_nrf51822.o) (SystemInit)
D:\LPCXpresso_7.7.2_379\workspace\uCXpresso.NRF\lib\libuCXpresso.NRF.a(uCXpresso.o)
                              D:\LPCXpresso_7.7.2_379\workspace\uCXpresso.NRF\lib\libuCXpresso.NRF.a(cr_startup_nrf51822.o) (ucxpresso_setup)
D:\LPCXpresso_7.7.2_379\workspace\uCXpresso.NRF\lib\libuCXpresso.NRF.a(bootloader.o)
                              D:\LPCXpresso_7.7.2_379\workspace\uCXpresso.NRF\lib\libuCXpresso.NRF.a(uCXpresso.o) (interrupts_disable)
D:\LPCXpresso_7.7.2_379\workspace\uCXpresso.NRF\lib\libuCXpresso.NRF.a(bootloader_util_gcc.o)
                              D:\LPCXpresso_7.7.2_379\workspace\uCXpresso.NRF\lib\libuCXpresso.NRF.a(bootloader.o) (bootloader_util_app_start)
D:\LPCXpresso_7.7.2_379\workspace\uCXpresso.NRF\lib\libuCXpresso.NRF.a(dfu_dual_bank.o)
                              D:\LPCXpresso_7.7.2_379\workspace\uCXpresso.NRF\lib\libuCXpresso.NRF.a(bootloader.o) (dfu_init)
D:\LPCXpresso_7.7.2_379\workspace\uCXpresso.NRF\lib\libuCXpresso.NRF.a(dfu_transport_ble.o)
                              D:\LPCXpresso_7.7.2_379\workspace\uCXpresso.NRF\lib\libuCXpresso.NRF.a(bootloader.o) (dfu_transport_update_start)
D:\LPCXpresso_7.7.2_379\workspace\uCXpresso.NRF\lib\libuCXpresso.NRF.a(ble_dfu.o)
                              D:\LPCXpresso_7.7.2_379\workspace\uCXpresso.NRF\lib\libuCXpresso.NRF.a(dfu_transport_ble.o) (ble_dfu_init)
D:\LPCXpresso_7.7.2_379\workspace\uCXpresso.NRF\lib\libuCXpresso.NRF.a(ble_advdata.o)
                              D:\LPCXpresso_7.7.2_379\workspace\uCXpresso.NRF\lib\libuCXpresso.NRF.a(dfu_transport_ble.o) (ble_advdata_set)
D:\LPCXpresso_7.7.2_379\workspace\uCXpresso.NRF\lib\libuCXpresso.NRF.a(ble_conn_params.o)
                              D:\LPCXpresso_7.7.2_379\workspace\uCXpresso.NRF\lib\libuCXpresso.NRF.a(dfu_transport_ble.o) (ble_conn_params_init)
D:\LPCXpresso_7.7.2_379\workspace\uCXpresso.NRF\lib\libuCXpresso.NRF.a(app_scheduler.o)
                              D:\LPCXpresso_7.7.2_379\workspace\uCXpresso.NRF\lib\libuCXpresso.NRF.a(bootloader.o) (app_sched_execute)
D:\LPCXpresso_7.7.2_379\workspace\uCXpresso.NRF\lib\libuCXpresso.NRF.a(crc16.o)
                              D:\LPCXpresso_7.7.2_379\workspace\uCXpresso.NRF\lib\libuCXpresso.NRF.a(bootloader.o) (crc16_compute)
D:\LPCXpresso_7.7.2_379\workspace\uCXpresso.NRF\lib\libuCXpresso.NRF.a(pstorage.o)
                              D:\LPCXpresso_7.7.2_379\workspace\uCXpresso.NRF\lib\libuCXpresso.NRF.a(bootloader.o) (pstorage_init)
D:\LPCXpresso_7.7.2_379\workspace\uCXpresso.NRF\lib\libuCXpresso.NRF.a(tasks.o)
                              D:\LPCXpresso_7.7.2_379\workspace\uCXpresso.NRF\lib\libuCXpresso.NRF.a(uCXpresso.o) (xTaskGenericCreate)
D:\LPCXpresso_7.7.2_379\workspace\uCXpresso.NRF\lib\libuCXpresso.NRF.a(memory.o)
                              D:\LPCXpresso_7.7.2_379\workspace\uCXpresso.NRF\lib\libuCXpresso.NRF.a(cr_cpp_config.o) (xMalloc)
D:\LPCXpresso_7.7.2_379\workspace\uCXpresso.NRF\lib\libuCXpresso.NRF.a(port.o)
                              D:\LPCXpresso_7.7.2_379\workspace\uCXpresso.NRF\lib\libuCXpresso.NRF.a(tasks.o) (pxPortInitialiseStack)
D:\LPCXpresso_7.7.2_379\workspace\uCXpresso.NRF\lib\libuCXpresso.NRF.a(ble_advertising.o)
                              ./src/main.o (bleAdvertising::interval(float))
D:\LPCXpresso_7.7.2_379\workspace\uCXpresso.NRF\lib\libuCXpresso.NRF.a(ble_conn_params.o)
                              ./src/main.o (bleConnParams::bleConnParams(bleDevice&, ble_gap_conn_params_t const*, unsigned short, unsigned short, unsigned short, bool, unsigned short))
D:\LPCXpresso_7.7.2_379\workspace\uCXpresso.NRF\lib\libuCXpresso.NRF.a(ble_device.o)
                              D:\LPCXpresso_7.7.2_379\workspace\uCXpresso.NRF\lib\libuCXpresso.NRF.a(bootloader.o) (app_error_handler)
D:\LPCXpresso_7.7.2_379\workspace\uCXpresso.NRF\lib\libuCXpresso.NRF.a(ble_device_manager.o)
                              D:\LPCXpresso_7.7.2_379\workspace\uCXpresso.NRF\lib\libuCXpresso.NRF.a(ble_advertising.o) (bleDeviceManager::whitelist_create(ble_gap_whitelist_t*))
D:\LPCXpresso_7.7.2_379\workspace\uCXpresso.NRF\lib\libuCXpresso.NRF.a(ble_gap.o)
                              ./src/main.o (bleGAP::settings(char const*, float, float, unsigned short, unsigned short))
[...]
Memory Configuration

Name             Origin             Length             Attributes
FLASH            0x00016000         0x00025000         xr
RAM              0x20002000         0x00002000         xrw
*default*        0x00000000         0xffffffff

Linker script and memory map

LOAD ./src/RssiFilter.o
LOAD ./src/at_command.o
LOAD ./src/main.o
LOAD ./src/setup.o
LOAD D:\LPCXpresso_7.7.2_379\workspace\uCXpresso.NRF\lib\libuCXpresso.NRF.a
START GROUP
LOAD c:/nxp/lpcxpresso_7.7.2_379/lpcxpresso/tools/bin/../lib/gcc/arm-none-eabi/4.9.3/armv6-m\libgcc.a
LOAD c:/nxp/lpcxpresso_7.7.2_379/lpcxpresso/tools/bin/../lib/gcc/arm-none-eabi/4.9.3/../../../../arm-none-eabi/lib/armv6-m\libc.a
LOAD c:/nxp/lpcxpresso_7.7.2_379/lpcxpresso/tools/bin/../lib/gcc/arm-none-eabi/4.9.3/../../../../arm-none-eabi/lib/armv6-m\libstdc++.a
LOAD c:/nxp/lpcxpresso_7.7.2_379/lpcxpresso/tools/bin/../lib/gcc/arm-none-eabi/4.9.3/../../../../arm-none-eabi/lib/armv6-m\libm.a
LOAD c:/nxp/lpcxpresso_7.7.2_379/lpcxpresso/tools/bin/../lib/gcc/arm-none-eabi/4.9.3/armv6-m\crti.o
LOAD c:/nxp/lpcxpresso_7.7.2_379/lpcxpresso/tools/bin/../lib/gcc/arm-none-eabi/4.9.3/armv6-m\crtn.o
LOAD c:/nxp/lpcxpresso_7.7.2_379/lpcxpresso/tools/bin/../lib/gcc/arm-none-eabi/4.9.3/armv6-m\crtbegin.o
LOAD c:/nxp/lpcxpresso_7.7.2_379/lpcxpresso/tools/bin/../lib/gcc/arm-none-eabi/4.9.3/armv6-m\crtend.o
END GROUP
                0x0003b000                __top_FLASH = 0x3b000
                0x20004000                __top_RAM = 0x20004000

.text           0x00016000     0xb2b8
 FILL mask 0xff
                0x00016000                __vectors_start__ = ABSOLUTE (.)
 *(.isr_vector)
 .isr_vector    0x00016000       0xc0 D:\LPCXpresso_7.7.2_379\workspace\uCXpresso.NRF\lib\libuCXpresso.NRF.a(cr_startup_nrf51822.o)
                0x00016000                g_pfnVectors
                0x000160c0                . = ALIGN (0x4)
                0x000160c0                __section_table_start = .
                0x000160c0                __data_section_table = .
                0x000160c0        0x4 LONG 0x212b8 LOADADDR (.data)
                0x000160c4        0x4 LONG 0x20002000 ADDR (.data)
                0x000160c8        0x4 LONG 0x28 SIZEOF (.data)
                0x000160cc                __data_section_table_end = .
                0x000160cc                __bss_section_table = .
                0x000160cc        0x4 LONG 0x20002028 ADDR (.bss)
                0x000160d0        0x4 LONG 0x1ba0 SIZEOF (.bss)
                0x000160d4                __bss_section_table_end = .
                0x000160d4                __section_table_end = .
 *(.after_vectors*)
 .after_vectors
                0x000160d4       0x88 D:\LPCXpresso_7.7.2_379\workspace\uCXpresso.NRF\lib\libuCXpresso.NRF.a(cr_startup_nrf51822.o)
                0x000160d4                NMI_Handler
                0x000160d6                HardFault_Handler
                0x000160d8                SVC_Handler
                0x000160da                GPIOTE_IRQHandler
                0x000160da                RTC0_IRQHandler
                0x000160da                SPI0_TWI0_IRQHandler
                0x000160da                POWER_CLOCK_IRQHandler
                0x000160da                RADIO_IRQHandler
                0x000160da                LPCOMP_IRQHandler
                0x000160da                SWI4_IRQHandler
                0x000160da                TEMP_IRQHandler
                0x000160da                QDEC_IRQHandler
                0x000160da                IntDefaultHandler
                0x000160da                SWI5_IRQHandler
                0x000160da                TIMER0_IRQHandler
                0x000160da                SWI0_IRQHandler
                0x000160da                TIMER1_IRQHandler
                0x000160da                ECB_IRQHandler
                0x000160da                ADC_IRQHandler
                0x000160da                SPI1_TWI1_IRQHandler
                0x000160da                SWI3_IRQHandler
                0x000160da                RNG_IRQHandler
                0x000160da                CCM_AAR_IRQHandler
                0x000160da                WDT_IRQHandler
                0x000160da                TIMER2_IRQHandler
                0x000160da                SWI1_IRQHandler
                0x000160dc                data_init(unsigned int, unsigned int, unsigned int)
                0x000160ee                bss_init(unsigned int, unsigned int)
                0x000160fe                ResetISR
 *(.text*)
 .text._ZN11CRssiFilterD2Ev
                0x0001615c        0xc ./src/RssiFilter.o
                0x0001615c                CRssiFilter::~CRssiFilter()
                0x0001615c                CRssiFilter::~CRssiFilter()
 .text._ZN11CRssiFilterD0Ev
                0x00016168       0x18 ./src/RssiFilter.o
                0x00016168                CRssiFilter::~CRssiFilter()
 .text._ZN11CRssiFilterC2Ev
                0x00016180       0x1c ./src/RssiFilter.o
                0x00016180                CRssiFilter::CRssiFilter()
                0x00016180                CRssiFilter::CRssiFilter()
 .text._ZN11CRssiFilter8SamplingEi
                0x0001619c       0x38 ./src/RssiFilter.o
                0x0001619c                CRssiFilter::Sampling(int)
 .text._ZN7CObject8isThreadEv
                0x000161d4        0x4 ./src/at_command.o
                0x000161d4                CObject::isThread()
 .text._ZN7CObject7isValidEv
                0x000161d8        0x4 ./src/at_command.o
                0x000161d8                CObject::isValid()
 .text._ZN9atCommandC2ER7CStream
                0x000161dc       0x28 ./src/at_command.o
                0x000161dc                atCommand::atCommand(CStream&)
                0x000161dc                atCommand::atCommand(CStream&)
 .text._ZN9atCommandD2Ev
                0x00016204       0x1c ./src/at_command.o
                0x00016204                atCommand::~atCommand()
                0x00016204                atCommand::~atCommand()
 .text._ZN9atCommandD0Ev
                0x00016220       0x12 ./src/at_command.o
                0x00016220                atCommand::~atCommand()
 .text._ZN9atCommand5parseEv
                0x00016232       0x70 ./src/at_command.o
                0x00016232                atCommand::parse()
 *fill*         0x000162a2        0x2 
 .text._ZN8CTimeoutD2Ev
                0x000162a4       0x14 ./src/main.o
                0x000162a4                CTimeout::~CTimeout()
                0x000162a4                CTimeout::~CTimeout()
 .text._ZN4CPinaSE11PIN_LEVEL_T
                0x000162b8        0xa ./src/main.o
                0x000162b8                CPin::operator=(PIN_LEVEL_T)
 .text._ZN8CTimeout9isExpiredEm
                0x000162c2       0x12 ./src/main.o
                0x000162c2                CTimeout::isExpired(unsigned long)
 .text._ZN8CTimeoutD0Ev
                0x000162d4       0x12 ./src/main.o
                0x000162d4                CTimeout::~CTimeout()
 *fill*         0x000162e6        0x2 
 .text.startup._GLOBAL__sub_I_ble
                0x000162e8       0x58 ./src/main.o
 .text._Z17at_command_handleP7CStreamR7CString
                0x00016340      0x184 ./src/main.o
                0x00016340                at_command_handle(CStream*, CString&)
 .text.startup.main
                0x000164c4      0x334 ./src/main.o
                0x000164c4                main
 .text.sys_setup
                0x000167f8       0x28 ./src/setup.o
                0x000167f8                sys_setup
 .text.malloc   0x00016820        0x8 D:\LPCXpresso_7.7.2_379\workspace\uCXpresso.NRF\lib\libuCXpresso.NRF.a(cr_cpp_config.o)
                0x00016820                malloc
 .text.free     0x00016828        0x8 D:\LPCXpresso_7.7.2_379\workspace\uCXpresso.NRF\lib\libuCXpresso.NRF.a(cr_cpp_config.o)
                0x00016828                free
 .text._Znwj    0x00016830        0x8 D:\LPCXpresso_7.7.2_379\workspace\uCXpresso.NRF\lib\libuCXpresso.NRF.a(cr_cpp_config.o)
                0x00016830                operator new(unsigned int)
 .text._Znaj    0x00016838        0x8 D:\LPCXpresso_7.7.2_379\workspace\uCXpresso.NRF\lib\libuCXpresso.NRF.a(cr_cpp_config.o)
                0x00016838                operator new[](unsigned int)
 .text._ZdlPv   0x00016840        0x8 D:\LPCXpresso_7.7.2_379\workspace\uCXpresso.NRF\lib\libuCXpresso.NRF.a(cr_cpp_config.o)
                0x00016840                operator delete(void*)
 .text.__aeabi_atexit
                0x00016848        0x4 D:\LPCXpresso_7.7.2_379\workspace\uCXpresso.NRF\lib\libuCXpresso.NRF.a(cr_cpp_config.o)
                0x00016848                __aeabi_atexit
 .text.__cxa_pure_virtual
                0x0001684c        0x2 D:\LPCXpresso_7.7.2_379\workspace\uCXpresso.NRF\lib\libuCXpresso.NRF.a(cr_cpp_config.o)
                0x0001684c                __cxa_pure_virtual
 .text.block_combine_next.isra.0
                0x0001684e       0x24 D:\LPCXpresso_7.7.2_379\workspace\uCXpresso.NRF\lib\libuCXpresso.NRF.a(pool_malloc.o)
 .text.block_divide.isra.1
                0x00016872       0x2c D:\LPCXpresso_7.7.2_379\workspace\uCXpresso.NRF\lib\libuCXpresso.NRF.a(pool_malloc.o)
 *fill*         0x0001689e        0x2 
 .text.pool_memadd
                0x000168a0       0x70 D:\LPCXpresso_7.7.2_379\workspace\uCXpresso.NRF\lib\libuCXpresso.NRF.a(pool_malloc.o)
                0x000168a0                pool_memadd
 .text.pool_chk_range
                0x00016910       0x38 D:\LPCXpresso_7.7.2_379\workspace\uCXpresso.NRF\lib\libuCXpresso.NRF.a(pool_malloc.o)
                0x00016910                pool_chk_range
 .text.BLOCK_CHECK
                0x00016948       0x78 D:\LPCXpresso_7.7.2_379\workspace\uCXpresso.NRF\lib\libuCXpresso.NRF.a(pool_malloc.o)
 .text.pool_malloc
                0x000169c0       0x6c D:\LPCXpresso_7.7.2_379\workspace\uCXpresso.NRF\lib\libuCXpresso.NRF.a(pool_malloc.o)
                0x000169c0                pool_malloc
 .text.pool_free
                0x00016a2c       0x58 D:\LPCXpresso_7.7.2_379\workspace\uCXpresso.NRF\lib\libuCXpresso.NRF.a(pool_malloc.o)
                0x00016a2c                pool_free
 .text.pool_memcpy
                0x00016a84       0x12 D:\LPCXpresso_7.7.2_379\workspace\uCXpresso.NRF\lib\libuCXpresso.NRF.a(pool_malloc.o)
                0x00016a84                pool_memcpy
 .text.pool_realloc
                0x00016a96       0x64 D:\LPCXpresso_7.7.2_379\workspace\uCXpresso.NRF\lib\libuCXpresso.NRF.a(pool_malloc.o)
                0x00016a96                pool_realloc
 .text.pool_memset
                0x00016afa        0xc D:\LPCXpresso_7.7.2_379\workspace\uCXpresso.NRF\lib\libuCXpresso.NRF.a(pool_malloc.o)
                0x00016afa                pool_memset
 .text.pool_memsize
                0x00016b06        0x8 D:\LPCXpresso_7.7.2_379\workspace\uCXpresso.NRF\lib\libuCXpresso.NRF.a(pool_malloc.o)
                0x00016b06                pool_memsize
 *fill*         0x00016b0e        0x2 
 .text.pool_freesize
                0x00016b10       0x30 D:\LPCXpresso_7.7.2_379\workspace\uCXpresso.NRF\lib\libuCXpresso.NRF.a(pool_malloc.o)
                0x00016b10                pool_freesize
 .text.pool_free_tag
                0x00016b40       0x78 D:\LPCXpresso_7.7.2_379\workspace\uCXpresso.NRF\lib\libuCXpresso.NRF.a(pool_malloc.o)
                0x00016b40                pool_free_tag
 .text.SystemInit
                0x00016bb8       0x8c D:\LPCXpresso_7.7.2_379\workspace\uCXpresso.NRF\lib\libuCXpresso.NRF.a(system_nrf51.o)
                0x00016bb8                SystemInit
 .text.sd_softdevice_disable
                0x00016c44        0x4 D:\LPCXpresso_7.7.2_379\workspace\uCXpresso.NRF\lib\libuCXpresso.NRF.a(uCXpresso.o)
 .text.main_task
                0x00016c48        0xe D:\LPCXpresso_7.7.2_379\workspace\uCXpresso.NRF\lib\libuCXpresso.NRF.a(uCXpresso.o)
                0x00016c48                main_task
 *fill*         0x00016c56        0x2 
 .text.ucxpresso_setup
                0x00016c58       0x24 D:\LPCXpresso_7.7.2_379\workspace\uCXpresso.NRF\lib\libuCXpresso.NRF.a(uCXpresso.o)
                0x00016c58                ucxpresso_setup
 .text.system_reset
                0x00016c7c       0x28 D:\LPCXpresso_7.7.2_379\workspace\uCXpresso.NRF\lib\libuCXpresso.NRF.a(uCXpresso.o)
                0x00016c7c                system_reset
 .text.ucxpresso_main
                0x00016ca4       0x40 D:\LPCXpresso_7.7.2_379\workspace\uCXpresso.NRF\lib\libuCXpresso.NRF.a(uCXpresso.o)
                0x00016ca4                ucxpresso_main
 .text.sleep    0x00016ce4        0x8 D:\LPCXpresso_7.7.2_379\workspace\uCXpresso.NRF\lib\libuCXpresso.NRF.a(uCXpresso.o)
                0x00016ce4                sleep
 .text.isFromStack
                0x00016cec       0x2e D:\LPCXpresso_7.7.2_379\workspace\uCXpresso.NRF\lib\libuCXpresso.NRF.a(uCXpresso.o)
                0x00016cec                isFromStack
 *fill*         0x00016d1a        0x2 
 .text.kernel_code_level
                0x00016d1c       0x24 D:\LPCXpresso_7.7.2_379\workspace\uCXpresso.NRF\lib\libuCXpresso.NRF.a(uCXpresso.o)
                0x00016d1c                kernel_code_level
 .text.interrupts_disable
                0x00016d40       0x24 D:\LPCXpresso_7.7.2_379\workspace\uCXpresso.NRF\lib\libuCXpresso.NRF.a(bootloader.o)
                0x00016d40                interrupts_disable
 .text.sd_ble_gap_adv_data_set
                0x00016d64        0x4 D:\LPCXpresso_7.7.2_379\workspace\uCXpresso.NRF\lib\libuCXpresso.NRF.a(ble_advdata.o)
 .text.sd_ble_gap_appearance_get
                0x00016d68        0x4 D:\LPCXpresso_7.7.2_379\workspace\uCXpresso.NRF\lib\libuCXpresso.NRF.a(ble_advdata.o)
 .text.sd_ble_gap_device_name_get
                0x00016d6c        0x4 D:\LPCXpresso_7.7.2_379\workspace\uCXpresso.NRF\lib\libuCXpresso.NRF.a(ble_advdata.o)
 .text.sd_ble_uuid_encode
                0x00016d70        0x4 D:\LPCXpresso_7.7.2_379\workspace\uCXpresso.NRF\lib\libuCXpresso.NRF.a(ble_advdata.o)
 .text.uuid_list_sized_encode
                0x00016d74       0xaa D:\LPCXpresso_7.7.2_379\workspace\uCXpresso.NRF\lib\libuCXpresso.NRF.a(ble_advdata.o)
 .text.uuid_list_encode
                0x00016e1e       0x26 D:\LPCXpresso_7.7.2_379\workspace\uCXpresso.NRF\lib\libuCXpresso.NRF.a(ble_advdata.o)
 .text.adv_data_encode
                0x00016e44      0x2fc D:\LPCXpresso_7.7.2_379\workspace\uCXpresso.NRF\lib\libuCXpresso.NRF.a(ble_advdata.o)
 .text.ble_advdata_set
                0x00017140       0x70 D:\LPCXpresso_7.7.2_379\workspace\uCXpresso.NRF\lib\libuCXpresso.NRF.a(ble_advdata.o)
                0x00017140                ble_advdata_set
 .text.sd_ble_gap_conn_param_update
                0x000171b0        0x4 D:\LPCXpresso_7.7.2_379\workspace\uCXpresso.NRF\lib\libuCXpresso.NRF.a(ble_conn_params.o)
 .text.sd_ble_gap_disconnect
                0x000171b4        0x4 D:\LPCXpresso_7.7.2_379\workspace\uCXpresso.NRF\lib\libuCXpresso.NRF.a(ble_conn_params.o)
 .text.sd_ble_gap_ppcp_set
                0x000171b8        0x4 D:\LPCXpresso_7.7.2_379\workspace\uCXpresso.NRF\lib\libuCXpresso.NRF.a(ble_conn_params.o)
 .text.sd_ble_gap_ppcp_get
                0x000171bc        0x4 D:\LPCXpresso_7.7.2_379\workspace\uCXpresso.NRF\lib\libuCXpresso.NRF.a(ble_conn_params.o)
 .text.conn_params_negotiation
                0x000171c0       0x6c D:\LPCXpresso_7.7.2_379\workspace\uCXpresso.NRF\lib\libuCXpresso.NRF.a(ble_conn_params.o)
 .text.cp_update_timeout_handler
                0x0001722c       0x7c D:\LPCXpresso_7.7.2_379\workspace\uCXpresso.NRF\lib\libuCXpresso.NRF.a(ble_conn_params.o)
                0x0001722c                cp_update_timeout_handler
 .text.ble_conn_params_init
                0x000172a8       0x68 D:\LPCXpresso_7.7.2_379\workspace\uCXpresso.NRF\lib\libuCXpresso.NRF.a(ble_conn_params.o)
                0x000172a8                ble_conn_params_init
 .text.ble_conn_params_stop
                0x00017310        0xc D:\LPCXpresso_7.7.2_379\workspace\uCXpresso.NRF\lib\libuCXpresso.NRF.a(ble_conn_params.o)
                0x00017310                ble_conn_params_stop
 .text.ble_conn_params_on_ble_evt
                0x0001731c       0x98 D:\LPCXpresso_7.7.2_379\workspace\uCXpresso.NRF\lib\libuCXpresso.NRF.a(ble_conn_params.o)
                0x0001731c                ble_conn_params_on_ble_evt
 .text.sd_flash_write
                0x000173b4        0x4 D:\LPCXpresso_7.7.2_379\workspace\uCXpresso.NRF\lib\libuCXpresso.NRF.a(pstorage.o)
 .text.sd_flash_page_erase
                0x000173b8        0x4 D:\LPCXpresso_7.7.2_379\workspace\uCXpresso.NRF\lib\libuCXpresso.NRF.a(pstorage.o)
 .text.app_notify
                0x000173bc       0x44 D:\LPCXpresso_7.7.2_379\workspace\uCXpresso.NRF\lib\libuCXpresso.NRF.a(pstorage.o)
 .text.swap_state_process
                0x00017400      0x1a4 D:\LPCXpresso_7.7.2_379\workspace\uCXpresso.NRF\lib\libuCXpresso.NRF.a(pstorage.o)
 .text.cmd_process
                0x000175a4      0x10c D:\LPCXpresso_7.7.2_379\workspace\uCXpresso.NRF\lib\libuCXpresso.NRF.a(pstorage.o)
 .text.cmd_queue_dequeue
                0x000176b0       0x20 D:\LPCXpresso_7.7.2_379\workspace\uCXpresso.NRF\lib\libuCXpresso.NRF.a(pstorage.o)
 .text.pstorage_sys_event_handler
                0x000176d0       0xec D:\LPCXpresso_7.7.2_379\workspace\uCXpresso.NRF\lib\libuCXpresso.NRF.a(pstorage.o)
                0x000176d0                pstorage_sys_event_handler
 .text.pstorage_init
                0x000177bc       0xa0 D:\LPCXpresso_7.7.2_379\workspace\uCXpresso.NRF\lib\libuCXpresso.NRF.a(pstorage.o)
                0x000177bc                pstorage_init
 .text.pstorage_access_status_get
                0x0001785c       0x24 D:\LPCXpresso_7.7.2_379\workspace\uCXpresso.NRF\lib\libuCXpresso.NRF.a(pstorage.o)
                0x0001785c                pstorage_access_status_get
 .text.prvGetExpectedIdleTime
                0x00017880       0x30 D:\LPCXpresso_7.7.2_379\workspace\uCXpresso.NRF\lib\libuCXpresso.NRF.a(tasks.o)
 .text.prvListTaskWithinSingleList
                0x000178b0       0x8c D:\LPCXpresso_7.7.2_379\workspace\uCXpresso.NRF\lib\libuCXpresso.NRF.a(tasks.o)
 .text.prvResetNextTaskUnblockTime
                0x0001793c       0x28 D:\LPCXpresso_7.7.2_379\workspace\uCXpresso.NRF\lib\libuCXpresso.NRF.a(tasks.o)
 .text.prvAddCurrentTaskToDelayedList
                0x00017964       0x4c D:\LPCXpresso_7.7.2_379\workspace\uCXpresso.NRF\lib\libuCXpresso.NRF.a(tasks.o)
 .text.xTaskGenericCreate
                0x000179b0      0x1ac D:\LPCXpresso_7.7.2_379\workspace\uCXpresso.NRF\lib\libuCXpresso.NRF.a(tasks.o)
                0x000179b0                xTaskGenericCreate
 .text.vTaskDelete
                0x00017b5c       0x7c D:\LPCXpresso_7.7.2_379\workspace\uCXpresso.NRF\lib\libuCXpresso.NRF.a(tasks.o)
                0x00017b5c                vTaskDelete
 .text.uxTaskPriorityGet
                0x00017bd8       0x20 D:\LPCXpresso_7.7.2_379\workspace\uCXpresso.NRF\lib\libuCXpresso.NRF.a(tasks.o)
                0x00017bd8                uxTaskPriorityGet
 .text.vTaskPrioritySet
                0x00017bf8       0xa4 D:\LPCXpresso_7.7.2_379\workspace\uCXpresso.NRF\lib\libuCXpresso.NRF.a(tasks.o)
                0x00017bf8                vTaskPrioritySet
 .text.prvTaskIsTaskSuspended
                0x00017c9c       0x24 D:\LPCXpresso_7.7.2_379\workspace\uCXpresso.NRF\lib\libuCXpresso.NRF.a(tasks.o)
                0x00017c9c                prvTaskIsTaskSuspended
 .text.vTaskResume
                0x00017cc0       0x60 D:\LPCXpresso_7.7.2_379\workspace\uCXpresso.NRF\lib\libuCXpresso.NRF.a(tasks.o)
                0x00017cc0                vTaskResume
 .text.vTaskStartScheduler
                0x00017d20       0x3c D:\LPCXpresso_7.7.2_379\workspace\uCXpresso.NRF\lib\libuCXpresso.NRF.a(tasks.o)
                0x00017d20                vTaskStartScheduler
 .text.vTaskSuspendAll
                0x00017d5c       0x10 D:\LPCXpresso_7.7.2_379\workspace\uCXpresso.NRF\lib\libuCXpresso.NRF.a(tasks.o)
                0x00017d5c                vTaskSuspendAll
 .text.xTaskGetTickCount
                0x00017d6c       0x18 D:\LPCXpresso_7.7.2_379\workspace\uCXpresso.NRF\lib\libuCXpresso.NRF.a(tasks.o)
                0x00017d6c                xTaskGetTickCount
 .text.uxTaskGetNumberOfTasks
                0x00017d84        0xc D:\LPCXpresso_7.7.2_379\workspace\uCXpresso.NRF\lib\libuCXpresso.NRF.a(tasks.o)
                0x00017d84                uxTaskGetNumberOfTasks
 .text.vTaskStepTick
                0x00017d90       0x10 D:\LPCXpresso_7.7.2_379\workspace\uCXpresso.NRF\lib\libuCXpresso.NRF.a(tasks.o)
                0x00017d90                vTaskStepTick
 .text.xTaskIncrementTick
                0x00017da0      0x108 D:\LPCXpresso_7.7.2_379\workspace\uCXpresso.NRF\lib\libuCXpresso.NRF.a(tasks.o)
                0x00017da0                xTaskIncrementTick
 .text.xTaskResumeAll
                0x00017ea8       0xc4 D:\LPCXpresso_7.7.2_379\workspace\uCXpresso.NRF\lib\libuCXpresso.NRF.a(tasks.o)
                0x00017ea8                xTaskResumeAll
 .text.vTaskDelayUntil
                0x00017f6c       0x58 D:\LPCXpresso_7.7.2_379\workspace\uCXpresso.NRF\lib\libuCXpresso.NRF.a(tasks.o)
                0x00017f6c                vTaskDelayUntil
 .text.vTaskDelay
                0x00017fc4       0x38 D:\LPCXpresso_7.7.2_379\workspace\uCXpresso.NRF\lib\libuCXpresso.NRF.a(tasks.o)
                0x00017fc4                vTaskDelay
 .text.prvIdleTask
                0x00017ffc       0x88 D:\LPCXpresso_7.7.2_379\workspace\uCXpresso.NRF\lib\libuCXpresso.NRF.a(tasks.o)
 .text.uxTaskGetSystemState
                0x00018084       0x9c D:\LPCXpresso_7.7.2_379\workspace\uCXpresso.NRF\lib\libuCXpresso.NRF.a(tasks.o)
                0x00018084                uxTaskGetSystemState
 .text.vTaskSwitchContext
                0x00018120       0x68 D:\LPCXpresso_7.7.2_379\workspace\uCXpresso.NRF\lib\libuCXpresso.NRF.a(tasks.o)
                0x00018120                vTaskSwitchContext
 .text.vTaskSuspend
                0x00018188       0x80 D:\LPCXpresso_7.7.2_379\workspace\uCXpresso.NRF\lib\libuCXpresso.NRF.a(tasks.o)
                0x00018188                vTaskSuspend
 .text.vTaskPlaceOnEventList
                0x00018208       0x40 D:\LPCXpresso_7.7.2_379\workspace\uCXpresso.NRF\lib\libuCXpresso.NRF.a(tasks.o)
                0x00018208                vTaskPlaceOnEventList
 .text.xTaskRemoveFromEventList
                0x00018248       0x70 D:\LPCXpresso_7.7.2_379\workspace\uCXpresso.NRF\lib\libuCXpresso.NRF.a(tasks.o)
                0x00018248                xTaskRemoveFromEventList
 .text.vTaskSetTimeOutState
                0x000182b8       0x18 D:\LPCXpresso_7.7.2_379\workspace\uCXpresso.NRF\lib\libuCXpresso.NRF.a(tasks.o)
                0x000182b8                vTaskSetTimeOutState
 .text.xTaskCheckForTimeOut
                0x000182d0       0x50 D:\LPCXpresso_7.7.2_379\workspace\uCXpresso.NRF\lib\libuCXpresso.NRF.a(tasks.o)
                0x000182d0                xTaskCheckForTimeOut
 .text.vTaskMissedYield
                0x00018320        0xc D:\LPCXpresso_7.7.2_379\workspace\uCXpresso.NRF\lib\libuCXpresso.NRF.a(tasks.o)
                0x00018320                vTaskMissedYield
 .text.uxTaskGetTaskNumber
                0x0001832c        0x8 D:\LPCXpresso_7.7.2_379\workspace\uCXpresso.NRF\lib\libuCXpresso.NRF.a(tasks.o)
                0x0001832c                uxTaskGetTaskNumber
 .text.eTaskConfirmSleepModeStatus
                0x00018334       0x38 D:\LPCXpresso_7.7.2_379\workspace\uCXpresso.NRF\lib\libuCXpresso.NRF.a(tasks.o)
                0x00018334                eTaskConfirmSleepModeStatus
 .text.xTaskGetCurrentTaskHandle
                0x0001836c        0xc D:\LPCXpresso_7.7.2_379\workspace\uCXpresso.NRF\lib\libuCXpresso.NRF.a(tasks.o)
                0x0001836c                xTaskGetCurrentTaskHandle
 .text.vTaskPriorityInherit
                0x00018378       0x6c D:\LPCXpresso_7.7.2_379\workspace\uCXpresso.NRF\lib\libuCXpresso.NRF.a(tasks.o)
                0x00018378                vTaskPriorityInherit
 .text.xTaskPriorityDisinherit
                0x000183e4       0x54 D:\LPCXpresso_7.7.2_379\workspace\uCXpresso.NRF\lib\libuCXpresso.NRF.a(tasks.o)
                0x000183e4                xTaskPriorityDisinherit
 .text.vTaskList
                0x00018438       0xb8 D:\LPCXpresso_7.7.2_379\workspace\uCXpresso.NRF\lib\libuCXpresso.NRF.a(tasks.o)
                0x00018438                vTaskList
 .text.pvTaskIncrementMutexHeldCount
                0x000184f0       0x18 D:\LPCXpresso_7.7.2_379\workspace\uCXpresso.NRF\lib\libuCXpresso.NRF.a(tasks.o)
                0x000184f0                pvTaskIncrementMutexHeldCount
 .text.xMalloc  0x00018508       0x18 D:\LPCXpresso_7.7.2_379\workspace\uCXpresso.NRF\lib\libuCXpresso.NRF.a(memory.o)
                0x00018508                xMalloc
 .text.xFree    0x00018520       0x14 D:\LPCXpresso_7.7.2_379\workspace\uCXpresso.NRF\lib\libuCXpresso.NRF.a(memory.o)
                0x00018520                xFree
 .text.xRealloc
                0x00018534       0x1c D:\LPCXpresso_7.7.2_379\workspace\uCXpresso.NRF\lib\libuCXpresso.NRF.a(memory.o)
                0x00018534                xRealloc
 .text.memcpy   0x00018550       0x20 D:\LPCXpresso_7.7.2_379\workspace\uCXpresso.NRF\lib\libuCXpresso.NRF.a(memory.o)
                0x00018550                memcpy
 .text.memset   0x00018570       0x20 D:\LPCXpresso_7.7.2_379\workspace\uCXpresso.NRF\lib\libuCXpresso.NRF.a(memory.o)
                0x00018570                memset
 .text.xGetPoolFreeSize
                0x00018590       0x1e D:\LPCXpresso_7.7.2_379\workspace\uCXpresso.NRF\lib\libuCXpresso.NRF.a(memory.o)
                0x00018590                xGetPoolFreeSize
 .text.xGarbageCollector
                0x000185ae       0x18 D:\LPCXpresso_7.7.2_379\workspace\uCXpresso.NRF\lib\libuCXpresso.NRF.a(memory.o)
                0x000185ae                xGarbageCollector
 .text.sd_app_evt_wait
                0x000185c6        0x4 D:\LPCXpresso_7.7.2_379\workspace\uCXpresso.NRF\lib\libuCXpresso.NRF.a(port.o)
 .text.prvTaskExitError
                0x000185ca        0x4 D:\LPCXpresso_7.7.2_379\workspace\uCXpresso.NRF\lib\libuCXpresso.NRF.a(port.o)
 *fill*         0x000185ce        0x2 
 .text.vPortStartFirstTask
                0x000185d0       0x20 D:\LPCXpresso_7.7.2_379\workspace\uCXpresso.NRF\lib\libuCXpresso.NRF.a(port.o)
 .text.pxPortInitialiseStack
                0x000185f0       0x20 D:\LPCXpresso_7.7.2_379\workspace\uCXpresso.NRF\lib\libuCXpresso.NRF.a(port.o)
                0x000185f0                pxPortInitialiseStack
 .text.xPortStartScheduler
                0x00018610       0xac D:\LPCXpresso_7.7.2_379\workspace\uCXpresso.NRF\lib\libuCXpresso.NRF.a(port.o)
                0x00018610                xPortStartScheduler
 .text.vPortYield
                0x000186bc       0x18 D:\LPCXpresso_7.7.2_379\workspace\uCXpresso.NRF\lib\libuCXpresso.NRF.a(port.o)
                0x000186bc                vPortYield
 .text.vPortEnterCritical
                0x000186d4       0x18 D:\LPCXpresso_7.7.2_379\workspace\uCXpresso.NRF\lib\libuCXpresso.NRF.a(port.o)
                0x000186d4                vPortEnterCritical
 .text.vPortExitCritical
                0x000186ec       0x14 D:\LPCXpresso_7.7.2_379\workspace\uCXpresso.NRF\lib\libuCXpresso.NRF.a(port.o)
                0x000186ec                vPortExitCritical
 .text.ulSetInterruptMaskFromISR
                0x00018700        0xa D:\LPCXpresso_7.7.2_379\workspace\uCXpresso.NRF\lib\libuCXpresso.NRF.a(port.o)
                0x00018700                ulSetInterruptMaskFromISR
 .text.vClearInterruptMaskFromISR
                0x0001870a        0x6 D:\LPCXpresso_7.7.2_379\workspace\uCXpresso.NRF\lib\libuCXpresso.NRF.a(port.o)
                0x0001870a                vClearInterruptMaskFromISR
 .text.xPortPendSVHandler
                0x00018710       0x44 D:\LPCXpresso_7.7.2_379\workspace\uCXpresso.NRF\lib\libuCXpresso.NRF.a(port.o)
                0x00018710                xPortPendSVHandler
 .text.on_sys_tick
                0x00018754        0x2 D:\LPCXpresso_7.7.2_379\workspace\uCXpresso.NRF\lib\libuCXpresso.NRF.a(port.o)
                0x00018754                on_sys_tick
 *fill*         0x00018756        0x2 
 .text.xPortSysTickHandler
                0x00018758       0x6c D:\LPCXpresso_7.7.2_379\workspace\uCXpresso.NRF\lib\libuCXpresso.NRF.a(port.o)
                0x00018758                xPortSysTickHandler
 .text.onPreTicklessSleep
                0x000187c4       0x28 D:\LPCXpresso_7.7.2_379\workspace\uCXpresso.NRF\lib\libuCXpresso.NRF.a(port.o)
                0x000187c4                onPreTicklessSleep
 .text.onPosTicklessSleep
                0x000187ec       0x4c D:\LPCXpresso_7.7.2_379\workspace\uCXpresso.NRF\lib\libuCXpresso.NRF.a(port.o)
                0x000187ec                onPosTicklessSleep
 .text.vPortSuppressTicksAndSleep
                0x00018838       0x5c D:\LPCXpresso_7.7.2_379\workspace\uCXpresso.NRF\lib\libuCXpresso.NRF.a(port.o)
                0x00018838                vPortSuppressTicksAndSleep
 .text.sd_ble_gap_adv_start
                0x00018894        0x4 D:\LPCXpresso_7.7.2_379\workspace\uCXpresso.NRF\lib\libuCXpresso.NRF.a(ble_advertising.o)
 .text.sd_ble_gap_adv_stop
                0x00018898        0x4 D:\LPCXpresso_7.7.2_379\workspace\uCXpresso.NRF\lib\libuCXpresso.NRF.a(ble_advertising.o)
 .text._ZN14bleAdvertising8isActiveEv
                0x0001889c        0x8 D:\LPCXpresso_7.7.2_379\workspace\uCXpresso.NRF\lib\libuCXpresso.NRF.a(ble_advertising.o)
                0x0001889c                bleAdvertising::isActive()
 .text._ZN14bleAdvertising4stopEv
                0x000188a4       0x28 D:\LPCXpresso_7.7.2_379\workspace\uCXpresso.NRF\lib\libuCXpresso.NRF.a(ble_advertising.o)
                0x000188a4                bleAdvertising::stop()
 .text._ZN7bleBaseD4Ev
                0x000188cc       0x40 D:\LPCXpresso_7.7.2_379\workspace\uCXpresso.NRF\lib\libuCXpresso.NRF.a(ble_advertising.o)
 .text._ZN7bleBaseD1Ev
                0x0001890c       0x1c D:\LPCXpresso_7.7.2_379\workspace\uCXpresso.NRF\lib\libuCXpresso.NRF.a(ble_advertising.o)
                0x0001890c                bleBase::~bleBase()
                0x00018918                virtual thunk to bleBase::~bleBase()
 .text._ZN7bleBaseD0Ev
                0x00018928       0x22 D:\LPCXpresso_7.7.2_379\workspace\uCXpresso.NRF\lib\libuCXpresso.NRF.a(ble_advertising.o)
                0x00018928                bleBase::~bleBase()
                0x0001893a                virtual thunk to bleBase::~bleBase()
 .text._ZN7bleBaseD2Ev
                0x0001894a        0xc D:\LPCXpresso_7.7.2_379\workspace\uCXpresso.NRF\lib\libuCXpresso.NRF.a(ble_advertising.o)
                0x0001894a                bleBase::~bleBase()
 .text._ZN14bleAdvertising8intervalEf
                0x00018956        0x4 D:\LPCXpresso_7.7.2_379\workspace\uCXpresso.NRF\lib\libuCXpresso.NRF.a(ble_advertising.o)
                0x00018956                bleAdvertising::interval(float)
 .text._ZN14bleAdvertising19commpany_identifierEt
                0x0001895a       0x26 D:\LPCXpresso_7.7.2_379\workspace\uCXpresso.NRF\lib\libuCXpresso.NRF.a(ble_advertising.o)
                0x0001895a                bleAdvertising::commpany_identifier(unsigned short)
 .text._ZN14bleAdvertising6updateEh
                0x00018980       0x6c D:\LPCXpresso_7.7.2_379\workspace\uCXpresso.NRF\lib\libuCXpresso.NRF.a(ble_advertising.o)
                0x00018980                bleAdvertising::update(unsigned char)
 .text._ZN14bleAdvertising5startEv
                0x000189ec      0x188 D:\LPCXpresso_7.7.2_379\workspace\uCXpresso.NRF\lib\libuCXpresso.NRF.a(ble_advertising.o)
                0x000189ec                bleAdvertising::start()
 .text._ZN14bleAdvertising5resetEv
                0x00018b74       0x58 D:\LPCXpresso_7.7.2_379\workspace\uCXpresso.NRF\lib\libuCXpresso.NRF.a(ble_advertising.o)
                0x00018b74                bleAdvertising::reset()
 .text._ZN14bleAdvertisingC1Ev
                0x00018bcc       0x20 D:\LPCXpresso_7.7.2_379\workspace\uCXpresso.NRF\lib\libuCXpresso.NRF.a(ble_advertising.o)
                0x00018bcc                bleAdvertising::bleAdvertising()
 .text._ZN14bleAdvertising28is_memory_access_in_progressEv
                0x00018bec        0x8 D:\LPCXpresso_7.7.2_379\workspace\uCXpresso.NRF\lib\libuCXpresso.NRF.a(ble_advertising.o)
                0x00018bec                bleAdvertising::is_memory_access_in_progress()
 .text._ZN14bleAdvertisingD4Ev
                0x00018bf4       0x5c D:\LPCXpresso_7.7.2_379\workspace\uCXpresso.NRF\lib\libuCXpresso.NRF.a(ble_advertising.o)
 .text._ZN14bleAdvertisingD1Ev
                0x00018c50       0x1c D:\LPCXpresso_7.7.2_379\workspace\uCXpresso.NRF\lib\libuCXpresso.NRF.a(ble_advertising.o)
                0x00018c50                bleAdvertising::~bleAdvertising()
                0x00018c5c                virtual thunk to bleAdvertising::~bleAdvertising()
 .text._ZN14bleAdvertisingD0Ev
                0x00018c6c       0x22 D:\LPCXpresso_7.7.2_379\workspace\uCXpresso.NRF\lib\libuCXpresso.NRF.a(ble_advertising.o)
                0x00018c6c                bleAdvertising::~bleAdvertising()
                0x00018c7e                virtual thunk to bleAdvertising::~bleAdvertising()
 .text._ZN14bleAdvertisingD2Ev
                0x00018c8e        0xc D:\LPCXpresso_7.7.2_379\workspace\uCXpresso.NRF\lib\libuCXpresso.NRF.a(ble_advertising.o)
                0x00018c8e                bleAdvertising::~bleAdvertising()
 .text._ZN10bleService4uuidEv
                0x00018c9a        0x4 D:\LPCXpresso_7.7.2_379\workspace\uCXpresso.NRF\lib\libuCXpresso.NRF.a(ble_conn_params.o)
                0x00018c9a                bleService::uuid()
 .text._ZN10bleService9uuid_typeEv
                0x00018c9e        0x4 D:\LPCXpresso_7.7.2_379\workspace\uCXpresso.NRF\lib\libuCXpresso.NRF.a(ble_conn_params.o)
                0x00018c9e                bleService::uuid_type()
 .text._ZN13bleConnParams7onEventE14BLE_CP_EVENT_T
                0x00018ca2        0x2 D:\LPCXpresso_7.7.2_379\workspace\uCXpresso.NRF\lib\libuCXpresso.NRF.a(ble_conn_params.o)
                0x00018ca2                bleConnParams::onEvent(BLE_CP_EVENT_T)
 .text._ZN13bleConnParams4uuidEv
                0x00018ca4        0x4 D:\LPCXpresso_7.7.2_379\workspace\uCXpresso.NRF\lib\libuCXpresso.NRF.a(ble_conn_params.o)
                0x00018ca4                bleConnParams::uuid()
 .text.on_conn_params_evt
                0x00018ca8       0x1c D:\LPCXpresso_7.7.2_379\workspace\uCXpresso.NRF\lib\libuCXpresso.NRF.a(ble_conn_params.o)
 .text.conn_params_error_handler
                0x00018cc4       0x10 D:\LPCXpresso_7.7.2_379\workspace\uCXpresso.NRF\lib\libuCXpresso.NRF.a(ble_conn_params.o)
 .text._ZN13bleConnParams12on_ble_eventEP9ble_evt_t
                0x00018cd4       0x18 D:\LPCXpresso_7.7.2_379\workspace\uCXpresso.NRF\lib\libuCXpresso.NRF.a(ble_conn_params.o)
                0x00018cd4                bleConnParams::on_ble_event(ble_evt_t*)
 .text._ZN13bleConnParamsC1ER9bleDevicePK21ble_gap_conn_params_ttttbt
                0x00018cec       0xb8 D:\LPCXpresso_7.7.2_379\workspace\uCXpresso.NRF\lib\libuCXpresso.NRF.a(ble_conn_params.o)
                0x00018cec                bleConnParams::bleConnParams(bleDevice&, ble_gap_conn_params_t const*, unsigned short, unsigned short, unsigned short, bool, unsigned short)
 .text._ZN13bleConnParamsD4Ev
                0x00018da4       0xa4 D:\LPCXpresso_7.7.2_379\workspace\uCXpresso.NRF\lib\libuCXpresso.NRF.a(ble_conn_params.o)
 .text._ZN13bleConnParamsD1Ev
                0x00018e48        0xc D:\LPCXpresso_7.7.2_379\workspace\uCXpresso.NRF\lib\libuCXpresso.NRF.a(ble_conn_params.o)
                0x00018e48                bleConnParams::~bleConnParams()
 .text._ZN13bleConnParamsD0Ev
                0x00018e54       0x12 D:\LPCXpresso_7.7.2_379\workspace\uCXpresso.NRF\lib\libuCXpresso.NRF.a(ble_conn_params.o)
                0x00018e54                bleConnParams::~bleConnParams()
 *fill*         0x00018e66        0x2 
 .text._ZN13bleConnParams9negotiateEv
                0x00018e68       0x2c D:\LPCXpresso_7.7.2_379\workspace\uCXpresso.NRF\lib\libuCXpresso.NRF.a(ble_conn_params.o)
                0x00018e68                bleConnParams::negotiate()
 .text.sd_ble_gap_disconnect
                0x00018e94        0x4 D:\LPCXpresso_7.7.2_379\workspace\uCXpresso.NRF\lib\libuCXpresso.NRF.a(ble_device.o)
 .text.sd_ble_enable
                0x00018e98        0x4 D:\LPCXpresso_7.7.2_379\workspace\uCXpresso.NRF\lib\libuCXpresso.NRF.a(ble_device.o)
 .text.sd_ble_version_get
                0x00018e9c        0x4 D:\LPCXpresso_7.7.2_379\workspace\uCXpresso.NRF\lib\libuCXpresso.NRF.a(ble_device.o)
 .text.sd_softdevice_disable
                0x00018ea0        0x4 D:\LPCXpresso_7.7.2_379\workspace\uCXpresso.NRF\lib\libuCXpresso.NRF.a(ble_device.o)
 .text._ZN9bleDevice11isConnectedEv
                0x00018ea4       0x14 D:\LPCXpresso_7.7.2_379\workspace\uCXpresso.NRF\lib\libuCXpresso.NRF.a(ble_device.o)
                0x00018ea4                bleDevice::isConnected()
 .text._ZN9bleDevice11onConnectedEv
                0x00018eb8        0x6 D:\LPCXpresso_7.7.2_379\workspace\uCXpresso.NRF\lib\libuCXpresso.NRF.a(ble_device.o)
                0x00018eb8                bleDevice::onConnected()
 .text._ZN9bleDevice7onErrorEm
                0x00018ebe        0x2 D:\LPCXpresso_7.7.2_379\workspace\uCXpresso.NRF\lib\libuCXpresso.NRF.a(ble_device.o)
                0x00018ebe                bleDevice::onError(unsigned long)
 .text._ZN9bleDevice14onDisconnectedEv
                0x00018ec0        0xa D:\LPCXpresso_7.7.2_379\workspace\uCXpresso.NRF\lib\libuCXpresso.NRF.a(ble_device.o)
                0x00018ec0                bleDevice::onDisconnected()
 .text._ZN9bleDevice9onTimeoutEv
                0x00018eca       0x1a D:\LPCXpresso_7.7.2_379\workspace\uCXpresso.NRF\lib\libuCXpresso.NRF.a(ble_device.o)
                0x00018eca                bleDevice::onTimeout()
 .text.app_error_handler
                0x00018ee4       0x14 D:\LPCXpresso_7.7.2_379\workspace\uCXpresso.NRF\lib\libuCXpresso.NRF.a(ble_device.o)
                0x00018ee4                app_error_handler
 .text.assert_nrf_callback
                0x00018ef8       0x14 D:\LPCXpresso_7.7.2_379\workspace\uCXpresso.NRF\lib\libuCXpresso.NRF.a(ble_device.o)
                0x00018ef8                assert_nrf_callback
 .text._ZN9bleDevice4InitE14NRF_LFCLKSRC_T
                0x00018f0c       0x24 D:\LPCXpresso_7.7.2_379\workspace\uCXpresso.NRF\lib\libuCXpresso.NRF.a(ble_device.o)
                0x00018f0c                bleDevice::Init(NRF_LFCLKSRC_T)
 .text._ZN7bleBaseC2Ev
                0x00018f30        0xe D:\LPCXpresso_7.7.2_379\workspace\uCXpresso.NRF\lib\libuCXpresso.NRF.a(ble_device.o)
                0x00018f30                bleBase::bleBase()
 *fill*         0x00018f3e        0x2 
 .text._ZN7bleBaseC1Ev
                0x00018f40       0x14 D:\LPCXpresso_7.7.2_379\workspace\uCXpresso.NRF\lib\libuCXpresso.NRF.a(ble_device.o)
                0x00018f40                bleBase::bleBase()
 .text._ZN9bleDevice12on_sys_eventEm
                0x00018f54       0x26 D:\LPCXpresso_7.7.2_379\workspace\uCXpresso.NRF\lib\libuCXpresso.NRF.a(ble_device.o)
                0x00018f54                bleDevice::on_sys_event(unsigned long)
 *fill*         0x00018f7a        0x2 
 .text.sys_evt_dispatch
                0x00018f7c       0x14 D:\LPCXpresso_7.7.2_379\workspace\uCXpresso.NRF\lib\libuCXpresso.NRF.a(ble_device.o)
 .text._ZN9bleDevice9sdVersionERhRt
                0x00018f90       0x1e D:\LPCXpresso_7.7.2_379\workspace\uCXpresso.NRF\lib\libuCXpresso.NRF.a(ble_device.o)
                0x00018f90                bleDevice::sdVersion(unsigned char&, unsigned short&)
 *fill*         0x00018fae        0x2 
 .text._ZN9bleDevice11informationEPKcS1_S1_S1_S1_S1_P16ble_dis_sys_id_tP16ble_dis_pnp_id_t
                0x00018fb0       0xb8 D:\LPCXpresso_7.7.2_379\workspace\uCXpresso.NRF\lib\libuCXpresso.NRF.a(ble_device.o)
                0x00018fb0                bleDevice::information(char const*, char const*, char const*, char const*, char const*, char const*, ble_dis_sys_id_t*, ble_dis_pnp_id_t*)
 .text._ZN9bleDevice6enableEv
                0x00019068       0x94 D:\LPCXpresso_7.7.2_379\workspace\uCXpresso.NRF\lib\libuCXpresso.NRF.a(ble_device.o)
                0x00019068                bleDevice::enable()
 .text._ZN6bleGAPD4Ev
                0x000190fc       0x54 D:\LPCXpresso_7.7.2_379\workspace\uCXpresso.NRF\lib\libuCXpresso.NRF.a(ble_device.o)
 .text._ZN6bleGAPD2Ev
                0x00019150        0xc D:\LPCXpresso_7.7.2_379\workspace\uCXpresso.NRF\lib\libuCXpresso.NRF.a(ble_device.o)
                0x00019150                bleGAP::~bleGAP()
 .text._ZN6bleGAPD1Ev
                0x0001915c       0x1c D:\LPCXpresso_7.7.2_379\workspace\uCXpresso.NRF\lib\libuCXpresso.NRF.a(ble_device.o)
                0x0001915c                bleGAP::~bleGAP()
                0x00019168                virtual thunk to bleGAP::~bleGAP()
 .text._ZN6bleGAPD0Ev
                0x00019178       0x2c D:\LPCXpresso_7.7.2_379\workspace\uCXpresso.NRF\lib\libuCXpresso.NRF.a(ble_device.o)
                0x00019178                bleGAP::~bleGAP()
                0x0001918a                virtual thunk to bleGAP::~bleGAP()
 .text._ZN9bleDeviceC1Ev
                0x000191a4       0x78 D:\LPCXpresso_7.7.2_379\workspace\uCXpresso.NRF\lib\libuCXpresso.NRF.a(ble_device.o)
                0x000191a4                bleDevice::bleDevice()
 .text._ZN9bleDeviceD4Ev
                0x0001921c       0x8c D:\LPCXpresso_7.7.2_379\workspace\uCXpresso.NRF\lib\libuCXpresso.NRF.a(ble_device.o)
 .text._ZN9bleDeviceD1Ev
                0x000192a8        0xc D:\LPCXpresso_7.7.2_379\workspace\uCXpresso.NRF\lib\libuCXpresso.NRF.a(ble_device.o)
                0x000192a8                bleDevice::~bleDevice()
 .text._ZN9bleDeviceD0Ev
                0x000192b4       0x12 D:\LPCXpresso_7.7.2_379\workspace\uCXpresso.NRF\lib\libuCXpresso.NRF.a(ble_device.o)
                0x000192b4                bleDevice::~bleDevice()
 *fill*         0x000192c6        0x2 
 .text._ZN9bleDevice11add_serviceEP10bleService
                0x000192c8       0x30 D:\LPCXpresso_7.7.2_379\workspace\uCXpresso.NRF\lib\libuCXpresso.NRF.a(ble_device.o)
                0x000192c8                bleDevice::add_service(bleService*)
 .text._ZN9bleDevice11del_serviceEP10bleService
                0x000192f8       0x16 D:\LPCXpresso_7.7.2_379\workspace\uCXpresso.NRF\lib\libuCXpresso.NRF.a(ble_device.o)
                0x000192f8                bleDevice::del_service(bleService*)
 .text._ZN9bleDevice12services_evtEP9ble_evt_t
                0x0001930e       0x2c D:\LPCXpresso_7.7.2_379\workspace\uCXpresso.NRF\lib\libuCXpresso.NRF.a(ble_device.o)
                0x0001930e                bleDevice::services_evt(ble_evt_t*)
 *fill*         0x0001933a        0x2 
 .text._ZN9bleDevice12on_ble_eventEP9ble_evt_t
                0x0001933c       0xc0 D:\LPCXpresso_7.7.2_379\workspace\uCXpresso.NRF\lib\libuCXpresso.NRF.a(ble_device.o)
                0x0001933c                bleDevice::on_ble_event(ble_evt_t*)
 .text.ble_evt_dispatch
                0x000193fc       0x1c D:\LPCXpresso_7.7.2_379\workspace\uCXpresso.NRF\lib\libuCXpresso.NRF.a(ble_device.o)
 .text._ZN9bleDevice4waitEm
                0x00019418       0x1c D:\LPCXpresso_7.7.2_379\workspace\uCXpresso.NRF\lib\libuCXpresso.NRF.a(ble_device.o)
                0x00019418                bleDevice::wait(unsigned long)
 .text._ZN16bleDeviceManager16whitelist_createEP19ble_gap_whitelist_t
                0x00019434        0xa D:\LPCXpresso_7.7.2_379\workspace\uCXpresso.NRF\lib\libuCXpresso.NRF.a(ble_device_manager.o)
                0x00019434                bleDeviceManager::whitelist_create(ble_gap_whitelist_t*)
 .text._ZN16bleDeviceManager13peer_addr_getEP14ble_gap_addr_t
                0x0001943e        0xa D:\LPCXpresso_7.7.2_379\workspace\uCXpresso.NRF\lib\libuCXpresso.NRF.a(ble_device_manager.o)
                0x0001943e                bleDeviceManager::peer_addr_get(ble_gap_addr_t*)
 .text.sd_ble_gap_disconnect
                0x00019448        0x4 D:\LPCXpresso_7.7.2_379\workspace\uCXpresso.NRF\lib\libuCXpresso.NRF.a(ble_gap.o)
 .text.sd_ble_gap_tx_power_set
                0x0001944c        0x4 D:\LPCXpresso_7.7.2_379\workspace\uCXpresso.NRF\lib\libuCXpresso.NRF.a(ble_gap.o)
 .text.sd_ble_gap_appearance_set
                0x00019450        0x4 D:\LPCXpresso_7.7.2_379\workspace\uCXpresso.NRF\lib\libuCXpresso.NRF.a(ble_gap.o)
 .text.sd_ble_gap_ppcp_set
                0x00019454        0x4 D:\LPCXpresso_7.7.2_379\workspace\uCXpresso.NRF\lib\libuCXpresso.NRF.a(ble_gap.o)
 .text.sd_ble_gap_device_name_set
                0x00019458        0x4 D:\LPCXpresso_7.7.2_379\workspace\uCXpresso.NRF\lib\libuCXpresso.NRF.a(ble_gap.o)
 .text._ZN6bleGAP8settingsEPKcfftt
                0x0001945c       0x98 D:\LPCXpresso_7.7.2_379\workspace\uCXpresso.NRF\lib\libuCXpresso.NRF.a(ble_gap.o)
                0x0001945c                bleGAP::settings(char const*, float, float, unsigned short, unsigned short)
 .text._ZN6bleGAP10appearanceEt
                0x000194f4       0x1c D:\LPCXpresso_7.7.2_379\workspace\uCXpresso.NRF\lib\libuCXpresso.NRF.a(ble_gap.o)
                0x000194f4                bleGAP::appearance(unsigned short)
 .text._ZN6bleGAP8tx_powerE14BLE_TX_POWER_T
                0x00019510       0x1c D:\LPCXpresso_7.7.2_379\workspace\uCXpresso.NRF\lib\libuCXpresso.NRF.a(ble_gap.o)
                0x00019510                bleGAP::tx_power(BLE_TX_POWER_T)
 .text._ZN6bleGAP10disconnectE20GAP_DISCONN_REASON_T
                0x0001952c       0x28 D:\LPCXpresso_7.7.2_379\workspace\uCXpresso.NRF\lib\libuCXpresso.NRF.a(ble_gap.o)
                0x0001952c                bleGAP::disconnect(GAP_DISCONN_REASON_T)
 .text.sd_ble_gap_rssi_start
                0x00019554        0x4 D:\LPCXpresso_7.7.2_379\workspace\uCXpresso.NRF\lib\libuCXpresso.NRF.a(ble_rssi.o)
 .text.sd_ble_gap_rssi_stop
                0x00019558        0x4 D:\LPCXpresso_7.7.2_379\workspace\uCXpresso.NRF\lib\libuCXpresso.NRF.a(ble_rssi.o)
 .text._ZN7bleRSSI11isAvailableEv
                0x0001955c       0x14 D:\LPCXpresso_7.7.2_379\workspace\uCXpresso.NRF\lib\libuCXpresso.NRF.a(ble_rssi.o)
                0x0001955c                bleRSSI::isAvailable()
 .text._ZN7bleRSSI7onEventEa
                0x00019570        0xe D:\LPCXpresso_7.7.2_379\workspace\uCXpresso.NRF\lib\libuCXpresso.NRF.a(ble_rssi.o)
                0x00019570                bleRSSI::onEvent(signed char)
 .text._ZN7bleRSSI12on_ble_eventEP9ble_evt_t
                0x0001957e       0x3a D:\LPCXpresso_7.7.2_379\workspace\uCXpresso.NRF\lib\libuCXpresso.NRF.a(ble_rssi.o)
                0x0001957e                bleRSSI::on_ble_event(ble_evt_t*)
 .text._ZN7bleRSSIC1ER9bleDevice
                0x000195b8       0x40 D:\LPCXpresso_7.7.2_379\workspace\uCXpresso.NRF\lib\libuCXpresso.NRF.a(ble_rssi.o)
                0x000195b8                bleRSSI::bleRSSI(bleDevice&)
 .text._ZN7bleRSSID4Ev
                0x000195f8       0x98 D:\LPCXpresso_7.7.2_379\workspace\uCXpresso.NRF\lib\libuCXpresso.NRF.a(ble_rssi.o)
 .text._ZN7bleRSSID1Ev
                0x00019690        0xc D:\LPCXpresso_7.7.2_379\workspace\uCXpresso.NRF\lib\libuCXpresso.NRF.a(ble_rssi.o)
                0x00019690                bleRSSI::~bleRSSI()
 .text._ZN7bleRSSID0Ev
                0x0001969c       0x12 D:\LPCXpresso_7.7.2_379\workspace\uCXpresso.NRF\lib\libuCXpresso.NRF.a(ble_rssi.o)
                0x0001969c                bleRSSI::~bleRSSI()
 .text.sd_ble_tx_buffer_count_get
                0x000196ae        0x4 D:\LPCXpresso_7.7.2_379\workspace\uCXpresso.NRF\lib\libuCXpresso.NRF.a(ble_service.o)
 *fill*         0x000196b2        0x2 
 .text._ZN10bleService11isAvailableEv
                0x000196b4       0x14 D:\LPCXpresso_7.7.2_379\workspace\uCXpresso.NRF\lib\libuCXpresso.NRF.a(ble_service.o)
                0x000196b4                bleService::isAvailable()
 .text._ZN10bleServiceC2ER7bleBase
                0x000196c8       0x28 D:\LPCXpresso_7.7.2_379\workspace\uCXpresso.NRF\lib\libuCXpresso.NRF.a(ble_service.o)
                0x000196c8                bleService::bleService(bleBase&)
 .text._ZN10bleServiceD4Ev
                0x000196f0       0x7c D:\LPCXpresso_7.7.2_379\workspace\uCXpresso.NRF\lib\libuCXpresso.NRF.a(ble_service.o)
 .text._ZN10bleServiceD2Ev
                0x0001976c        0xc D:\LPCXpresso_7.7.2_379\workspace\uCXpresso.NRF\lib\libuCXpresso.NRF.a(ble_service.o)
                0x0001976c                bleService::~bleService()
 .text._ZN10bleService19gatts_hvx_writeableEv
                0x00019778       0x20 D:\LPCXpresso_7.7.2_379\workspace\uCXpresso.NRF\lib\libuCXpresso.NRF.a(ble_service.o)
                0x00019778                bleService::gatts_hvx_writeable()
 .text._ZN18bleServiceCustomer4uuidEv
                0x00019798        0x4 D:\LPCXpresso_7.7.2_379\workspace\uCXpresso.NRF\lib\libuCXpresso.NRF.a(ble_service_uart.o)
                0x00019798                bleServiceCustomer::uuid()
 .text._ZN18bleServiceCustomer9uuid_typeEv
                0x0001979c        0x4 D:\LPCXpresso_7.7.2_379\workspace\uCXpresso.NRF\lib\libuCXpresso.NRF.a(ble_service_uart.o)
                0x0001979c                bleServiceCustomer::uuid_type()
 .text._ZN18bleServiceCustomer10last_errorEv
                0x000197a0        0x4 D:\LPCXpresso_7.7.2_379\workspace\uCXpresso.NRF\lib\libuCXpresso.NRF.a(ble_service_uart.o)
                0x000197a0                bleServiceCustomer::last_error()
 .text._ZN18bleServiceCustomer18on_rw_auth_requestEP9ble_evt_t
                0x000197a4        0x2 D:\LPCXpresso_7.7.2_379\workspace\uCXpresso.NRF\lib\libuCXpresso.NRF.a(ble_service_uart.o)
                0x000197a4                bleServiceCustomer::on_rw_auth_request(ble_evt_t*)
 .text._ZN18bleServiceCustomer8on_writeEP9ble_evt_t
                0x000197a6        0x2 D:\LPCXpresso_7.7.2_379\workspace\uCXpresso.NRF\lib\libuCXpresso.NRF.a(ble_service_uart.o)
                0x000197a6                bleServiceCustomer::on_write(ble_evt_t*)
 .text._ZN18bleServiceCustomer6on_hvcEP9ble_evt_t
                0x000197a8        0x2 D:\LPCXpresso_7.7.2_379\workspace\uCXpresso.NRF\lib\libuCXpresso.NRF.a(ble_service_uart.o)
                0x000197a8                bleServiceCustomer::on_hvc(ble_evt_t*)
 .text._ZN18bleServiceCustomer14on_tx_completeEP9ble_evt_t
                0x000197aa        0x2 D:\LPCXpresso_7.7.2_379\workspace\uCXpresso.NRF\lib\libuCXpresso.NRF.a(ble_service_uart.o)
                0x000197aa                bleServiceCustomer::on_tx_complete(ble_evt_t*)
 .text._ZN7CStreamlsEh
                0x000197ac        0xe D:\LPCXpresso_7.7.2_379\workspace\uCXpresso.NRF\lib\libuCXpresso.NRF.a(ble_service_uart.o)
                0x000197ac                CStream::operator<<(unsigned char)
 .text._ZN7CStreamrsEh
                0x000197ba        0xe D:\LPCXpresso_7.7.2_379\workspace\uCXpresso.NRF\lib\libuCXpresso.NRF.a(ble_service_uart.o)
                0x000197ba                CStream::operator>>(unsigned char)
 .text._ZN7CStreamcvhEv
                0x000197c8        0xa D:\LPCXpresso_7.7.2_379\workspace\uCXpresso.NRF\lib\libuCXpresso.NRF.a(ble_service_uart.o)
                0x000197c8                CStream::operator unsigned char()
 .text._ZN7CStreamcvcEv
                0x000197d2        0xa D:\LPCXpresso_7.7.2_379\workspace\uCXpresso.NRF\lib\libuCXpresso.NRF.a(ble_service_uart.o)
                0x000197d2                CStream::operator char()
 .text._ZN7CStreamlsERS_
                0x000197dc       0x1a D:\LPCXpresso_7.7.2_379\workspace\uCXpresso.NRF\lib\libuCXpresso.NRF.a(ble_service_uart.o)
                0x000197dc                CStream::operator<<(CStream&)
 .text._ZN7CStream4waitEm
                0x000197f6        0x4 D:\LPCXpresso_7.7.2_379\workspace\uCXpresso.NRF\lib\libuCXpresso.NRF.a(ble_service_uart.o)
                0x000197f6                CStream::wait(unsigned long)
 *fill*         0x000197fa        0x2 
 .text._ZN14bleServiceUART11isConnectedEv
                0x000197fc       0x1c D:\LPCXpresso_7.7.2_379\workspace\uCXpresso.NRF\lib\libuCXpresso.NRF.a(ble_service_uart.o)
                0x000197fc                bleServiceUART::isConnected()
                0x00019806                non-virtual thunk to bleServiceUART::isConnected()
 .text._ZN14bleServiceUART14on_tx_completeEP9ble_evt_t
                0x00019818        0xc D:\LPCXpresso_7.7.2_379\workspace\uCXpresso.NRF\lib\libuCXpresso.NRF.a(ble_service_uart.o)
                0x00019818                bleServiceUART::on_tx_complete(ble_evt_t*)
 .text._ZN14bleServiceUART11isAvailableEv
                0x00019824       0x1c D:\LPCXpresso_7.7.2_379\workspace\uCXpresso.NRF\lib\libuCXpresso.NRF.a(ble_service_uart.o)
                0x00019824                bleServiceUART::isAvailable()
 .text._ZN14bleServiceUART6onSendEb
                0x00019840       0x34 D:\LPCXpresso_7.7.2_379\workspace\uCXpresso.NRF\lib\libuCXpresso.NRF.a(ble_service_uart.o)
                0x00019840                bleServiceUART::onSend(bool)
 .text._ZThn36_N14bleServiceUART6onSendEb
                0x00019874       0x10 D:\LPCXpresso_7.7.2_379\workspace\uCXpresso.NRF\lib\libuCXpresso.NRF.a(ble_service_uart.o)
                0x00019874                non-virtual thunk to bleServiceUART::onSend(bool)
 .text._ZN18bleServiceCustomerD4Ev
                0x00019884       0x78 D:\LPCXpresso_7.7.2_379\workspace\uCXpresso.NRF\lib\libuCXpresso.NRF.a(ble_service_uart.o)
 .text._ZN18bleServiceCustomerD2Ev
                0x000198fc        0xc D:\LPCXpresso_7.7.2_379\workspace\uCXpresso.NRF\lib\libuCXpresso.NRF.a(ble_service_uart.o)
                0x000198fc                bleServiceCustomer::~bleServiceCustomer()
 .text._ZN18bleServiceCustomerD1Ev
                0x00019908       0x1c D:\LPCXpresso_7.7.2_379\workspace\uCXpresso.NRF\lib\libuCXpresso.NRF.a(ble_service_uart.o)
                0x00019908                bleServiceCustomer::~bleServiceCustomer()
                0x00019914                virtual thunk to bleServiceCustomer::~bleServiceCustomer()
 .text._ZN18bleServiceCustomerD0Ev
                0x00019924       0x2c D:\LPCXpresso_7.7.2_379\workspace\uCXpresso.NRF\lib\libuCXpresso.NRF.a(ble_service_uart.o)
                0x00019924                bleServiceCustomer::~bleServiceCustomer()
                0x00019936                virtual thunk to bleServiceCustomer::~bleServiceCustomer()
 .text._ZN14bleServiceUART11tx_char_addEt
                0x00019950       0xb8 D:\LPCXpresso_7.7.2_379\workspace\uCXpresso.NRF\lib\libuCXpresso.NRF.a(ble_service_uart.o)
                0x00019950                bleServiceUART::tx_char_add(unsigned short)
 .text._ZN14bleServiceUART11rx_char_addEt
                0x00019a08       0x8a D:\LPCXpresso_7.7.2_379\workspace\uCXpresso.NRF\lib\libuCXpresso.NRF.a(ble_service_uart.o)
                0x00019a08                bleServiceUART::rx_char_add(unsigned short)
 *fill*         0x00019a92        0x2 
 .text._ZN14bleServiceUARTC1ER9bleDevicePK13ble_uuid128_ttttjj
                0x00019a94       0x94 D:\LPCXpresso_7.7.2_379\workspace\uCXpresso.NRF\lib\libuCXpresso.NRF.a(ble_service_uart.o)
                0x00019a94                bleServiceUART::bleServiceUART(bleDevice&, ble_uuid128_t const*, unsigned short, unsigned short, unsigned short, unsigned int, unsigned int)
 .text._ZN14bleServiceUART15on_disconnectedEP9ble_evt_t
                0x00019b28       0x46 D:\LPCXpresso_7.7.2_379\workspace\uCXpresso.NRF\lib\libuCXpresso.NRF.a(ble_service_uart.o)
                0x00019b28                bleServiceUART::on_disconnected(ble_evt_t*)
 .text._ZN14bleServiceUART8on_writeEP9ble_evt_t
                0x00019b6e       0x74 D:\LPCXpresso_7.7.2_379\workspace\uCXpresso.NRF\lib\libuCXpresso.NRF.a(ble_service_uart.o)
                0x00019b6e                bleServiceUART::on_write(ble_evt_t*)
 .text._ZN14bleServiceUART15on_data_receiveEPht
                0x00019be2       0x2c D:\LPCXpresso_7.7.2_379\workspace\uCXpresso.NRF\lib\libuCXpresso.NRF.a(ble_service_uart.o)
                0x00019be2                bleServiceUART::on_data_receive(unsigned char*, unsigned short)
 .text._ZN14bleServiceUART16on_data_transmitEv
                0x00019c0e       0x7e D:\LPCXpresso_7.7.2_379\workspace\uCXpresso.NRF\lib\libuCXpresso.NRF.a(ble_service_uart.o)
                0x00019c0e                bleServiceUART::on_data_transmit()
 .text._ZN14bleServiceUART4waitEm
                0x00019c8c       0x30 D:\LPCXpresso_7.7.2_379\workspace\uCXpresso.NRF\lib\libuCXpresso.NRF.a(ble_service_uart.o)
                0x00019c8c                bleServiceUART::wait(unsigned long)
 .text._ZThn36_N14bleServiceUART4waitEm
                0x00019cbc       0x10 D:\LPCXpresso_7.7.2_379\workspace\uCXpresso.NRF\lib\libuCXpresso.NRF.a(ble_service_uart.o)
                0x00019cbc                non-virtual thunk to bleServiceUART::wait(unsigned long)
 .text._ZN14bleServiceUARTD4Ev
                0x00019ccc       0xbc D:\LPCXpresso_7.7.2_379\workspace\uCXpresso.NRF\lib\libuCXpresso.NRF.a(ble_service_uart.o)
 .text._ZN14bleServiceUARTD1Ev
                0x00019d88        0xc D:\LPCXpresso_7.7.2_379\workspace\uCXpresso.NRF\lib\libuCXpresso.NRF.a(ble_service_uart.o)
                0x00019d88                bleServiceUART::~bleServiceUART()
 .text._ZThn36_N14bleServiceUARTD1Ev
                0x00019d94       0x10 D:\LPCXpresso_7.7.2_379\workspace\uCXpresso.NRF\lib\libuCXpresso.NRF.a(ble_service_uart.o)
                0x00019d94                non-virtual thunk to bleServiceUART::~bleServiceUART()
 .text._ZN14bleServiceUARTD0Ev
                0x00019da4       0x12 D:\LPCXpresso_7.7.2_379\workspace\uCXpresso.NRF\lib\libuCXpresso.NRF.a(ble_service_uart.o)
                0x00019da4                bleServiceUART::~bleServiceUART()
 *fill*         0x00019db6        0x2 
 .text._ZThn36_N14bleServiceUARTD0Ev
                0x00019db8       0x10 D:\LPCXpresso_7.7.2_379\workspace\uCXpresso.NRF\lib\libuCXpresso.NRF.a(ble_service_uart.o)
                0x00019db8                non-virtual thunk to bleServiceUART::~bleServiceUART()
 .text._ZN7CThread8isThreadEv
                0x00019dc8        0x8 D:\LPCXpresso_7.7.2_379\workspace\uCXpresso.NRF\lib\libuCXpresso.NRF.a(debug.o)
                0x00019dc8                CThread::isThread()
                0x00019dcc                virtual thunk to CThread::isThread()
 .text._ZN7CThread3runEv
                0x00019dd0        0x2 D:\LPCXpresso_7.7.2_379\workspace\uCXpresso.NRF\lib\libuCXpresso.NRF.a(debug.o)
                0x00019dd0                CThread::run()
 .text._ZN6CDebug7printlnER7CString
                0x00019dd2       0x1a D:\LPCXpresso_7.7.2_379\workspace\uCXpresso.NRF\lib\libuCXpresso.NRF.a(debug.o)
                0x00019dd2                CDebug::println(CString&)
 .text._ZN6CDebug5startEm
                0x00019dec       0x14 D:\LPCXpresso_7.7.2_379\workspace\uCXpresso.NRF\lib\libuCXpresso.NRF.a(debug.o)
                0x00019dec                CDebug::start(unsigned long)
 .text._ZN6CDebug15waitToDebugModeEv
                0x00019e00       0x1c D:\LPCXpresso_7.7.2_379\workspace\uCXpresso.NRF\lib\libuCXpresso.NRF.a(debug.o)
                0x00019e00                CDebug::waitToDebugMode()
 .text._ZN6CDebug11isDebugModeEv
                0x00019e1c        0xa D:\LPCXpresso_7.7.2_379\workspace\uCXpresso.NRF\lib\libuCXpresso.NRF.a(debug.o)
                0x00019e1c                CDebug::isDebugMode()
 *fill*         0x00019e26        0x2 
 .text._ZN6CDebugC1ER7CStream
                0x00019e28       0x48 D:\LPCXpresso_7.7.2_379\workspace\uCXpresso.NRF\lib\libuCXpresso.NRF.a(debug.o)
                0x00019e28                CDebug::CDebug(CStream&)
 .text._ZN6CDebug3runEv
                0x00019e70       0x30 D:\LPCXpresso_7.7.2_379\workspace\uCXpresso.NRF\lib\libuCXpresso.NRF.a(debug.o)
                0x00019e70                CDebug::run()
 .text._ZN6CDebug6printfEPKcSt9__va_list
                0x00019ea0       0x30 D:\LPCXpresso_7.7.2_379\workspace\uCXpresso.NRF\lib\libuCXpresso.NRF.a(debug.o)
                0x00019ea0                CDebug::printf(char const*, std::__va_list)
 .text._ZN6CDebug6printfEPKcz
                0x00019ed0       0x36 D:\LPCXpresso_7.7.2_379\workspace\uCXpresso.NRF\lib\libuCXpresso.NRF.a(debug.o)
                0x00019ed0                CDebug::printf(char const*, ...)
 .text._ZN6CDebug7printlnEPKcz
                0x00019f06       0x3e D:\LPCXpresso_7.7.2_379\workspace\uCXpresso.NRF\lib\libuCXpresso.NRF.a(debug.o)
                0x00019f06                CDebug::println(char const*, ...)
 .text._ZN6CDebug7printlnEi
                0x00019f44       0x34 D:\LPCXpresso_7.7.2_379\workspace\uCXpresso.NRF\lib\libuCXpresso.NRF.a(debug.o)
                0x00019f44                CDebug::println(int)
 .text._ZN6CDebug7printlnEm
                0x00019f78       0x34 D:\LPCXpresso_7.7.2_379\workspace\uCXpresso.NRF\lib\libuCXpresso.NRF.a(debug.o)
                0x00019f78                CDebug::println(unsigned long)
 .text._ZN6CDebug7printlnEf
                0x00019fac       0x3c D:\LPCXpresso_7.7.2_379\workspace\uCXpresso.NRF\lib\libuCXpresso.NRF.a(debug.o)
                0x00019fac                CDebug::println(float)
 .text._ZN6CDebug4putcEi
                0x00019fe8       0x42 D:\LPCXpresso_7.7.2_379\workspace\uCXpresso.NRF\lib\libuCXpresso.NRF.a(debug.o)
                0x00019fe8                CDebug::putc(int)
 *fill*         0x0001a02a        0x2 
 .text._ZN6CDebugD4Ev
                0x0001a02c       0x70 D:\LPCXpresso_7.7.2_379\workspace\uCXpresso.NRF\lib\libuCXpresso.NRF.a(debug.o)
 .text._ZN6CDebugD2Ev
                0x0001a09c        0xc D:\LPCXpresso_7.7.2_379\workspace\uCXpresso.NRF\lib\libuCXpresso.NRF.a(debug.o)
                0x0001a09c                CDebug::~CDebug()
 .text._ZN6CDebugD1Ev
                0x0001a0a8       0x1c D:\LPCXpresso_7.7.2_379\workspace\uCXpresso.NRF\lib\libuCXpresso.NRF.a(debug.o)
                0x0001a0a8                CDebug::~CDebug()
                0x0001a0b4                virtual thunk to CDebug::~CDebug()
 .text._ZN6CDebugD0Ev
                0x0001a0c4       0x22 D:\LPCXpresso_7.7.2_379\workspace\uCXpresso.NRF\lib\libuCXpresso.NRF.a(debug.o)
                0x0001a0c4                CDebug::~CDebug()
                0x0001a0d6                virtual thunk to CDebug::~CDebug()
 .text._ZN5CListixEi
                0x0001a0e6        0xa D:\LPCXpresso_7.7.2_379\workspace\uCXpresso.NRF\lib\libuCXpresso.NRF.a(list.o)
                0x0001a0e6                CList::operator[](int)
 .text._ZN5CList5countEv
                0x0001a0f0        0x4 D:\LPCXpresso_7.7.2_379\workspace\uCXpresso.NRF\lib\libuCXpresso.NRF.a(list.o)
                0x0001a0f0                CList::count()
 .text._ZN5CList7isEmptyEv
                0x0001a0f4        0xa D:\LPCXpresso_7.7.2_379\workspace\uCXpresso.NRF\lib\libuCXpresso.NRF.a(list.o)
                0x0001a0f4                CList::isEmpty()
 .text._ZN5CList7getHeadEv
                0x0001a0fe        0xe D:\LPCXpresso_7.7.2_379\workspace\uCXpresso.NRF\lib\libuCXpresso.NRF.a(list.o)
                0x0001a0fe                CList::getHead()
 .text._ZN5CList7getTailEv
                0x0001a10c        0xe D:\LPCXpresso_7.7.2_379\workspace\uCXpresso.NRF\lib\libuCXpresso.NRF.a(list.o)
                0x0001a10c                CList::getTail()
 .text._ZN5CList5getAtEPv
                0x0001a11a       0x10 D:\LPCXpresso_7.7.2_379\workspace\uCXpresso.NRF\lib\libuCXpresso.NRF.a(list.o)
                0x0001a11a                CList::getAt(void*)
 .text._ZN5CList10removeHeadEv
                0x0001a12a       0x16 D:\LPCXpresso_7.7.2_379\workspace\uCXpresso.NRF\lib\libuCXpresso.NRF.a(list.o)
                0x0001a12a                CList::removeHead()
 .text._ZN5CList10removeTailEv
                0x0001a140       0x16 D:\LPCXpresso_7.7.2_379\workspace\uCXpresso.NRF\lib\libuCXpresso.NRF.a(list.o)
                0x0001a140                CList::removeTail()
 .text._ZN5CList10getHeadPosEv
                0x0001a156        0x4 D:\LPCXpresso_7.7.2_379\workspace\uCXpresso.NRF\lib\libuCXpresso.NRF.a(list.o)
                0x0001a156                CList::getHeadPos()
 .text._ZN5CList10getTailPosEv
                0x0001a15a        0x4 D:\LPCXpresso_7.7.2_379\workspace\uCXpresso.NRF\lib\libuCXpresso.NRF.a(list.o)
                0x0001a15a                CList::getTailPos()
 .text._ZN5CList7getNextEPv
                0x0001a15e        0x4 D:\LPCXpresso_7.7.2_379\workspace\uCXpresso.NRF\lib\libuCXpresso.NRF.a(list.o)
                0x0001a15e                CList::getNext(void*)
 .text._ZN5CList7getPrevEPv
                0x0001a162        0x4 D:\LPCXpresso_7.7.2_379\workspace\uCXpresso.NRF\lib\libuCXpresso.NRF.a(list.o)
                0x0001a162                CList::getPrev(void*)
 .text._ZN5CList4findEPv
                0x0001a166       0x24 D:\LPCXpresso_7.7.2_379\workspace\uCXpresso.NRF\lib\libuCXpresso.NRF.a(list.o)
                0x0001a166                CList::find(void*)
 .text._ZN5CList4freeEPv
                0x0001a18a        0xa D:\LPCXpresso_7.7.2_379\workspace\uCXpresso.NRF\lib\libuCXpresso.NRF.a(list.o)
                0x0001a18a                CList::free(void*)
 .text._ZN5CList5allocEv
                0x0001a194        0xa D:\LPCXpresso_7.7.2_379\workspace\uCXpresso.NRF\lib\libuCXpresso.NRF.a(list.o)
                0x0001a194                CList::alloc()
 *fill*         0x0001a19e        0x2 
 .text._ZN5CListC2Ev
                0x0001a1a0       0x24 D:\LPCXpresso_7.7.2_379\workspace\uCXpresso.NRF\lib\libuCXpresso.NRF.a(list.o)
                0x0001a1a0                CList::CList()
                0x0001a1a0                CList::CList()
 .text._ZN5CList7addHeadEPv
                0x0001a1c4       0x3e D:\LPCXpresso_7.7.2_379\workspace\uCXpresso.NRF\lib\libuCXpresso.NRF.a(list.o)
                0x0001a1c4                CList::addHead(void*)
 .text._ZN5CList7addTailEPv
                0x0001a202       0x3e D:\LPCXpresso_7.7.2_379\workspace\uCXpresso.NRF\lib\libuCXpresso.NRF.a(list.o)
                0x0001a202                CList::addTail(void*)
 .text._ZN5CList8removeAtEPv
                0x0001a240       0x48 D:\LPCXpresso_7.7.2_379\workspace\uCXpresso.NRF\lib\libuCXpresso.NRF.a(list.o)
                0x0001a240                CList::removeAt(void*)
 .text._ZN5CList9removeAllEbb
                0x0001a288       0x58 D:\LPCXpresso_7.7.2_379\workspace\uCXpresso.NRF\lib\libuCXpresso.NRF.a(list.o)
                0x0001a288                CList::removeAll(bool, bool)
 .text._ZN5CListD2Ev
                0x0001a2e0       0x28 D:\LPCXpresso_7.7.2_379\workspace\uCXpresso.NRF\lib\libuCXpresso.NRF.a(list.o)
                0x0001a2e0                CList::~CList()
                0x0001a2e0                CList::~CList()
 .text._ZN5CListD0Ev
                0x0001a308       0x12 D:\LPCXpresso_7.7.2_379\workspace\uCXpresso.NRF\lib\libuCXpresso.NRF.a(list.o)
                0x0001a308                CList::~CList()
 .text._ZN5CList12insertBeforeEPvS0_
                0x0001a31a       0x46 D:\LPCXpresso_7.7.2_379\workspace\uCXpresso.NRF\lib\libuCXpresso.NRF.a(list.o)
                0x0001a31a                CList::insertBefore(void*, void*)
 .text._ZN5CList11insertAfterEPvS0_
                0x0001a360       0x46 D:\LPCXpresso_7.7.2_379\workspace\uCXpresso.NRF\lib\libuCXpresso.NRF.a(list.o)
                0x0001a360                CList::insertAfter(void*, void*)
 .text._ZN5CList5getAtEi
                0x0001a3a6       0x3a D:\LPCXpresso_7.7.2_379\workspace\uCXpresso.NRF\lib\libuCXpresso.NRF.a(list.o)
                0x0001a3a6                CList::getAt(int)
 .text._ZN7CObjectD2Ev
                0x0001a3e0        0x2 D:\LPCXpresso_7.7.2_379\workspace\uCXpresso.NRF\lib\libuCXpresso.NRF.a(object.o)
                0x0001a3e0                CObject::~CObject()
                0x0001a3e0                CObject::~CObject()
 .text._ZN7CObjectD0Ev
                0x0001a3e2        0xc D:\LPCXpresso_7.7.2_379\workspace\uCXpresso.NRF\lib\libuCXpresso.NRF.a(object.o)
                0x0001a3e2                CObject::~CObject()
 *fill*         0x0001a3ee        0x2 
 .text._ZN7CObjectC2Ev
                0x0001a3f0        0xc D:\LPCXpresso_7.7.2_379\workspace\uCXpresso.NRF\lib\libuCXpresso.NRF.a(object.o)
                0x0001a3f0                CObject::CObject()
                0x0001a3f0                CObject::CObject()
 .text._ZN4CPin7isValidEv
                0x0001a3fc       0x1c D:\LPCXpresso_7.7.2_379\workspace\uCXpresso.NRF\lib\libuCXpresso.NRF.a(pin.o)
                0x0001a3fc                CPin::isValid()
                0x0001a406                virtual thunk to CPin::isValid()
 .text._ZN4CPin6outputE11PIN_LEVEL_T15PIN_OUT_DRIVE_T
                0x0001a418       0x6a D:\LPCXpresso_7.7.2_379\workspace\uCXpresso.NRF\lib\libuCXpresso.NRF.a(pin.o)
                0x0001a418                CPin::output(PIN_LEVEL_T, PIN_OUT_DRIVE_T)
 *fill*         0x0001a482        0x2 
 .text._ZN4CPin5writeE11PIN_LEVEL_T
                0x0001a484       0x20 D:\LPCXpresso_7.7.2_379\workspace\uCXpresso.NRF\lib\libuCXpresso.NRF.a(pin.o)
                0x0001a484                CPin::write(PIN_LEVEL_T)
 .text._ZN4CPin4readEv
                0x0001a4a4       0x16 D:\LPCXpresso_7.7.2_379\workspace\uCXpresso.NRF\lib\libuCXpresso.NRF.a(pin.o)
                0x0001a4a4                CPin::read()
 *fill*         0x0001a4ba        0x2 
 .text._ZN4CPin6invertEv
                0x0001a4bc       0x2c D:\LPCXpresso_7.7.2_379\workspace\uCXpresso.NRF\lib\libuCXpresso.NRF.a(pin.o)
                0x0001a4bc                CPin::invert()
 .text._ZN4CPin5inputE16PIN_INPUT_MODE_Tb
                0x0001a4e8       0x34 D:\LPCXpresso_7.7.2_379\workspace\uCXpresso.NRF\lib\libuCXpresso.NRF.a(pin.o)
                0x0001a4e8                CPin::input(PIN_INPUT_MODE_T, bool)
 .text._ZN4CPinC1Eh
                0x0001a51c       0x28 D:\LPCXpresso_7.7.2_379\workspace\uCXpresso.NRF\lib\libuCXpresso.NRF.a(pin.o)
                0x0001a51c                CPin::CPin(unsigned char)
 .text._ZN4CPinD4Ev
                0x0001a544       0x5c D:\LPCXpresso_7.7.2_379\workspace\uCXpresso.NRF\lib\libuCXpresso.NRF.a(pin.o)
 .text._ZN4CPinD1Ev
                0x0001a5a0        0xc D:\LPCXpresso_7.7.2_379\workspace\uCXpresso.NRF\lib\libuCXpresso.NRF.a(pin.o)
                0x0001a5a0                CPin::~CPin()
 .text._ZN4CPinD0Ev
                0x0001a5ac       0x12 D:\LPCXpresso_7.7.2_379\workspace\uCXpresso.NRF\lib\libuCXpresso.NRF.a(pin.o)
                0x0001a5ac                CPin::~CPin()
 .text.sd_power_system_off
                0x0001a5be        0x4 D:\LPCXpresso_7.7.2_379\workspace\uCXpresso.NRF\lib\libuCXpresso.NRF.a(power.o)
 *fill*         0x0001a5c2        0x2 
 .text._ZN10CPowerSave10system_offEv
                0x0001a5c4       0x1c D:\LPCXpresso_7.7.2_379\workspace\uCXpresso.NRF\lib\libuCXpresso.NRF.a(power.o)
                0x0001a5c4                CPowerSave::system_off()
 .text._ZN10CSemaphore7isValidEv
                0x0001a5e0        0xa D:\LPCXpresso_7.7.2_379\workspace\uCXpresso.NRF\lib\libuCXpresso.NRF.a(semaphore.o)
                0x0001a5e0                CSemaphore::isValid()
 .text._ZN10CSemaphore7waitingEv
                0x0001a5ea        0x4 D:\LPCXpresso_7.7.2_379\workspace\uCXpresso.NRF\lib\libuCXpresso.NRF.a(semaphore.o)
                0x0001a5ea                CSemaphore::waiting()
 .text._ZN10CSemaphore8countingEii
                0x0001a5ee       0x24 D:\LPCXpresso_7.7.2_379\workspace\uCXpresso.NRF\lib\libuCXpresso.NRF.a(semaphore.o)
                0x0001a5ee                CSemaphore::counting(int, int)
 .text._ZN10CSemaphore6binaryEv
                0x0001a612       0x22 D:\LPCXpresso_7.7.2_379\workspace\uCXpresso.NRF\lib\libuCXpresso.NRF.a(semaphore.o)
                0x0001a612                CSemaphore::binary()
 .text._ZN10CSemaphoreD2Ev
                0x0001a634       0x24 D:\LPCXpresso_7.7.2_379\workspace\uCXpresso.NRF\lib\libuCXpresso.NRF.a(semaphore.o)
                0x0001a634                CSemaphore::~CSemaphore()
                0x0001a634                CSemaphore::~CSemaphore()
 .text._ZN6CMutexD2Ev
                0x0001a658       0x24 D:\LPCXpresso_7.7.2_379\workspace\uCXpresso.NRF\lib\libuCXpresso.NRF.a(semaphore.o)
                0x0001a658                CMutex::~CMutex()
                0x0001a658                CMutex::~CMutex()
 .text._ZN10CSemaphoreD0Ev
                0x0001a67c       0x12 D:\LPCXpresso_7.7.2_379\workspace\uCXpresso.NRF\lib\libuCXpresso.NRF.a(semaphore.o)
                0x0001a67c                CSemaphore::~CSemaphore()
 .text._ZN6CMutexD0Ev
                0x0001a68e       0x12 D:\LPCXpresso_7.7.2_379\workspace\uCXpresso.NRF\lib\libuCXpresso.NRF.a(semaphore.o)
                0x0001a68e                CMutex::~CMutex()
 .text._ZN10CSemaphore4waitEi
                0x0001a6a0       0x2e D:\LPCXpresso_7.7.2_379\workspace\uCXpresso.NRF\lib\libuCXpresso.NRF.a(semaphore.o)
                0x0001a6a0                CSemaphore::wait(int)
 .text._ZN6CMutex4lockEv
                0x0001a6ce       0x16 D:\LPCXpresso_7.7.2_379\workspace\uCXpresso.NRF\lib\libuCXpresso.NRF.a(semaphore.o)
                0x0001a6ce                CMutex::lock()
 .text._ZN6CMutex7tryLockEm
                0x0001a6e4       0x1c D:\LPCXpresso_7.7.2_379\workspace\uCXpresso.NRF\lib\libuCXpresso.NRF.a(semaphore.o)
                0x0001a6e4                CMutex::tryLock(unsigned long)
 .text._ZN10CSemaphore7releaseEb
                0x0001a700       0x34 D:\LPCXpresso_7.7.2_379\workspace\uCXpresso.NRF\lib\libuCXpresso.NRF.a(semaphore.o)
                0x0001a700                CSemaphore::release(bool)
 .text._ZN6CMutex6unlockEv
                0x0001a734       0x14 D:\LPCXpresso_7.7.2_379\workspace\uCXpresso.NRF\lib\libuCXpresso.NRF.a(semaphore.o)
                0x0001a734                CMutex::unlock()
 .text._ZN10CSemaphoreC2Ev
                0x0001a748       0x1c D:\LPCXpresso_7.7.2_379\workspace\uCXpresso.NRF\lib\libuCXpresso.NRF.a(semaphore.o)
                0x0001a748                CSemaphore::CSemaphore()
                0x0001a748                CSemaphore::CSemaphore()
 .text._ZN6CMutexC2Ev
                0x0001a764       0x20 D:\LPCXpresso_7.7.2_379\workspace\uCXpresso.NRF\lib\libuCXpresso.NRF.a(semaphore.o)
                0x0001a764                CMutex::CMutex()
                0x0001a764                CMutex::CMutex()
 .text._ZN7CSerial9availableEv
                0x0001a784        0xa D:\LPCXpresso_7.7.2_379\workspace\uCXpresso.NRF\lib\libuCXpresso.NRF.a(serial.o)
                0x0001a784                CSerial::available()
 .text._ZN7CSerial7disableEv
                0x0001a78e        0xc D:\LPCXpresso_7.7.2_379\workspace\uCXpresso.NRF\lib\libuCXpresso.NRF.a(serial.o)
                0x0001a78e                CSerial::disable()
 .text._ZN7CSerial5flushEv
                0x0001a79a       0x10 D:\LPCXpresso_7.7.2_379\workspace\uCXpresso.NRF\lib\libuCXpresso.NRF.a(serial.o)
                0x0001a79a                CSerial::flush()
 .text._ZN7CSerial11isConnectedEv
                0x0001a7aa       0x20 D:\LPCXpresso_7.7.2_379\workspace\uCXpresso.NRF\lib\libuCXpresso.NRF.a(serial.o)
                0x0001a7aa                CSerial::isConnected()
 *fill*         0x0001a7ca        0x2 
 .text.app_uart_event
                0x0001a7cc       0x30 D:\LPCXpresso_7.7.2_379\workspace\uCXpresso.NRF\lib\libuCXpresso.NRF.a(serial.o)
 .text._ZN7CSerialC1Ejj
                0x0001a7fc       0x40 D:\LPCXpresso_7.7.2_379\workspace\uCXpresso.NRF\lib\libuCXpresso.NRF.a(serial.o)
                0x0001a7fc                CSerial::CSerial(unsigned int, unsigned int)
 .text._ZN7CSerialD4Ev
                0x0001a83c       0x68 D:\LPCXpresso_7.7.2_379\workspace\uCXpresso.NRF\lib\libuCXpresso.NRF.a(serial.o)
 .text._ZN7CSerialD1Ev
                0x0001a8a4        0xc D:\LPCXpresso_7.7.2_379\workspace\uCXpresso.NRF\lib\libuCXpresso.NRF.a(serial.o)
                0x0001a8a4                CSerial::~CSerial()
 .text._ZN7CSerialD0Ev
                0x0001a8b0       0x12 D:\LPCXpresso_7.7.2_379\workspace\uCXpresso.NRF\lib\libuCXpresso.NRF.a(serial.o)
                0x0001a8b0                CSerial::~CSerial()
 *fill*         0x0001a8c2        0x2 
 .text._ZN7CSerial6enableENS_16UAET_BAUD_RATE_TENS_13UART_PARITY_TENS_19UART_FLOW_CONTROL_TEiiii
                0x0001a8c4       0x5c D:\LPCXpresso_7.7.2_379\workspace\uCXpresso.NRF\lib\libuCXpresso.NRF.a(serial.o)
                0x0001a8c4                CSerial::enable(CSerial::UAET_BAUD_RATE_T, CSerial::UART_PARITY_T, CSerial::UART_FLOW_CONTROL_T, int, int, int, int)
 .text._ZN7CSerial6onRecvEbh
                0x0001a920       0x2e D:\LPCXpresso_7.7.2_379\workspace\uCXpresso.NRF\lib\libuCXpresso.NRF.a(serial.o)
                0x0001a920                CSerial::onRecv(bool, unsigned char)
 .text._ZN7CSerial6onSendEb
                0x0001a94e       0x54 D:\LPCXpresso_7.7.2_379\workspace\uCXpresso.NRF\lib\libuCXpresso.NRF.a(serial.o)
                0x0001a94e                CSerial::onSend(bool)
 .text._ZN12CSmallPrintf7restartEv
                0x0001a9a2        0x2 D:\LPCXpresso_7.7.2_379\workspace\uCXpresso.NRF\lib\libuCXpresso.NRF.a(shell.o)
                0x0001a9a2                CSmallPrintf::restart()
 .text._ZN6CShell7onCloseEv
                0x0001a9a4        0x2 D:\LPCXpresso_7.7.2_379\workspace\uCXpresso.NRF\lib\libuCXpresso.NRF.a(shell.o)
                0x0001a9a4                CShell::onClose()
 *fill*         0x0001a9a6        0x2 
 .text._ZN6CShell12show_welcomeEv
                0x0001a9a8       0x4c D:\LPCXpresso_7.7.2_379\workspace\uCXpresso.NRF\lib\libuCXpresso.NRF.a(shell.o)
                0x0001a9a8                CShell::show_welcome()
 .text._ZN6CShell11show_promptEv
                0x0001a9f4       0x18 D:\LPCXpresso_7.7.2_379\workspace\uCXpresso.NRF\lib\libuCXpresso.NRF.a(shell.o)
                0x0001a9f4                CShell::show_prompt()
 .text._ZN6CShell9show_menuEv
                0x0001aa0c       0x64 D:\LPCXpresso_7.7.2_379\workspace\uCXpresso.NRF\lib\libuCXpresso.NRF.a(shell.o)
                0x0001aa0c                CShell::show_menu()
 .text._ZN6CShell10show_clearEv
                0x0001aa70       0x20 D:\LPCXpresso_7.7.2_379\workspace\uCXpresso.NRF\lib\libuCXpresso.NRF.a(shell.o)
                0x0001aa70                CShell::show_clear()
 .text._ZN6CShell5startEv
                0x0001aa90       0x14 D:\LPCXpresso_7.7.2_379\workspace\uCXpresso.NRF\lib\libuCXpresso.NRF.a(shell.o)
                0x0001aa90                CShell::start()
 .text._ZN6CShell12show_versionEv
                0x0001aaa4       0xdc D:\LPCXpresso_7.7.2_379\workspace\uCXpresso.NRF\lib\libuCXpresso.NRF.a(shell.o)
                0x0001aaa4                CShell::show_version()
 .text._ZN6CShell9show_heapEv
                0x0001ab80       0x2c D:\LPCXpresso_7.7.2_379\workspace\uCXpresso.NRF\lib\libuCXpresso.NRF.a(shell.o)
                0x0001ab80                CShell::show_heap()
 .text._ZN6CShell7onQueryER7CString
                0x0001abac      0x19c D:\LPCXpresso_7.7.2_379\workspace\uCXpresso.NRF\lib\libuCXpresso.NRF.a(shell.o)
                0x0001abac                CShell::onQuery(CString&)
 .text._ZN6CShellC1ER7CStream
                0x0001ad48       0x5c D:\LPCXpresso_7.7.2_379\workspace\uCXpresso.NRF\lib\libuCXpresso.NRF.a(shell.o)
                0x0001ad48                CShell::CShell(CStream&)
 .text._ZN6CShell11isDebugModeEv
                0x0001ada4        0x8 D:\LPCXpresso_7.7.2_379\workspace\uCXpresso.NRF\lib\libuCXpresso.NRF.a(shell.o)
                0x0001ada4                CShell::isDebugMode()
 .text._ZN6CShell9availableEv
                0x0001adac       0x16 D:\LPCXpresso_7.7.2_379\workspace\uCXpresso.NRF\lib\libuCXpresso.NRF.a(shell.o)
                0x0001adac                CShell::available()
 *fill*         0x0001adc2        0x2 
 .text._ZN6CShellD4Ev
                0x0001adc4       0x8c D:\LPCXpresso_7.7.2_379\workspace\uCXpresso.NRF\lib\libuCXpresso.NRF.a(shell.o)
 .text._ZN6CShellD1Ev
                0x0001ae50        0xc D:\LPCXpresso_7.7.2_379\workspace\uCXpresso.NRF\lib\libuCXpresso.NRF.a(shell.o)
                0x0001ae50                CShell::~CShell()
 .text._ZN6CShellD0Ev
                0x0001ae5c       0x12 D:\LPCXpresso_7.7.2_379\workspace\uCXpresso.NRF\lib\libuCXpresso.NRF.a(shell.o)
                0x0001ae5c                CShell::~CShell()
 .text._ZN6CShell3runEv
                0x0001ae6e       0x74 D:\LPCXpresso_7.7.2_379\workspace\uCXpresso.NRF\lib\libuCXpresso.NRF.a(shell.o)
                0x0001ae6e                CShell::run()
 *fill*         0x0001aee2        0x2 
 .text._ZN6CShell9show_taskEv
                0x0001aee4       0x68 D:\LPCXpresso_7.7.2_379\workspace\uCXpresso.NRF\lib\libuCXpresso.NRF.a(shell.o)
                0x0001aee4                CShell::show_task()
 .text._ZN6CShell7onDebugEv
                0x0001af4c       0x80 D:\LPCXpresso_7.7.2_379\workspace\uCXpresso.NRF\lib\libuCXpresso.NRF.a(shell.o)
                0x0001af4c                CShell::onDebug()
 .text.CSP_PUTC
                0x0001afcc        0xa D:\LPCXpresso_7.7.2_379\workspace\uCXpresso.NRF\lib\libuCXpresso.NRF.a(smallprintf.o)
                0x0001afcc                CSP_PUTC
 *fill*         0x0001afd6        0x2 
 .text._ZN12CSmallPrintfC2Ev
                0x0001afd8       0x18 D:\LPCXpresso_7.7.2_379\workspace\uCXpresso.NRF\lib\libuCXpresso.NRF.a(smallprintf.o)
                0x0001afd8                CSmallPrintf::CSmallPrintf()
                0x0001afd8                CSmallPrintf::CSmallPrintf()
 .text._ZN12CSmallPrintf6printfEPKcSt9__va_list
                0x0001aff0       0x20 D:\LPCXpresso_7.7.2_379\workspace\uCXpresso.NRF\lib\libuCXpresso.NRF.a(smallprintf.o)
                0x0001aff0                CSmallPrintf::printf(char const*, std::__va_list)
 .text._ZN12CSmallPrintf6printfEPKcz
                0x0001b010       0x2c D:\LPCXpresso_7.7.2_379\workspace\uCXpresso.NRF\lib\libuCXpresso.NRF.a(smallprintf.o)
                0x0001b010                CSmallPrintf::printf(char const*, ...)
 .text._ZN12CSmallPrintf4putvEi
                0x0001b03c       0x28 D:\LPCXpresso_7.7.2_379\workspace\uCXpresso.NRF\lib\libuCXpresso.NRF.a(smallprintf.o)
                0x0001b03c                CSmallPrintf::putv(int)
 .text._ZN12CSmallPrintf4putvEj
                0x0001b064       0x24 D:\LPCXpresso_7.7.2_379\workspace\uCXpresso.NRF\lib\libuCXpresso.NRF.a(smallprintf.o)
                0x0001b064                CSmallPrintf::putv(unsigned int)
 .text._ZN12CSmallPrintf4putvEd
                0x0001b088       0x3c D:\LPCXpresso_7.7.2_379\workspace\uCXpresso.NRF\lib\libuCXpresso.NRF.a(smallprintf.o)
                0x0001b088                CSmallPrintf::putv(double)
 .text.pstorage_access_wait
                0x0001b0c4       0x24 D:\LPCXpresso_7.7.2_379\workspace\uCXpresso.NRF\lib\libuCXpresso.NRF.a(storage.o)
                0x0001b0c4                pstorage_access_wait
 .text._ZN8CStorage11access_waitEv
                0x0001b0e8        0x8 D:\LPCXpresso_7.7.2_379\workspace\uCXpresso.NRF\lib\libuCXpresso.NRF.a(storage.o)
                0x0001b0e8                CStorage::access_wait()
 .text._ZN7CStream4readEv
                0x0001b0f0       0x1c D:\LPCXpresso_7.7.2_379\workspace\uCXpresso.NRF\lib\libuCXpresso.NRF.a(stream.o)
                0x0001b0f0                CStream::read()
 .text._ZN7CStream5writeEh
                0x0001b10c       0x18 D:\LPCXpresso_7.7.2_379\workspace\uCXpresso.NRF\lib\libuCXpresso.NRF.a(stream.o)
                0x0001b10c                CStream::write(unsigned char)
 .text._ZN7CStream11parseStringEPcjb
                0x0001b124       0x3e D:\LPCXpresso_7.7.2_379\workspace\uCXpresso.NRF\lib\libuCXpresso.NRF.a(stream.o)
                0x0001b124                CStream::parseString(char*, unsigned int, bool)
 .text._ZN7CStream8readableEv
                0x0001b162        0xa D:\LPCXpresso_7.7.2_379\workspace\uCXpresso.NRF\lib\libuCXpresso.NRF.a(stream.o)
                0x0001b162                CStream::readable()
 .text._ZN7CStream9writeableEv
                0x0001b16c        0xa D:\LPCXpresso_7.7.2_379\workspace\uCXpresso.NRF\lib\libuCXpresso.NRF.a(stream.o)
                0x0001b16c                CStream::writeable()
 .text._ZN7CStream5flushEv
                0x0001b176       0x14 D:\LPCXpresso_7.7.2_379\workspace\uCXpresso.NRF\lib\libuCXpresso.NRF.a(stream.o)
                0x0001b176                CStream::flush()
 .text._ZN7CStreamC2Ejj
                0x0001b18a       0x68 D:\LPCXpresso_7.7.2_379\workspace\uCXpresso.NRF\lib\libuCXpresso.NRF.a(stream.o)
                0x0001b18a                CStream::CStream(unsigned int, unsigned int)
 *fill*         0x0001b1f2        0x2 
 .text._ZN7CStreamD4Ev
                0x0001b1f4       0x74 D:\LPCXpresso_7.7.2_379\workspace\uCXpresso.NRF\lib\libuCXpresso.NRF.a(stream.o)
 .text._ZN7CStreamD2Ev
                0x0001b268        0xc D:\LPCXpresso_7.7.2_379\workspace\uCXpresso.NRF\lib\libuCXpresso.NRF.a(stream.o)
                0x0001b268                CStream::~CStream()
 .text._ZN7CStream4readEPvim
                0x0001b274       0x4c D:\LPCXpresso_7.7.2_379\workspace\uCXpresso.NRF\lib\libuCXpresso.NRF.a(stream.o)
                0x0001b274                CStream::read(void*, int, unsigned long)
 .text._ZN7CStream5writeEPKvim
                0x0001b2c0       0x5a D:\LPCXpresso_7.7.2_379\workspace\uCXpresso.NRF\lib\libuCXpresso.NRF.a(stream.o)
                0x0001b2c0                CStream::write(void const*, int, unsigned long)
 .text._ZN7CStream11waitTxEmptyEm
                0x0001b31a       0x26 D:\LPCXpresso_7.7.2_379\workspace\uCXpresso.NRF\lib\libuCXpresso.NRF.a(stream.o)
                0x0001b31a                CStream::waitTxEmpty(unsigned long)
 .text._ZN7CStream10parseFloatEb
                0x0001b340       0x62 D:\LPCXpresso_7.7.2_379\workspace\uCXpresso.NRF\lib\libuCXpresso.NRF.a(stream.o)
                0x0001b340                CStream::parseFloat(bool)
 .text._ZN7CStream8parseHexEb
                0x0001b3a2       0x5a D:\LPCXpresso_7.7.2_379\workspace\uCXpresso.NRF\lib\libuCXpresso.NRF.a(stream.o)
                0x0001b3a2                CStream::parseHex(bool)
 .text._ZN7CStream8parseIntEb
                0x0001b3fc       0x5e D:\LPCXpresso_7.7.2_379\workspace\uCXpresso.NRF\lib\libuCXpresso.NRF.a(stream.o)
                0x0001b3fc                CStream::parseInt(bool)
 .text._ZN7CStringdeEv
                0x0001b45a        0xc D:\LPCXpresso_7.7.2_379\workspace\uCXpresso.NRF\lib\libuCXpresso.NRF.a(string.o)
                0x0001b45a                CString::operator*()
 .text._ZN7CStringcvPKcEv
                0x0001b466        0xc D:\LPCXpresso_7.7.2_379\workspace\uCXpresso.NRF\lib\libuCXpresso.NRF.a(string.o)
                0x0001b466                CString::operator char const*()
 .text._ZN7CString4getcEv
                0x0001b472        0x4 D:\LPCXpresso_7.7.2_379\workspace\uCXpresso.NRF\lib\libuCXpresso.NRF.a(string.o)
                0x0001b472                CString::getc()
 .text._ZN7CString4getsEv
                0x0001b476        0xc D:\LPCXpresso_7.7.2_379\workspace\uCXpresso.NRF\lib\libuCXpresso.NRF.a(string.o)
                0x0001b476                CString::gets()
 .text._ZN7CString4freeEv
                0x0001b482        0x2 D:\LPCXpresso_7.7.2_379\workspace\uCXpresso.NRF\lib\libuCXpresso.NRF.a(string.o)
                0x0001b482                CString::free()
 .text._ZN7CString10getBufSizeEv
                0x0001b484        0x6 D:\LPCXpresso_7.7.2_379\workspace\uCXpresso.NRF\lib\libuCXpresso.NRF.a(string.o)
                0x0001b484                CString::getBufSize()
 .text._ZN7CString9getBufferEb
                0x0001b48a       0x18 D:\LPCXpresso_7.7.2_379\workspace\uCXpresso.NRF\lib\libuCXpresso.NRF.a(string.o)
                0x0001b48a                CString::getBuffer(bool)
 .text._ZN7CString9chkLengthEv
                0x0001b4a2       0x24 D:\LPCXpresso_7.7.2_379\workspace\uCXpresso.NRF\lib\libuCXpresso.NRF.a(string.o)
                0x0001b4a2                CString::chkLength()
 .text._ZN7CString6lengthEv
                0x0001b4c6        0x4 D:\LPCXpresso_7.7.2_379\workspace\uCXpresso.NRF\lib\libuCXpresso.NRF.a(string.o)
                0x0001b4c6                CString::length()
 .text._ZN7CString7restartEv
                0x0001b4ca        0xa D:\LPCXpresso_7.7.2_379\workspace\uCXpresso.NRF\lib\libuCXpresso.NRF.a(string.o)
                0x0001b4ca                CString::restart()
 .text._ZN7CString5getAtEi
                0x0001b4d4       0x10 D:\LPCXpresso_7.7.2_379\workspace\uCXpresso.NRF\lib\libuCXpresso.NRF.a(string.o)
                0x0001b4d4                CString::getAt(int)
 .text._ZN7CString5setAtEic
                0x0001b4e4       0x14 D:\LPCXpresso_7.7.2_379\workspace\uCXpresso.NRF\lib\libuCXpresso.NRF.a(string.o)
                0x0001b4e4                CString::setAt(int, char)
 .text._ZN7CString9makeUpperEv
                0x0001b4f8       0x30 D:\LPCXpresso_7.7.2_379\workspace\uCXpresso.NRF\lib\libuCXpresso.NRF.a(string.o)
                0x0001b4f8                CString::makeUpper()
 .text._ZN7CString9makeLowerEv
                0x0001b528       0x30 D:\LPCXpresso_7.7.2_379\workspace\uCXpresso.NRF\lib\libuCXpresso.NRF.a(string.o)
                0x0001b528                CString::makeLower()
 .text._ZN7CString4findEPKci
                0x0001b558       0x32 D:\LPCXpresso_7.7.2_379\workspace\uCXpresso.NRF\lib\libuCXpresso.NRF.a(string.o)
                0x0001b558                CString::find(char const*, int)
 .text._ZN7CString4findEPKPKcii
                0x0001b58a       0x32 D:\LPCXpresso_7.7.2_379\workspace\uCXpresso.NRF\lib\libuCXpresso.NRF.a(string.o)
                0x0001b58a                CString::find(char const* const*, int, int)
 .text._ZN7CString6findICEPKci
                0x0001b5bc       0x46 D:\LPCXpresso_7.7.2_379\workspace\uCXpresso.NRF\lib\libuCXpresso.NRF.a(string.o)
                0x0001b5bc                CString::findIC(char const*, int)
 .text._ZN7CString4findEci
                0x0001b602       0x1e D:\LPCXpresso_7.7.2_379\workspace\uCXpresso.NRF\lib\libuCXpresso.NRF.a(string.o)
                0x0001b602                CString::find(char, int)
 .text._ZN7CStringixEi
                0x0001b620        0xa D:\LPCXpresso_7.7.2_379\workspace\uCXpresso.NRF\lib\libuCXpresso.NRF.a(string.o)
                0x0001b620                CString::operator[](int)
 .text._ZN7CStringaSERS_
                0x0001b62a        0xa D:\LPCXpresso_7.7.2_379\workspace\uCXpresso.NRF\lib\libuCXpresso.NRF.a(string.o)
                0x0001b62a                CString::operator=(CString&)
 .text._ZN7CStringplEc
                0x0001b634        0xe D:\LPCXpresso_7.7.2_379\workspace\uCXpresso.NRF\lib\libuCXpresso.NRF.a(string.o)
                0x0001b634                CString::operator+(char)
 .text._ZN7CStringpLEc
                0x0001b642        0xa D:\LPCXpresso_7.7.2_379\workspace\uCXpresso.NRF\lib\libuCXpresso.NRF.a(string.o)
                0x0001b642                CString::operator+=(char)
 .text._ZN7CString9uriDecodeEPKc
                0x0001b64c       0x50 D:\LPCXpresso_7.7.2_379\workspace\uCXpresso.NRF\lib\libuCXpresso.NRF.a(string.o)
                0x0001b64c                CString::uriDecode(char const*)
 .text._ZN7CString5clearEv
                0x0001b69c       0x2a D:\LPCXpresso_7.7.2_379\workspace\uCXpresso.NRF\lib\libuCXpresso.NRF.a(string.o)
                0x0001b69c                CString::clear()
 .text._ZN7CString4copyEPKci
                0x0001b6c6       0x36 D:\LPCXpresso_7.7.2_379\workspace\uCXpresso.NRF\lib\libuCXpresso.NRF.a(string.o)
                0x0001b6c6                CString::copy(char const*, int)
 .text._ZN7CStringplEPKc
                0x0001b6fc       0x36 D:\LPCXpresso_7.7.2_379\workspace\uCXpresso.NRF\lib\libuCXpresso.NRF.a(string.o)
                0x0001b6fc                CString::operator+(char const*)
 .text._ZN7CStringpLEPKc
                0x0001b732       0x34 D:\LPCXpresso_7.7.2_379\workspace\uCXpresso.NRF\lib\libuCXpresso.NRF.a(string.o)
                0x0001b732                CString::operator+=(char const*)
 .text._ZN7CString5allocEi
                0x0001b766       0x30 D:\LPCXpresso_7.7.2_379\workspace\uCXpresso.NRF\lib\libuCXpresso.NRF.a(string.o)
                0x0001b766                CString::alloc(int)
 .text._ZN7CString7reallocEi
                0x0001b796       0x54 D:\LPCXpresso_7.7.2_379\workspace\uCXpresso.NRF\lib\libuCXpresso.NRF.a(string.o)
                0x0001b796                CString::realloc(int)
 .text._ZN7CString9freeExtraEv
                0x0001b7ea       0x24 D:\LPCXpresso_7.7.2_379\workspace\uCXpresso.NRF\lib\libuCXpresso.NRF.a(string.o)
                0x0001b7ea                CString::freeExtra()
 .text._ZN7CString11makeReverseEv
                0x0001b80e       0x1e D:\LPCXpresso_7.7.2_379\workspace\uCXpresso.NRF\lib\libuCXpresso.NRF.a(string.o)
                0x0001b80e                CString::makeReverse()
 .text._ZN7CString8parseIntEi
                0x0001b82c        0xe D:\LPCXpresso_7.7.2_379\workspace\uCXpresso.NRF\lib\libuCXpresso.NRF.a(string.o)
                0x0001b82c                CString::parseInt(int)
 .text._ZN7CString8parseHexEi
                0x0001b83a        0xe D:\LPCXpresso_7.7.2_379\workspace\uCXpresso.NRF\lib\libuCXpresso.NRF.a(string.o)
                0x0001b83a                CString::parseHex(int)
 .text._ZN7CString10parseFloatEi
                0x0001b848        0xc D:\LPCXpresso_7.7.2_379\workspace\uCXpresso.NRF\lib\libuCXpresso.NRF.a(string.o)
                0x0001b848                CString::parseFloat(int)
 .text._ZN7CStringeqERS_
                0x0001b854       0x1e D:\LPCXpresso_7.7.2_379\workspace\uCXpresso.NRF\lib\libuCXpresso.NRF.a(string.o)
                0x0001b854                CString::operator==(CString&)
 .text._ZN7CStringeqEPKc
                0x0001b872       0x28 D:\LPCXpresso_7.7.2_379\workspace\uCXpresso.NRF\lib\libuCXpresso.NRF.a(string.o)
                0x0001b872                CString::operator==(char const*)
 .text._ZN7CStringpLEm